Archive member included because of file (symbol)

C:\ti\tirtos_msp43x_2_12_01_33\products\uia_2_00_02_39\packages\ti\uia\loggers\lib\release\ti.uia.loggers.am4fg(LoggerStopMode.om4fg)
                              C:\Users\Sam\workspace_v6_1\Octanis1-Mainboard-Firmware_MSP_EXP432P401RLP\Debug\configPkg\package\cfg\app_pm4fg.om4fg (ti_uia_loggers_LoggerStopMode_flush__E)
C:/ti/tirtos_msp43x_2_12_01_33/packages/ti/drivers/lib/drivers_MSP432P401R_instrumented.am4fg(GPIOMSP432.om4fg)
                              ./MSP_EXP432P401RLP.o (GPIO_init)
C:/ti/tirtos_msp43x_2_12_01_33/packages/ti/drivers/lib/drivers_MSP432P401R_instrumented.am4fg(I2C.om4fg)
                              ./MSP_EXP432P401RLP.o (I2C_init)
C:/ti/tirtos_msp43x_2_12_01_33/packages/ti/drivers/lib/drivers_MSP432P401R_instrumented.am4fg(I2CMSP432.om4fg)
                              ./MSP_EXP432P401RLP.o (I2CMSP432_fxnTable)
C:/ti/tirtos_msp43x_2_12_01_33/packages/ti/drivers/lib/drivers_MSP432P401R_instrumented.am4fg(PWM.om4fg)
                              ./MSP_EXP432P401RLP.o (PWM_init)
C:/ti/tirtos_msp43x_2_12_01_33/packages/ti/drivers/lib/drivers_MSP432P401R_instrumented.am4fg(PWMTimerMSP432.om4fg)
                              ./MSP_EXP432P401RLP.o (PWMTimerMSP432_fxnTable)
C:/ti/tirtos_msp43x_2_12_01_33/packages/ti/drivers/lib/drivers_MSP432P401R_instrumented.am4fg(SDSPI.om4fg)
                              ./MSP_EXP432P401RLP.o (SDSPI_init)
C:/ti/tirtos_msp43x_2_12_01_33/packages/ti/drivers/lib/drivers_MSP432P401R_instrumented.am4fg(SDSPIMSP432.om4fg)
                              ./MSP_EXP432P401RLP.o (SDSPIMSP432_fxnTable)
C:/ti/tirtos_msp43x_2_12_01_33/packages/ti/drivers/lib/drivers_MSP432P401R_instrumented.am4fg(SPI.om4fg)
                              ./MSP_EXP432P401RLP.o (SPI_init)
C:/ti/tirtos_msp43x_2_12_01_33/packages/ti/drivers/lib/drivers_MSP432P401R_instrumented.am4fg(SPIMSP432DMA.om4fg)
                              ./MSP_EXP432P401RLP.o (SPIMSP432DMA_fxnTable)
C:/ti/tirtos_msp43x_2_12_01_33/packages/ti/drivers/lib/drivers_MSP432P401R_instrumented.am4fg(UART.om4fg)
                              ./fw/peripherals/hal/ublox_6.o (UART_close)
C:/ti/tirtos_msp43x_2_12_01_33/packages/ti/drivers/lib/drivers_MSP432P401R_instrumented.am4fg(UARTMSP432.om4fg)
                              ./MSP_EXP432P401RLP.o (UARTMSP432_fxnTable)
C:/ti/tirtos_msp43x_2_12_01_33/packages/ti/drivers/lib/drivers_MSP432P401R_instrumented.am4fg(RingBuf.om4fg)
                              C:/ti/tirtos_msp43x_2_12_01_33/packages/ti/drivers/lib/drivers_MSP432P401R_instrumented.am4fg(UARTMSP432.om4fg) (RingBuf_construct)
C:/ti/tirtos_msp43x_2_12_01_33/packages/ti/drivers/lib/drivers_MSP432P401R_instrumented.am4fg(Watchdog.om4fg)
                              ./MSP_EXP432P401RLP.o (Watchdog_init)
C:/ti/tirtos_msp43x_2_12_01_33/packages/ti/drivers/lib/drivers_MSP432P401R_instrumented.am4fg(WatchdogMSP432.om4fg)
                              ./MSP_EXP432P401RLP.o (WatchdogMSP432_fxnTable)
C:/ti/tirtos_msp43x_2_12_01_33/packages/ti/drivers/lib/drivers_MSP432P401R_instrumented.am4fg(PowerMSP432.om4fg)
                              C:/ti/tirtos_msp43x_2_12_01_33/packages/ti/drivers/lib/drivers_MSP432P401R_instrumented.am4fg(I2CMSP432.om4fg) (Power_getPerformanceLevel)
C:/ti/tirtos_msp43x_2_12_01_33/packages/ti/drivers/lib/drivers_MSP432P401R_instrumented.am4fg(PowerMSP432_tirtos.om4fg)
                              ./MSP_EXP432P401RLP.o (PowerMSP432_policyFxn)
C:/ti/tirtos_msp43x_2_12_01_33/packages/ti/drivers/ports/tirtos/lib/tirtosport.am4fg(ClockP_tirtos.om4fg)
                              C:/ti/tirtos_msp43x_2_12_01_33/packages/ti/drivers/lib/drivers_MSP432P401R_instrumented.am4fg(UARTMSP432.om4fg) (ClockP_create)
C:/ti/tirtos_msp43x_2_12_01_33/packages/ti/drivers/ports/tirtos/lib/tirtosport.am4fg(DebugP_tirtos.om4fg)
                              C:/ti/tirtos_msp43x_2_12_01_33/packages/ti/drivers/lib/drivers_MSP432P401R_instrumented.am4fg(GPIOMSP432.om4fg) (_DebugP_assert)
C:/ti/tirtos_msp43x_2_12_01_33/packages/ti/drivers/ports/tirtos/lib/tirtosport.am4fg(HwiP_tirtos.om4fg)
                              C:/ti/tirtos_msp43x_2_12_01_33/packages/ti/drivers/lib/drivers_MSP432P401R_instrumented.am4fg(GPIOMSP432.om4fg) (HwiP_create)
C:/ti/tirtos_msp43x_2_12_01_33/packages/ti/drivers/ports/tirtos/lib/tirtosport.am4fg(ListP.om4fg)
                              C:/ti/tirtos_msp43x_2_12_01_33/packages/ti/drivers/lib/drivers_MSP432P401R_instrumented.am4fg(PowerMSP432.om4fg) (ListP_head)
C:/ti/tirtos_msp43x_2_12_01_33/packages/ti/drivers/ports/tirtos/lib/tirtosport.am4fg(SemaphoreP_tirtos.om4fg)
                              C:/ti/tirtos_msp43x_2_12_01_33/packages/ti/drivers/lib/drivers_MSP432P401R_instrumented.am4fg(I2CMSP432.om4fg) (SemaphoreP_create)
C:\ti\tirtos_msp43x_2_12_01_33\products\bios_6_41_04_54\packages\ti\sysbios\fatfs\lib\release\ti.sysbios.fatfs.am4fg(ff.om4fg)
[...]
Memory Configuration

Name             Origin             Length             Attributes
MAIN_FLASH       0x00000000         0x00040000         xr
INFO_FLASH       0x00200000         0x00004000         xr
SRAM_CODE        0x01000000         0x00010000         xrw
SRAM_DATA        0x20000000         0x00010000         rw
*default*        0x00000000         0xffffffff

Linker script and memory map

LOAD ./MSP_EXP432P401RLP.o
LOAD ./fw/tests/minunit.o
LOAD ./fw/peripherals/compass.o
LOAD ./fw/peripherals/flash.o
LOAD ./fw/peripherals/gps.o
LOAD ./fw/peripherals/imu.o
LOAD ./fw/peripherals/motor.o
LOAD ./fw/peripherals/radio.o
LOAD ./fw/peripherals/rockblock.o
LOAD ./fw/peripherals/sonar.o
LOAD ./fw/peripherals/strut.o
LOAD ./fw/peripherals/weather.o
LOAD ./fw/peripherals/wheel.o
LOAD ./fw/peripherals/hal/mpu6050.o
LOAD ./fw/peripherals/hal/ublox_6.o
LOAD ./fw/nav/drive.o
LOAD ./fw/nav/map.o
LOAD ./fw/nav/path.o
LOAD ./fw/nav/pose.o
LOAD ./fw/main.o
LOAD ./fw/lib/printf.o
LOAD ./fw/lib/minmea/minmea.o
LOAD ./fw/core/cli.o
LOAD ./fw/core/log.o
                0x00000000                PROVIDE (_intvecs_base_address, 0x0)

.intvecs        0x00000000       0x3c
 *(.intvecs)
 .intvecs       0x00000000       0x3c C:\Users\Sam\workspace_v6_1\Octanis1-Mainboard-Firmware_MSP_EXP432P401RLP\Debug\configPkg\package\cfg\app_pm4fg.om4fg
                0x00000000                ti_sysbios_family_arm_m3_Hwi_resetVectors
                0x20000000                PROVIDE (_vtable_base_address, 0x20000000)

.vtable         0x20000000      0x140
 *(.vtable)
 .vtable        0x20000000      0x140 C:\Users\Sam\workspace_v6_1\Octanis1-Mainboard-Firmware_MSP_EXP432P401RLP\Debug\configPkg\package\cfg\app_pm4fg.om4fg
                0x20000000                ti_sysbios_family_arm_m3_Hwi_ramVectors

.text           0x00000040     0xe290
 CREATE_OBJECT_SYMBOLS
 *(.text)
 .text          0x00000040        0x0 ./MSP_EXP432P401RLP.o
 .text          0x00000040        0x0 ./fw/tests/minunit.o
 .text          0x00000040        0x0 ./fw/peripherals/compass.o
 .text          0x00000040        0x0 ./fw/peripherals/flash.o
 .text          0x00000040        0x0 ./fw/peripherals/gps.o
 .text          0x00000040        0x0 ./fw/peripherals/imu.o
 .text          0x00000040        0x0 ./fw/peripherals/motor.o
 .text          0x00000040        0x0 ./fw/peripherals/radio.o
 .text          0x00000040        0x0 ./fw/peripherals/rockblock.o
 .text          0x00000040        0x0 ./fw/peripherals/sonar.o
 .text          0x00000040        0x0 ./fw/peripherals/strut.o
 .text          0x00000040        0x0 ./fw/peripherals/weather.o
 .text          0x00000040        0x0 ./fw/peripherals/wheel.o
 .text          0x00000040        0x0 ./fw/peripherals/hal/mpu6050.o
 .text          0x00000040        0x0 ./fw/peripherals/hal/ublox_6.o
 .text          0x00000040        0x0 ./fw/nav/drive.o
 .text          0x00000040        0x0 ./fw/nav/map.o
 .text          0x00000040        0x0 ./fw/nav/path.o
 .text          0x00000040        0x0 ./fw/nav/pose.o
 .text          0x00000040        0x0 ./fw/main.o
 .text          0x00000040        0x0 ./fw/lib/printf.o
 .text          0x00000040        0x0 ./fw/lib/minmea/minmea.o
 .text          0x00000040        0x0 ./fw/core/cli.o
 .text          0x00000040        0x0 ./fw/core/log.o
 .text          0x00000040        0x0 C:\Users\Sam\workspace_v6_1\Octanis1-Mainboard-Firmware_MSP_EXP432P401RLP\Debug\configPkg\package\cfg\app_pm4fg.om4fg
 .text          0x00000040        0x0 C:\ti\tirtos_msp43x_2_12_01_33\products\uia_2_00_02_39\packages\ti\uia\loggers\lib\release\ti.uia.loggers.am4fg(LoggerStopMode.om4fg)
 .text          0x00000040        0x0 C:/ti/tirtos_msp43x_2_12_01_33/packages/ti/drivers/lib/drivers_MSP432P401R_instrumented.am4fg(GPIOMSP432.om4fg)
 .text          0x00000040        0x0 C:/ti/tirtos_msp43x_2_12_01_33/packages/ti/drivers/lib/drivers_MSP432P401R_instrumented.am4fg(I2C.om4fg)
 .text          0x00000040        0x0 C:/ti/tirtos_msp43x_2_12_01_33/packages/ti/drivers/lib/drivers_MSP432P401R_instrumented.am4fg(I2CMSP432.om4fg)
 .text          0x00000040        0x0 C:/ti/tirtos_msp43x_2_12_01_33/packages/ti/drivers/lib/drivers_MSP432P401R_instrumented.am4fg(PWM.om4fg)
 .text          0x00000040        0x0 C:/ti/tirtos_msp43x_2_12_01_33/packages/ti/drivers/lib/drivers_MSP432P401R_instrumented.am4fg(PWMTimerMSP432.om4fg)
 .text          0x00000040        0x0 C:/ti/tirtos_msp43x_2_12_01_33/packages/ti/drivers/lib/drivers_MSP432P401R_instrumented.am4fg(SDSPI.om4fg)
 .text          0x00000040        0x0 C:/ti/tirtos_msp43x_2_12_01_33/packages/ti/drivers/lib/drivers_MSP432P401R_instrumented.am4fg(SDSPIMSP432.om4fg)
 .text          0x00000040        0x0 C:/ti/tirtos_msp43x_2_12_01_33/packages/ti/drivers/lib/drivers_MSP432P401R_instrumented.am4fg(SPI.om4fg)
 .text          0x00000040        0x0 C:/ti/tirtos_msp43x_2_12_01_33/packages/ti/drivers/lib/drivers_MSP432P401R_instrumented.am4fg(SPIMSP432DMA.om4fg)
 .text          0x00000040        0x0 C:/ti/tirtos_msp43x_2_12_01_33/packages/ti/drivers/lib/drivers_MSP432P401R_instrumented.am4fg(UART.om4fg)
 .text          0x00000040        0x0 C:/ti/tirtos_msp43x_2_12_01_33/packages/ti/drivers/lib/drivers_MSP432P401R_instrumented.am4fg(UARTMSP432.om4fg)
 .text          0x00000040        0x0 C:/ti/tirtos_msp43x_2_12_01_33/packages/ti/drivers/lib/drivers_MSP432P401R_instrumented.am4fg(RingBuf.om4fg)
 .text          0x00000040        0x0 C:/ti/tirtos_msp43x_2_12_01_33/packages/ti/drivers/lib/drivers_MSP432P401R_instrumented.am4fg(Watchdog.om4fg)
 .text          0x00000040        0x0 C:/ti/tirtos_msp43x_2_12_01_33/packages/ti/drivers/lib/drivers_MSP432P401R_instrumented.am4fg(WatchdogMSP432.om4fg)
 .text          0x00000040        0x0 C:/ti/tirtos_msp43x_2_12_01_33/packages/ti/drivers/lib/drivers_MSP432P401R_instrumented.am4fg(PowerMSP432.om4fg)
 .text          0x00000040        0x0 C:/ti/tirtos_msp43x_2_12_01_33/packages/ti/drivers/lib/drivers_MSP432P401R_instrumented.am4fg(PowerMSP432_tirtos.om4fg)
 .text          0x00000040        0x0 C:/ti/tirtos_msp43x_2_12_01_33/packages/ti/drivers/ports/tirtos/lib/tirtosport.am4fg(ClockP_tirtos.om4fg)
 .text          0x00000040        0x0 C:/ti/tirtos_msp43x_2_12_01_33/packages/ti/drivers/ports/tirtos/lib/tirtosport.am4fg(DebugP_tirtos.om4fg)
 .text          0x00000040        0x0 C:/ti/tirtos_msp43x_2_12_01_33/packages/ti/drivers/ports/tirtos/lib/tirtosport.am4fg(HwiP_tirtos.om4fg)
 .text          0x00000040        0x0 C:/ti/tirtos_msp43x_2_12_01_33/packages/ti/drivers/ports/tirtos/lib/tirtosport.am4fg(ListP.om4fg)
 .text          0x00000040        0x0 C:/ti/tirtos_msp43x_2_12_01_33/packages/ti/drivers/ports/tirtos/lib/tirtosport.am4fg(SemaphoreP_tirtos.om4fg)
 .text          0x00000040        0x0 C:\ti\tirtos_msp43x_2_12_01_33\products\bios_6_41_04_54\packages\ti\sysbios\fatfs\lib\release\ti.sysbios.fatfs.am4fg(ff.om4fg)
 .text          0x00000040        0x0 C:\ti\tirtos_msp43x_2_12_01_33\products\bios_6_41_04_54\packages\ti\sysbios\fatfs\lib\release\ti.sysbios.fatfs.am4fg(diskio.om4fg)
 .text          0x00000040        0x0 C:\ti\tirtos_msp43x_2_12_01_33\products\bios_6_41_04_54\packages\ti\sysbios\fatfs\lib\release\ti.sysbios.fatfs.am4fg(syncsysbios.om4fg)
 .text          0x00000040      0x13c C:\Users\Sam\workspace_v6_1\Octanis1-Mainboard-Firmware_MSP_EXP432P401RLP\src\sysbios\sysbios.am4fg(m3_Hwi_asm_gnu.o)
                0x00000040                ti_sysbios_family_arm_m3_Hwi_dispatch(int0_t)
                0x0000011c                ti_sysbios_family_arm_m3_Hwi_pendSV(int0_t)
                0x0000015c                ti_sysbios_family_arm_m3_Hwi_excHandlerAsm(int0_t)
 *fill*         0x0000017c        0x4 
 .text          0x00000180       0xa0 C:\Users\Sam\workspace_v6_1\Octanis1-Mainboard-Firmware_MSP_EXP432P401RLP\src\sysbios\sysbios.am4fg(m3_Hwi_asm_switch_gnu.o)
                0x0000019c                ti_sysbios_family_xxx_Hwi_switchAndRunFunc
                0x000001ba                ti_sysbios_family_arm_m3_Hwi_getTaskSP__E
                0x000001c0                ti_sysbios_family_arm_m3_Hwi_initStacks__E
 .text          0x00000220        0xa C:\Users\Sam\workspace_v6_1\Octanis1-Mainboard-Firmware_MSP_EXP432P401RLP\src\sysbios\sysbios.am4fg(m3_IntrinsicsSupport_asm_gnu.o)
                0x00000220                ti_sysbios_family_arm_m3_IntrinsicsSupport_maxbit__E
 *fill*         0x0000022a        0x6 
 .text          0x00000230       0xd0 C:\Users\Sam\workspace_v6_1\Octanis1-Mainboard-Firmware_MSP_EXP432P401RLP\src\sysbios\sysbios.am4fg(m3_TaskSupport_asm_gnu.o)
                0x00000230                ti_sysbios_family_arm_m3_TaskSupport_buildTaskStack
                0x000002bc                ti_sysbios_family_arm_m3_TaskSupport_swap__E
                0x000002c8                ti_sysbios_knl_Task_swapReturn
                0x000002e4                ti_sysbios_family_arm_m3_TaskSupport_glue
 .text          0x00000300        0x0 C:\Users\Sam\workspace_v6_1\Octanis1-Mainboard-Firmware_MSP_EXP432P401RLP\src\sysbios\sysbios.am4fg(_BIOS.o)
 .text          0x00000300        0x0 C:\Users\Sam\workspace_v6_1\Octanis1-Mainboard-Firmware_MSP_EXP432P401RLP\src\sysbios\sysbios.am4fg(knl_Clock.o)
 .text          0x00000300        0x0 C:\Users\Sam\workspace_v6_1\Octanis1-Mainboard-Firmware_MSP_EXP432P401RLP\src\sysbios\sysbios.am4fg(knl_Idle.o)
 .text          0x00000300        0x0 C:\Users\Sam\workspace_v6_1\Octanis1-Mainboard-Firmware_MSP_EXP432P401RLP\src\sysbios\sysbios.am4fg(knl_Event.o)
 .text          0x00000300        0x0 C:\Users\Sam\workspace_v6_1\Octanis1-Mainboard-Firmware_MSP_EXP432P401RLP\src\sysbios\sysbios.am4fg(knl_Queue.o)
 .text          0x00000300        0x0 C:\Users\Sam\workspace_v6_1\Octanis1-Mainboard-Firmware_MSP_EXP432P401RLP\src\sysbios\sysbios.am4fg(knl_Semaphore.o)
 .text          0x00000300        0x0 C:\Users\Sam\workspace_v6_1\Octanis1-Mainboard-Firmware_MSP_EXP432P401RLP\src\sysbios\sysbios.am4fg(knl_Swi.o)
 .text          0x00000300        0x0 C:\Users\Sam\workspace_v6_1\Octanis1-Mainboard-Firmware_MSP_EXP432P401RLP\src\sysbios\sysbios.am4fg(knl_Task.o)
 .text          0x00000300        0x0 C:\Users\Sam\workspace_v6_1\Octanis1-Mainboard-Firmware_MSP_EXP432P401RLP\src\sysbios\sysbios.am4fg(hal_Hwi.o)
 .text          0x00000300        0x0 C:\Users\Sam\workspace_v6_1\Octanis1-Mainboard-Firmware_MSP_EXP432P401RLP\src\sysbios\sysbios.am4fg(hal_Hwi_stack.o)
 .text          0x00000300        0x0 C:\Users\Sam\workspace_v6_1\Octanis1-Mainboard-Firmware_MSP_EXP432P401RLP\src\sysbios\sysbios.am4fg(hal_Hwi_startup.o)
 .text          0x00000300        0x0 C:\Users\Sam\workspace_v6_1\Octanis1-Mainboard-Firmware_MSP_EXP432P401RLP\src\sysbios\sysbios.am4fg(gnu_ReentSupport.o)
 .text          0x00000300        0x0 C:\Users\Sam\workspace_v6_1\Octanis1-Mainboard-Firmware_MSP_EXP432P401RLP\src\sysbios\sysbios.am4fg(gnu_SemiHostSupport.o)
 .text          0x00000300        0x0 C:\Users\Sam\workspace_v6_1\Octanis1-Mainboard-Firmware_MSP_EXP432P401RLP\src\sysbios\sysbios.am4fg(init_Boot.o)
 .text          0x00000300        0x0 C:\Users\Sam\workspace_v6_1\Octanis1-Mainboard-Firmware_MSP_EXP432P401RLP\src\sysbios\sysbios.am4fg(m3_Hwi.o)
 .text          0x00000300        0x0 C:\Users\Sam\workspace_v6_1\Octanis1-Mainboard-Firmware_MSP_EXP432P401RLP\src\sysbios\sysbios.am4fg(m3_TaskSupport.o)
 .text          0x00000300        0x0 C:\Users\Sam\workspace_v6_1\Octanis1-Mainboard-Firmware_MSP_EXP432P401RLP\src\sysbios\sysbios.am4fg(m3_Timer.o)
 .text          0x00000300        0x0 C:\Users\Sam\workspace_v6_1\Octanis1-Mainboard-Firmware_MSP_EXP432P401RLP\src\sysbios\sysbios.am4fg(m3_TimestampProvider.o)
 .text          0x00000300        0x0 C:\Users\Sam\workspace_v6_1\Octanis1-Mainboard-Firmware_MSP_EXP432P401RLP\src\sysbios\sysbios.am4fg(msp432_Timer.o)
 .text          0x00000300        0x0 C:\Users\Sam\workspace_v6_1\Octanis1-Mainboard-Firmware_MSP_EXP432P401RLP\src\sysbios\sysbios.am4fg(msp432_ClockFreqs.o)
 .text          0x00000300        0x0 C:\Users\Sam\workspace_v6_1\Octanis1-Mainboard-Firmware_MSP_EXP432P401RLP\src\sysbios\sysbios.am4fg(gates_GateHwi.o)
 .text          0x00000300        0x0 C:\Users\Sam\workspace_v6_1\Octanis1-Mainboard-Firmware_MSP_EXP432P401RLP\src\sysbios\sysbios.am4fg(gates_GateMutex.o)
 .text          0x00000300        0x0 C:\Users\Sam\workspace_v6_1\Octanis1-Mainboard-Firmware_MSP_EXP432P401RLP\src\sysbios\sysbios.am4fg(heaps_HeapMem.o)
 .text          0x00000300        0x0 C:\Users\Sam\workspace_v6_1\Octanis1-Mainboard-Firmware_MSP_EXP432P401RLP\src\sysbios\sysbios.am4fg(utils_Load.o)
 .text          0x00000300        0x0 C:\Users\Sam\workspace_v6_1\Octanis1-Mainboard-Firmware_MSP_EXP432P401RLP\src\sysbios\sysbios.am4fg(utils_Load_CPU.o)
 .text          0x00000300        0x0 C:\ti\tirtos_msp43x_2_12_01_33\products\uia_2_00_02_39\packages\ti\uia\runtime\lib\release\ti.uia.runtime.am4fg(QueueDescriptor.om4fg)
 .text          0x00000300        0x0 C:\ti\tirtos_msp43x_2_12_01_33\products\bios_6_41_04_54\packages\gnu\targets\arm\rtsv7M\lib\gnu.targets.arm.rtsv7M.am4fg(Assert.om4fg)
 .text          0x00000300        0x0 C:\ti\tirtos_msp43x_2_12_01_33\products\bios_6_41_04_54\packages\gnu\targets\arm\rtsv7M\lib\gnu.targets.arm.rtsv7M.am4fg(Core-mem.om4fg)
 .text          0x00000300        0x0 C:\ti\tirtos_msp43x_2_12_01_33\products\bios_6_41_04_54\packages\gnu\targets\arm\rtsv7M\lib\gnu.targets.arm.rtsv7M.am4fg(Core-smem.om4fg)
 .text          0x00000300        0x0 C:\ti\tirtos_msp43x_2_12_01_33\products\bios_6_41_04_54\packages\gnu\targets\arm\rtsv7M\lib\gnu.targets.arm.rtsv7M.am4fg(Core-label.om4fg)
 .text          0x00000300        0x0 C:\ti\tirtos_msp43x_2_12_01_33\products\bios_6_41_04_54\packages\gnu\targets\arm\rtsv7M\lib\gnu.targets.arm.rtsv7M.am4fg(Core-params.om4fg)
 .text          0x00000300        0x0 C:\ti\tirtos_msp43x_2_12_01_33\products\bios_6_41_04_54\packages\gnu\targets\arm\rtsv7M\lib\gnu.targets.arm.rtsv7M.am4fg(Error.om4fg)
 .text          0x00000300        0x0 C:\ti\tirtos_msp43x_2_12_01_33\products\bios_6_41_04_54\packages\gnu\targets\arm\rtsv7M\lib\gnu.targets.arm.rtsv7M.am4fg(Gate.om4fg)
 .text          0x00000300        0x0 C:\ti\tirtos_msp43x_2_12_01_33\products\bios_6_41_04_54\packages\gnu\targets\arm\rtsv7M\lib\gnu.targets.arm.rtsv7M.am4fg(Memory.om4fg)
 .text          0x00000300        0x0 C:\ti\tirtos_msp43x_2_12_01_33\products\bios_6_41_04_54\packages\gnu\targets\arm\rtsv7M\lib\gnu.targets.arm.rtsv7M.am4fg(Startup.om4fg)
 .text          0x00000300        0x0 C:\ti\tirtos_msp43x_2_12_01_33\products\bios_6_41_04_54\packages\gnu\targets\arm\rtsv7M\lib\gnu.targets.arm.rtsv7M.am4fg(System.om4fg)
 .text          0x00000300        0x0 C:\ti\tirtos_msp43x_2_12_01_33\products\bios_6_41_04_54\packages\gnu\targets\arm\rtsv7M\lib\gnu.targets.arm.rtsv7M.am4fg(SysMin.om4fg)
 .text          0x00000300        0x0 C:\ti\tirtos_msp43x_2_12_01_33\products\bios_6_41_04_54\packages\gnu\targets\arm\rtsv7M\lib\gnu.targets.arm.rtsv7M.am4fg(Text.om4fg)
 .text          0x00000300        0x0 C:\ti\tirtos_msp43x_2_12_01_33\products\bios_6_41_04_54\packages\gnu\targets\arm\rtsv7M\lib\gnu.targets.arm.rtsv7M.am4fg(Timestamp.om4fg)
 .text          0x00000300        0x0 C:\ti\tirtos_msp43x_2_12_01_33\products\bios_6_41_04_54\packages\gnu\targets\arm\rtsv7M\lib\gnu.targets.arm.rtsv7M.am4fg(xdc_noinit.om4fg)
 .text          0x00000300        0x0 C:\ti\tirtos_msp43x_2_12_01_33\products\bios_6_41_04_54\packages\gnu\targets\arm\rtsv7M\lib\gnu.targets.arm.rtsv7M.am4fg(Registry.om4fg)
 .text          0x00000300        0x0 C:\ti\tirtos_msp43x_2_12_01_33\products\bios_6_41_04_54\packages\gnu\targets\arm\rtsv7M\lib\boot.am4fg(boot.om4fg)
 .text          0x00000300        0x0 C:\ti\tirtos_msp43x_2_12_01_33\products\bios_6_41_04_54\packages\gnu\targets\arm\rtsv7M\lib\boot.am4fg(startup.om4fg)
 .text          0x00000300        0x0 C:\ti\tirtos_msp43x_2_12_01_33\products\bios_6_41_04_54\packages\gnu\targets\arm\rtsv7M\lib\syscalls.am4fg(syscalls.om4fg)
 .text          0x00000300        0x0 C:/ti/tirtos_msp43x_2_12_01_33/products/MSPWare_2_00_00_40a/driverlib/MSP432P4xx/gcc\msp432p4xx_driverlib.a(cpu.o)
 .text          0x00000300        0x0 C:/ti/tirtos_msp43x_2_12_01_33/products/MSPWare_2_00_00_40a/driverlib/MSP432P4xx/gcc\msp432p4xx_driverlib.a(cs.o)
 .text          0x00000300        0x0 C:/ti/tirtos_msp43x_2_12_01_33/products/MSPWare_2_00_00_40a/driverlib/MSP432P4xx/gcc\msp432p4xx_driverlib.a(dma.o)
 .text          0x00000300        0x0 C:/ti/tirtos_msp43x_2_12_01_33/products/MSPWare_2_00_00_40a/driverlib/MSP432P4xx/gcc\msp432p4xx_driverlib.a(flash.o)
 .text          0x00000300        0x0 C:/ti/tirtos_msp43x_2_12_01_33/products/MSPWare_2_00_00_40a/driverlib/MSP432P4xx/gcc\msp432p4xx_driverlib.a(gpio.o)
 .text          0x00000300        0x0 C:/ti/tirtos_msp43x_2_12_01_33/products/MSPWare_2_00_00_40a/driverlib/MSP432P4xx/gcc\msp432p4xx_driverlib.a(i2c.o)
 .text          0x00000300        0x0 C:/ti/tirtos_msp43x_2_12_01_33/products/MSPWare_2_00_00_40a/driverlib/MSP432P4xx/gcc\msp432p4xx_driverlib.a(interrupt.o)
 .text          0x00000300        0x0 C:/ti/tirtos_msp43x_2_12_01_33/products/MSPWare_2_00_00_40a/driverlib/MSP432P4xx/gcc\msp432p4xx_driverlib.a(pmap.o)
 .text          0x00000300        0x0 C:/ti/tirtos_msp43x_2_12_01_33/products/MSPWare_2_00_00_40a/driverlib/MSP432P4xx/gcc\msp432p4xx_driverlib.a(pcm.o)
 .text          0x00000300        0x0 C:/ti/tirtos_msp43x_2_12_01_33/products/MSPWare_2_00_00_40a/driverlib/MSP432P4xx/gcc\msp432p4xx_driverlib.a(rtc_c.o)
 .text          0x00000300        0x0 C:/ti/tirtos_msp43x_2_12_01_33/products/MSPWare_2_00_00_40a/driverlib/MSP432P4xx/gcc\msp432p4xx_driverlib.a(spi.o)
 .text          0x00000300        0x0 C:/ti/tirtos_msp43x_2_12_01_33/products/MSPWare_2_00_00_40a/driverlib/MSP432P4xx/gcc\msp432p4xx_driverlib.a(sysctl.o)
 .text          0x00000300        0x0 C:/ti/tirtos_msp43x_2_12_01_33/products/MSPWare_2_00_00_40a/driverlib/MSP432P4xx/gcc\msp432p4xx_driverlib.a(timer_a.o)
 .text          0x00000300        0x0 C:/ti/tirtos_msp43x_2_12_01_33/products/MSPWare_2_00_00_40a/driverlib/MSP432P4xx/gcc\msp432p4xx_driverlib.a(uart.o)
 .text          0x00000300        0x0 C:/ti/tirtos_msp43x_2_12_01_33/products/MSPWare_2_00_00_40a/driverlib/MSP432P4xx/gcc\msp432p4xx_driverlib.a(wdt_a.o)
 .text          0x00000300      0x370 c:/ti/ccsv6/tools/compiler/gcc-arm-none-eabi-4_8-2014q3/bin/../lib/gcc/arm-none-eabi/4.8.4/armv7e-m/fpu\libgcc.a(_arm_addsubdf3.o)
                0x00000300                __aeabi_drsub
                0x00000308                __aeabi_dsub
                0x00000308                __subdf3
                0x0000030c                __aeabi_dadd
                0x0000030c                __adddf3
                0x00000584                __floatunsidf
                0x00000584                __aeabi_ui2d
                0x000005a4                __floatsidf
                0x000005a4                __aeabi_i2d
                0x000005c8                __aeabi_f2d
                0x000005c8                __extendsfdf2
                0x00000604                __floatundidf
                0x00000604                __aeabi_ul2d
                0x00000614                __floatdidf
                0x00000614                __aeabi_l2d
 .text          0x00000670      0x424 c:/ti/ccsv6/tools/compiler/gcc-arm-none-eabi-4_8-2014q3/bin/../lib/gcc/arm-none-eabi/4.8.4/armv7e-m/fpu\libgcc.a(_arm_muldivdf3.o)
                0x00000670                __aeabi_dmul
                0x00000670                __muldf3
                0x000008c4                __divdf3
                0x000008c4                __aeabi_ddiv
 .text          0x00000a94       0x50 c:/ti/ccsv6/tools/compiler/gcc-arm-none-eabi-4_8-2014q3/bin/../lib/gcc/arm-none-eabi/4.8.4/armv7e-m/fpu\libgcc.a(_arm_fixdfsi.o)
                0x00000a94                __aeabi_d2iz
                0x00000a94                __fixdfsi
 .text          0x00000ae4       0xa0 c:/ti/ccsv6/tools/compiler/gcc-arm-none-eabi-4_8-2014q3/bin/../lib/gcc/arm-none-eabi/4.8.4/armv7e-m/fpu\libgcc.a(_arm_truncdfsf2.o)
                0x00000ae4                __truncdfsf2
                0x00000ae4                __aeabi_d2f
 .text          0x00000b84       0x2c c:/ti/ccsv6/tools/compiler/gcc-arm-none-eabi-4_8-2014q3/bin/../lib/gcc/arm-none-eabi/4.8.4/armv7e-m/fpu\libgcc.a(_aeabi_uldivmod.o)
                0x00000b84                __aeabi_uldivmod
 .text          0x00000bb0       0x60 c:/ti/ccsv6/tools/compiler/gcc-arm-none-eabi-4_8-2014q3/bin/../lib/gcc/arm-none-eabi/4.8.4/armv7e-m/fpu\libgcc.a(bpabi.o)
                0x00000bb0                __gnu_ldivmod_helper
                0x00000be0                __gnu_uldivmod_helper
 .text          0x00000c10        0x4 c:/ti/ccsv6/tools/compiler/gcc-arm-none-eabi-4_8-2014q3/bin/../lib/gcc/arm-none-eabi/4.8.4/armv7e-m/fpu\libgcc.a(_dvmd_tls.o)
                0x00000c10                __aeabi_idiv0
                0x00000c10                __aeabi_ldiv0
 .text          0x00000c14      0x298 c:/ti/ccsv6/tools/compiler/gcc-arm-none-eabi-4_8-2014q3/bin/../lib/gcc/arm-none-eabi/4.8.4/armv7e-m/fpu\libgcc.a(_divdi3.o)
                0x00000c14                __divdi3
 .text          0x00000eac      0x284 c:/ti/ccsv6/tools/compiler/gcc-arm-none-eabi-4_8-2014q3/bin/../lib/gcc/arm-none-eabi/4.8.4/armv7e-m/fpu\libgcc.a(_udivdi3.o)
                0x00000eac                __udivdi3
 .text          0x00001130        0x0 c:/ti/ccsv6/tools/compiler/gcc-arm-none-eabi-4_8-2014q3/bin/../lib/gcc/arm-none-eabi/4.8.4/../../../../arm-none-eabi/lib/armv7e-m/fpu\libc.a(lib_a-abort.o)
 .text          0x00001130        0x0 c:/ti/ccsv6/tools/compiler/gcc-arm-none-eabi-4_8-2014q3/bin/../lib/gcc/arm-none-eabi/4.8.4/../../../../arm-none-eabi/lib/armv7e-m/fpu\libc.a(lib_a-ctype_.o)
 .text          0x00001130        0x0 c:/ti/ccsv6/tools/compiler/gcc-arm-none-eabi-4_8-2014q3/bin/../lib/gcc/arm-none-eabi/4.8.4/../../../../arm-none-eabi/lib/armv7e-m/fpu\libc.a(lib_a-exit.o)
 .text          0x00001130        0x0 c:/ti/ccsv6/tools/compiler/gcc-arm-none-eabi-4_8-2014q3/bin/../lib/gcc/arm-none-eabi/4.8.4/../../../../arm-none-eabi/lib/armv7e-m/fpu\libc.a(lib_a-impure.o)
 .text          0x00001130      0x134 c:/ti/ccsv6/tools/compiler/gcc-arm-none-eabi-4_8-2014q3/bin/../lib/gcc/arm-none-eabi/4.8.4/../../../../arm-none-eabi/lib/armv7e-m/fpu\libc.a(lib_a-memcpy.o)
                0x00001130                memcpy
 .text          0x00001264        0x0 c:/ti/ccsv6/tools/compiler/gcc-arm-none-eabi-4_8-2014q3/bin/../lib/gcc/arm-none-eabi/4.8.4/../../../../arm-none-eabi/lib/armv7e-m/fpu\libc.a(lib_a-memset.o)
 .text          0x00001264        0x0 c:/ti/ccsv6/tools/compiler/gcc-arm-none-eabi-4_8-2014q3/bin/../lib/gcc/arm-none-eabi/4.8.4/../../../../arm-none-eabi/lib/armv7e-m/fpu\libc.a(lib_a-mktime.o)
 .text          0x00001264        0x0 c:/ti/ccsv6/tools/compiler/gcc-arm-none-eabi-4_8-2014q3/bin/../lib/gcc/arm-none-eabi/4.8.4/../../../../arm-none-eabi/lib/armv7e-m/fpu\libc.a(lib_a-mktm_r.o)
 .text          0x00001264        0x0 c:/ti/ccsv6/tools/compiler/gcc-arm-none-eabi-4_8-2014q3/bin/../lib/gcc/arm-none-eabi/4.8.4/../../../../arm-none-eabi/lib/armv7e-m/fpu\libc.a(lib_a-reent.o)
 .text          0x00001264        0x0 c:/ti/ccsv6/tools/compiler/gcc-arm-none-eabi-4_8-2014q3/bin/../lib/gcc/arm-none-eabi/4.8.4/../../../../arm-none-eabi/lib/armv7e-m/fpu\libc.a(lib_a-signal.o)
 .text          0x00001264        0x0 c:/ti/ccsv6/tools/compiler/gcc-arm-none-eabi-4_8-2014q3/bin/../lib/gcc/arm-none-eabi/4.8.4/../../../../arm-none-eabi/lib/armv7e-m/fpu\libc.a(lib_a-signalr.o)
 .text          0x00001264      0x21c c:/ti/ccsv6/tools/compiler/gcc-arm-none-eabi-4_8-2014q3/bin/../lib/gcc/arm-none-eabi/4.8.4/../../../../arm-none-eabi/lib/armv7e-m/fpu\libc.a(lib_a-strcmp.o)
                0x00001264                strcmp
 .text          0x00001480        0x0 c:/ti/ccsv6/tools/compiler/gcc-arm-none-eabi-4_8-2014q3/bin/../lib/gcc/arm-none-eabi/4.8.4/../../../../arm-none-eabi/lib/armv7e-m/fpu\libc.a(lib_a-strlen.o)
 .text          0x00001480        0x0 c:/ti/ccsv6/tools/compiler/gcc-arm-none-eabi-4_8-2014q3/bin/../lib/gcc/arm-none-eabi/4.8.4/../../../../arm-none-eabi/lib/armv7e-m/fpu\libc.a(lib_a-strtok.o)
 .text          0x00001480        0x0 c:/ti/ccsv6/tools/compiler/gcc-arm-none-eabi-4_8-2014q3/bin/../lib/gcc/arm-none-eabi/4.8.4/../../../../arm-none-eabi/lib/armv7e-m/fpu\libc.a(lib_a-strtok_r.o)
 .text          0x00001480        0x0 c:/ti/ccsv6/tools/compiler/gcc-arm-none-eabi-4_8-2014q3/bin/../lib/gcc/arm-none-eabi/4.8.4/../../../../arm-none-eabi/lib/armv7e-m/fpu\libc.a(lib_a-strtol.o)
 .text          0x00001480        0x0 c:/ti/ccsv6/tools/compiler/gcc-arm-none-eabi-4_8-2014q3/bin/../lib/gcc/arm-none-eabi/4.8.4/../../../../arm-none-eabi/lib/armv7e-m/fpu\libc.a(lib_a-tzlock.o)
 .text          0x00001480        0x0 c:/ti/ccsv6/tools/compiler/gcc-arm-none-eabi-4_8-2014q3/bin/../lib/gcc/arm-none-eabi/4.8.4/../../../../arm-none-eabi/lib/armv7e-m/fpu\libc.a(lib_a-tzvars.o)
 .text          0x00001480        0x0 c:/ti/ccsv6/tools/compiler/gcc-arm-none-eabi-4_8-2014q3/bin/../lib/gcc/arm-none-eabi/4.8.4/../../../../arm-none-eabi/lib/armv7e-m/fpu\libc.a(lib_a-__call_atexit.o)
 .text          0x00001480        0x0 c:/ti/ccsv6/tools/compiler/gcc-arm-none-eabi-4_8-2014q3/bin/../lib/gcc/arm-none-eabi/4.8.4/../../../../arm-none-eabi/lib/armv7e-m/fpu\libc.a(lib_a-atexit.o)
 .text          0x00001480        0x0 c:/ti/ccsv6/tools/compiler/gcc-arm-none-eabi-4_8-2014q3/bin/../lib/gcc/arm-none-eabi/4.8.4/../../../../arm-none-eabi/lib/armv7e-m/fpu\libc.a(lib_a-div.o)
 .text          0x00001480        0x0 c:/ti/ccsv6/tools/compiler/gcc-arm-none-eabi-4_8-2014q3/bin/../lib/gcc/arm-none-eabi/4.8.4/../../../../arm-none-eabi/lib/armv7e-m/fpu\libc.a(lib_a-fini.o)
 .text          0x00001480        0x0 c:/ti/ccsv6/tools/compiler/gcc-arm-none-eabi-4_8-2014q3/bin/../lib/gcc/arm-none-eabi/4.8.4/../../../../arm-none-eabi/lib/armv7e-m/fpu\libc.a(lib_a-gettzinfo.o)
 .text          0x00001480        0x0 c:/ti/ccsv6/tools/compiler/gcc-arm-none-eabi-4_8-2014q3/bin/../lib/gcc/arm-none-eabi/4.8.4/../../../../arm-none-eabi/lib/armv7e-m/fpu\libc.a(lib_a-__atexit.o)
 .text          0x00001480        0x0 c:/ti/ccsv6/tools/compiler/gcc-arm-none-eabi-4_8-2014q3/bin/../lib/gcc/arm-none-eabi/4.8.4/../../../../arm-none-eabi/lib/armv7e-m/fpu\libm.a(lib_a-w_pow.o)
 .text          0x00001480        0x0 c:/ti/ccsv6/tools/compiler/gcc-arm-none-eabi-4_8-2014q3/bin/../lib/gcc/arm-none-eabi/4.8.4/../../../../arm-none-eabi/lib/armv7e-m/fpu\libm.a(lib_a-e_pow.o)
 .text          0x00001480        0x0 c:/ti/ccsv6/tools/compiler/gcc-arm-none-eabi-4_8-2014q3/bin/../lib/gcc/arm-none-eabi/4.8.4/../../../../arm-none-eabi/lib/armv7e-m/fpu\libm.a(lib_a-e_sqrt.o)
 .text          0x00001480        0x0 c:/ti/ccsv6/tools/compiler/gcc-arm-none-eabi-4_8-2014q3/bin/../lib/gcc/arm-none-eabi/4.8.4/../../../../arm-none-eabi/lib/armv7e-m/fpu\libm.a(lib_a-s_fabs.o)
 .text          0x00001480        0x0 c:/ti/ccsv6/tools/compiler/gcc-arm-none-eabi-4_8-2014q3/bin/../lib/gcc/arm-none-eabi/4.8.4/../../../../arm-none-eabi/lib/armv7e-m/fpu\libm.a(lib_a-s_finite.o)
 .text          0x00001480        0x0 c:/ti/ccsv6/tools/compiler/gcc-arm-none-eabi-4_8-2014q3/bin/../lib/gcc/arm-none-eabi/4.8.4/../../../../arm-none-eabi/lib/armv7e-m/fpu\libm.a(lib_a-s_fpclassify.o)
 .text          0x00001480        0x0 c:/ti/ccsv6/tools/compiler/gcc-arm-none-eabi-4_8-2014q3/bin/../lib/gcc/arm-none-eabi/4.8.4/../../../../arm-none-eabi/lib/armv7e-m/fpu\libm.a(lib_a-s_lib_ver.o)
 .text          0x00001480        0x0 c:/ti/ccsv6/tools/compiler/gcc-arm-none-eabi-4_8-2014q3/bin/../lib/gcc/arm-none-eabi/4.8.4/../../../../arm-none-eabi/lib/armv7e-m/fpu\libm.a(lib_a-s_matherr.o)
 .text          0x00001480        0x0 c:/ti/ccsv6/tools/compiler/gcc-arm-none-eabi-4_8-2014q3/bin/../lib/gcc/arm-none-eabi/4.8.4/../../../../arm-none-eabi/lib/armv7e-m/fpu\libm.a(lib_a-s_nan.o)
 .text          0x00001480        0x0 c:/ti/ccsv6/tools/compiler/gcc-arm-none-eabi-4_8-2014q3/bin/../lib/gcc/arm-none-eabi/4.8.4/../../../../arm-none-eabi/lib/armv7e-m/fpu\libm.a(lib_a-s_rint.o)
 .text          0x00001480        0x0 c:/ti/ccsv6/tools/compiler/gcc-arm-none-eabi-4_8-2014q3/bin/../lib/gcc/arm-none-eabi/4.8.4/../../../../arm-none-eabi/lib/armv7e-m/fpu\libm.a(lib_a-s_scalbn.o)
 .text          0x00001480        0x0 c:/ti/ccsv6/tools/compiler/gcc-arm-none-eabi-4_8-2014q3/bin/../lib/gcc/arm-none-eabi/4.8.4/../../../../arm-none-eabi/lib/armv7e-m/fpu\libm.a(lib_a-s_copysign.o)
 .text          0x00001480        0x0 c:/ti/ccsv6/tools/compiler/gcc-arm-none-eabi-4_8-2014q3/bin/../lib/gcc/arm-none-eabi/4.8.4/../../../../arm-none-eabi/lib/armv7e-m/fpu\librdimon.a(rdimon-syscalls.o)
 .text          0x00001480        0x0 c:/ti/ccsv6/tools/compiler/gcc-arm-none-eabi-4_8-2014q3/bin/../lib/gcc/arm-none-eabi/4.8.4/../../../../arm-none-eabi/lib/armv7e-m/fpu\librdimon.a(rdimon-_kill.o)
 .text          0x00001480      0x110 c:/ti/ccsv6/tools/compiler/gcc-arm-none-eabi-4_8-2014q3/bin/../lib/gcc/arm-none-eabi/4.8.4/armv7e-m/fpu\libgcc.a(_arm_cmpdf2.o)
                0x00001480                __gtdf2
                0x00001480                __gedf2
                0x00001488                __ltdf2
                0x00001488                __ledf2
                0x00001490                __nedf2
                0x00001490                __eqdf2
                0x00001490                __cmpdf2
                0x0000150c                __aeabi_cdrcmple
                0x0000151c                __aeabi_cdcmpeq
                0x0000151c                __aeabi_cdcmple
                0x0000152c                __aeabi_dcmpeq
                0x00001540                __aeabi_dcmplt
                0x00001554                __aeabi_dcmple
                0x00001568                __aeabi_dcmpge
                0x0000157c                __aeabi_dcmpgt
 .text          0x00001590        0x0 c:/ti/ccsv6/tools/compiler/gcc-arm-none-eabi-4_8-2014q3/bin/../lib/gcc/arm-none-eabi/4.8.4/../../../../arm-none-eabi/lib/armv7e-m/fpu\libc.a(lib_a-errno.o)
 .text          0x00001590        0x0 c:/ti/ccsv6/tools/compiler/gcc-arm-none-eabi-4_8-2014q3/bin/../lib/gcc/arm-none-eabi/4.8.4/../../../../arm-none-eabi/lib/armv7e-m/fpu\libc.a(lib_a-findfp.o)
 .text          0x00001590        0x0 c:/ti/ccsv6/tools/compiler/gcc-arm-none-eabi-4_8-2014q3/bin/../lib/gcc/arm-none-eabi/4.8.4/../../../../arm-none-eabi/lib/armv7e-m/fpu\libc.a(lib_a-fwalk.o)
 .text          0x00001590        0x0 c:/ti/ccsv6/tools/compiler/gcc-arm-none-eabi-4_8-2014q3/bin/../lib/gcc/arm-none-eabi/4.8.4/../../../../arm-none-eabi/lib/armv7e-m/fpu\libc.a(lib_a-stdio.o)
 .text          0x00001590        0x0 c:/ti/ccsv6/tools/compiler/gcc-arm-none-eabi-4_8-2014q3/bin/../lib/gcc/arm-none-eabi/4.8.4/../../../../arm-none-eabi/lib/armv7e-m/fpu\libc.a(lib_a-writer.o)
 .text          0x00001590        0x0 c:/ti/ccsv6/tools/compiler/gcc-arm-none-eabi-4_8-2014q3/bin/../lib/gcc/arm-none-eabi/4.8.4/../../../../arm-none-eabi/lib/armv7e-m/fpu\libc.a(lib_a-closer.o)
 .text          0x00001590        0x0 c:/ti/ccsv6/tools/compiler/gcc-arm-none-eabi-4_8-2014q3/bin/../lib/gcc/arm-none-eabi/4.8.4/../../../../arm-none-eabi/lib/armv7e-m/fpu\libc.a(lib_a-fclose.o)
 .text          0x00001590        0x0 c:/ti/ccsv6/tools/compiler/gcc-arm-none-eabi-4_8-2014q3/bin/../lib/gcc/arm-none-eabi/4.8.4/../../../../arm-none-eabi/lib/armv7e-m/fpu\libc.a(lib_a-fflush.o)
 .text          0x00001590        0x0 c:/ti/ccsv6/tools/compiler/gcc-arm-none-eabi-4_8-2014q3/bin/../lib/gcc/arm-none-eabi/4.8.4/../../../../arm-none-eabi/lib/armv7e-m/fpu\libc.a(lib_a-lseekr.o)
 .text          0x00001590        0x0 c:/ti/ccsv6/tools/compiler/gcc-arm-none-eabi-4_8-2014q3/bin/../lib/gcc/arm-none-eabi/4.8.4/../../../../arm-none-eabi/lib/armv7e-m/fpu\libc.a(lib_a-readr.o)
 *(.text.*)
 .text.MSP_EXP432P401RLP_initGeneral
                0x00001590        0xc ./MSP_EXP432P401RLP.o
                0x00001590                MSP_EXP432P401RLP_initGeneral
 .text.MSP_EXP432P401RLP_initGPIO
                0x0000159c        0xc ./MSP_EXP432P401RLP.o
                0x0000159c                MSP_EXP432P401RLP_initGPIO
 .text.MSP_EXP432P401RLP_initI2C
                0x000015a8       0x14 ./MSP_EXP432P401RLP.o
                0x000015a8                MSP_EXP432P401RLP_initI2C
 .text.MSP_EXP432P401RLP_initUART
                0x000015bc       0x28 ./MSP_EXP432P401RLP.o
                0x000015bc                MSP_EXP432P401RLP_initUART
 .text.minmea_tocoord
                0x000015e4       0x88 ./fw/peripherals/gps.o
 .text.gps_get_fix_quality
                0x0000166c       0x18 ./fw/peripherals/gps.o
                0x0000166c                gps_get_fix_quality
 .text.gps_get_satellites_tracked
                0x00001684       0x18 ./fw/peripherals/gps.o
                0x00001684                gps_get_satellites_tracked
 .text.gps_get_lat
                0x0000169c       0x18 ./fw/peripherals/gps.o
                0x0000169c                gps_get_lat
 .text.gps_get_lon
                0x000016b4       0x18 ./fw/peripherals/gps.o
                0x000016b4                gps_get_lon
 .text.gps_get_validity
                0x000016cc       0x18 ./fw/peripherals/gps.o
                0x000016cc                gps_get_validity
 .text.gps_get_hdop
                0x000016e4       0x18 ./fw/peripherals/gps.o
                0x000016e4                gps_get_hdop
 .text.gps_get_last_update_time
                0x000016fc       0x24 ./fw/peripherals/gps.o
                0x000016fc                gps_get_last_update_time
 .text.gps_task
                0x00001720       0x90 ./fw/peripherals/gps.o
                0x00001720                gps_task
 .text.ublox_6_open
                0x000017b0       0x60 ./fw/peripherals/hal/ublox_6.o
                0x000017b0                ublox_6_open
 .text.ublox_6_close
                0x00001810       0x14 ./fw/peripherals/hal/ublox_6.o
                0x00001810                ublox_6_close
 .text.ublox_6_read
                0x00001824       0x24 ./fw/peripherals/hal/ublox_6.o
                0x00001824                ublox_6_read
 .text.clockFxn
                0x00001848       0x28 ./fw/main.o
                0x00001848                clockFxn
 .text.main     0x00001870       0x28 ./fw/main.o
                0x00001870                main
 .text.ui2a     0x00001898       0xac ./fw/lib/printf.o
 .text.i2a      0x00001944       0x34 ./fw/lib/printf.o
 .text.a2d      0x00001978       0x50 ./fw/lib/printf.o
 .text.a2i      0x000019c8       0x64 ./fw/lib/printf.o
 .text.putchw   0x00001a2c       0x74 ./fw/lib/printf.o
 .text.tfp_format
                0x00001aa0      0x19c ./fw/lib/printf.o
                0x00001aa0                tfp_format
 .text.putcp    0x00001c3c       0x24 ./fw/lib/printf.o
 .text.tfp_sprintf
                0x00001c60       0x38 ./fw/lib/printf.o
                0x00001c60                tfp_sprintf
 .text.reverse  0x00001c98       0x5c ./fw/lib/printf.o
                0x00001c98                reverse
 .text.intToStr
                0x00001cf4       0x8c ./fw/lib/printf.o
                0x00001cf4                intToStr
 .text.ftoa     0x00001d80       0xb8 ./fw/lib/printf.o
                0x00001d80                ftoa
 .text.hex2int  0x00001e38       0x50 ./fw/lib/minmea/minmea.o
 .text.minmea_check
                0x00001e88       0xdc ./fw/lib/minmea/minmea.o
                0x00001e88                minmea_check
 .text.minmea_isfield
                0x00001f64       0x48 ./fw/lib/minmea/minmea.o
 .text.minmea_scan
                0x00001fac      0x760 ./fw/lib/minmea/minmea.o
                0x00001fac                minmea_scan
 .text.minmea_sentence_id
                0x0000270c       0xfc ./fw/lib/minmea/minmea.o
                0x0000270c                minmea_sentence_id
 .text.minmea_parse_rmc
                0x00002808       0xdc ./fw/lib/minmea/minmea.o
                0x00002808                minmea_parse_rmc
 .text.minmea_parse_gga
                0x000028e4       0xdc ./fw/lib/minmea/minmea.o
                0x000028e4                minmea_parse_gga
 .text.minmea_gettime
                0x000029c0       0x98 ./fw/lib/minmea/minmea.o
                0x000029c0                minmea_gettime
 .text.cli_init
                0x00002a58       0x68 ./fw/core/cli.o
                0x00002a58                cli_init
 .text.cli_printf
                0x00002ac0       0x38 ./fw/core/cli.o
                0x00002ac0                cli_printf
 .text.cli_print_task
                0x00002af8       0x38 ./fw/core/cli.o
                0x00002af8                cli_print_task
 .text.cli_task
                0x00002b30      0x234 ./fw/core/cli.o
                0x00002b30                cli_task
 .text.ti_uia_loggers_LoggerStopMode_setFilterLevel__E
                0x00002d64        0x4 C:\Users\Sam\workspace_v6_1\Octanis1-Mainboard-Firmware_MSP_EXP432P401RLP\Debug\configPkg\package\cfg\app_pm4fg.om4fg
                0x00002d64                ti_uia_loggers_LoggerStopMode_setFilterLevel__E
 .text.ti_uia_loggers_LoggerStopMode_getFilterLevel__E
                0x00002d68        0x4 C:\Users\Sam\workspace_v6_1\Octanis1-Mainboard-Firmware_MSP_EXP432P401RLP\Debug\configPkg\package\cfg\app_pm4fg.om4fg
                0x00002d68                ti_uia_loggers_LoggerStopMode_getFilterLevel__E
 .text.xdc_runtime_Startup_exec__I
                0x00002d6c       0x14 C:\Users\Sam\workspace_v6_1\Octanis1-Mainboard-Firmware_MSP_EXP432P401RLP\Debug\configPkg\package\cfg\app_pm4fg.om4fg
                0x00002d6c                xdc_runtime_Startup_exec(int0_t)
 .text.xdc_runtime_System_printfExtend__I
                0x00002d80       0xd4 C:\Users\Sam\workspace_v6_1\Octanis1-Mainboard-Firmware_MSP_EXP432P401RLP\Debug\configPkg\package\cfg\app_pm4fg.om4fg
                0x00002d80                xdc_runtime_System_printfExtend(int0_t)
 .text.xdc_runtime_SysMin_output__I
                0x00002e54       0x24 C:\Users\Sam\workspace_v6_1\Octanis1-Mainboard-Firmware_MSP_EXP432P401RLP\Debug\configPkg\package\cfg\app_pm4fg.om4fg
                0x00002e54                xdc_runtime_SysMin_output(int0_t)
 .text.xdc_runtime_Text_visitRope__I
                0x00002e78       0x10 C:\Users\Sam\workspace_v6_1\Octanis1-Mainboard-Firmware_MSP_EXP432P401RLP\Debug\configPkg\package\cfg\app_pm4fg.om4fg
                0x00002e78                xdc_runtime_Text_visitRope(int0_t)
 .text.ti_sysbios_BIOS_startFunc__I
                0x00002e88       0x24 C:\Users\Sam\workspace_v6_1\Octanis1-Mainboard-Firmware_MSP_EXP432P401RLP\Debug\configPkg\package\cfg\app_pm4fg.om4fg
                0x00002e88                ti_sysbios_BIOS_startFunc(int0_t)
 .text.ti_sysbios_BIOS_atExitFunc__I
                0x00002eac       0x14 C:\Users\Sam\workspace_v6_1\Octanis1-Mainboard-Firmware_MSP_EXP432P401RLP\Debug\configPkg\package\cfg\app_pm4fg.om4fg
                0x00002eac                ti_sysbios_BIOS_atExitFunc(int0_t)
 .text.ti_sysbios_BIOS_exitFunc__I
                0x00002ec0       0x14 C:\Users\Sam\workspace_v6_1\Octanis1-Mainboard-Firmware_MSP_EXP432P401RLP\Debug\configPkg\package\cfg\app_pm4fg.om4fg
                0x00002ec0                ti_sysbios_BIOS_exitFunc(int0_t)
 .text.ti_sysbios_BIOS_errorRaiseHook__I
                0x00002ed4       0x2c C:\Users\Sam\workspace_v6_1\Octanis1-Mainboard-Firmware_MSP_EXP432P401RLP\Debug\configPkg\package\cfg\app_pm4fg.om4fg
                0x00002ed4                ti_sysbios_BIOS_errorRaiseHook(int0_t)
 .text.ti_uia_loggers_LoggerStopMode_writeMemoryRange__E
                0x00002f00      0x154 C:\Users\Sam\workspace_v6_1\Octanis1-Mainboard-Firmware_MSP_EXP432P401RLP\Debug\configPkg\package\cfg\app_pm4fg.om4fg
                0x00002f00                ti_uia_loggers_LoggerStopMode_writeMemoryRange__E
 .text.ti_sysbios_gates_GateHwi_Handle__label__S
                0x00003054       0x18 C:\Users\Sam\workspace_v6_1\Octanis1-Mainboard-Firmware_MSP_EXP432P401RLP\Debug\configPkg\package\cfg\app_pm4fg.om4fg
                0x00003054                ti_sysbios_gates_GateHwi_Handle__label(void) static
 .text.ti_sysbios_gates_GateMutex_Handle__label__S
                0x0000306c       0x18 C:\Users\Sam\workspace_v6_1\Octanis1-Mainboard-Firmware_MSP_EXP432P401RLP\Debug\configPkg\package\cfg\app_pm4fg.om4fg
                0x0000306c                ti_sysbios_gates_GateMutex_Handle__label(void) static
 .text.ti_sysbios_heaps_HeapMem_Handle__label__S
                0x00003084       0x18 C:\Users\Sam\workspace_v6_1\Octanis1-Mainboard-Firmware_MSP_EXP432P401RLP\Debug\configPkg\package\cfg\app_pm4fg.om4fg
                0x00003084                ti_sysbios_heaps_HeapMem_Handle__label(void) static
 .text.ti_uia_loggers_LoggerStopMode_Handle__label__S
                0x0000309c       0x18 C:\Users\Sam\workspace_v6_1\Octanis1-Mainboard-Firmware_MSP_EXP432P401RLP\Debug\configPkg\package\cfg\app_pm4fg.om4fg
                0x0000309c                ti_uia_loggers_LoggerStopMode_Handle__label(void) static
 .text.ti_sysbios_gates_GateHwi_Object__delete__S
                0x000030b4       0x24 C:\Users\Sam\workspace_v6_1\Octanis1-Mainboard-Firmware_MSP_EXP432P401RLP\Debug\configPkg\package\cfg\app_pm4fg.om4fg
                0x000030b4                ti_sysbios_gates_GateHwi_Object__delete(void) static
 .text.ti_sysbios_gates_GateMutex_Object__delete__S
                0x000030d8       0x28 C:\Users\Sam\workspace_v6_1\Octanis1-Mainboard-Firmware_MSP_EXP432P401RLP\Debug\configPkg\package\cfg\app_pm4fg.om4fg
                0x000030d8                ti_sysbios_gates_GateMutex_Object__delete(void) static
 .text.ti_sysbios_heaps_HeapMem_Object__delete__S
                0x00003100       0x24 C:\Users\Sam\workspace_v6_1\Octanis1-Mainboard-Firmware_MSP_EXP432P401RLP\Debug\configPkg\package\cfg\app_pm4fg.om4fg
                0x00003100                ti_sysbios_heaps_HeapMem_Object__delete(void) static
 .text.ti_uia_loggers_LoggerStopMode_Object__delete__S
                0x00003124       0x24 C:\Users\Sam\workspace_v6_1\Octanis1-Mainboard-Firmware_MSP_EXP432P401RLP\Debug\configPkg\package\cfg\app_pm4fg.om4fg
                0x00003124                ti_uia_loggers_LoggerStopMode_Object__delete(void) static
 .text.ti_sysbios_gates_GateHwi_Object__create__S
                0x00003148       0x2c C:\Users\Sam\workspace_v6_1\Octanis1-Mainboard-Firmware_MSP_EXP432P401RLP\Debug\configPkg\package\cfg\app_pm4fg.om4fg
                0x00003148                ti_sysbios_gates_GateHwi_Object__create(void) static
 .text.ti_sysbios_gates_GateMutex_Object__create__S
                0x00003174       0x2c C:\Users\Sam\workspace_v6_1\Octanis1-Mainboard-Firmware_MSP_EXP432P401RLP\Debug\configPkg\package\cfg\app_pm4fg.om4fg
                0x00003174                ti_sysbios_gates_GateMutex_Object__create(void) static
 .text.ti_sysbios_heaps_HeapMem_Object__create__S
                0x000031a0       0x2c C:\Users\Sam\workspace_v6_1\Octanis1-Mainboard-Firmware_MSP_EXP432P401RLP\Debug\configPkg\package\cfg\app_pm4fg.om4fg
                0x000031a0                ti_sysbios_heaps_HeapMem_Object__create(void) static
 .text.ti_uia_loggers_LoggerStopMode_Object__create__S
                0x000031cc       0x2c C:\Users\Sam\workspace_v6_1\Octanis1-Mainboard-Firmware_MSP_EXP432P401RLP\Debug\configPkg\package\cfg\app_pm4fg.om4fg
                0x000031cc                ti_uia_loggers_LoggerStopMode_Object__create(void) static
 .text.ti_uia_loggers_LoggerStopMode_write8__E
                0x000031f8       0xf0 C:\Users\Sam\workspace_v6_1\Octanis1-Mainboard-Firmware_MSP_EXP432P401RLP\Debug\configPkg\package\cfg\app_pm4fg.om4fg
                0x000031f8                ti_uia_loggers_LoggerStopMode_write8__E
 .text.ti_sysbios_knl_Clock_doTick__I
                0x000032e8       0x30 C:\Users\Sam\workspace_v6_1\Octanis1-Mainboard-Firmware_MSP_EXP432P401RLP\Debug\configPkg\package\cfg\app_pm4fg.om4fg
                0x000032e8                ti_sysbios_knl_Clock_doTick(int0_t)
 .text.ti_uia_loggers_LoggerStopMode_write0__E
                0x00003318       0xa8 C:\Users\Sam\workspace_v6_1\Octanis1-Mainboard-Firmware_MSP_EXP432P401RLP\Debug\configPkg\package\cfg\app_pm4fg.om4fg
                0x00003318                ti_uia_loggers_LoggerStopMode_write0__E
 .text.ti_uia_loggers_LoggerStopMode_write1__E
                0x000033c0       0xb4 C:\Users\Sam\workspace_v6_1\Octanis1-Mainboard-Firmware_MSP_EXP432P401RLP\Debug\configPkg\package\cfg\app_pm4fg.om4fg
                0x000033c0                ti_uia_loggers_LoggerStopMode_write1__E
 .text.ti_uia_loggers_LoggerStopMode_write2__E
                0x00003474       0xb8 C:\Users\Sam\workspace_v6_1\Octanis1-Mainboard-Firmware_MSP_EXP432P401RLP\Debug\configPkg\package\cfg\app_pm4fg.om4fg
                0x00003474                ti_uia_loggers_LoggerStopMode_write2__E
 .text.ti_uia_loggers_LoggerStopMode_write4__E
                0x0000352c       0xc4 C:\Users\Sam\workspace_v6_1\Octanis1-Mainboard-Firmware_MSP_EXP432P401RLP\Debug\configPkg\package\cfg\app_pm4fg.om4fg
                0x0000352c                ti_uia_loggers_LoggerStopMode_write4__E
 .text.xdc_runtime_Startup_reset__I
                0x000035f0       0x10 C:\Users\Sam\workspace_v6_1\Octanis1-Mainboard-Firmware_MSP_EXP432P401RLP\Debug\configPkg\package\cfg\app_pm4fg.om4fg
                0x000035f0                xdc_runtime_Startup_reset(int0_t)
 .text.malloc   0x00003600       0x30 C:\Users\Sam\workspace_v6_1\Octanis1-Mainboard-Firmware_MSP_EXP432P401RLP\Debug\configPkg\package\cfg\app_pm4fg.om4fg
                0x00003600                malloc
 .text.free     0x00003630       0x18 C:\Users\Sam\workspace_v6_1\Octanis1-Mainboard-Firmware_MSP_EXP432P401RLP\Debug\configPkg\package\cfg\app_pm4fg.om4fg
                0x00003630                free
 .text._free_r  0x00003648        0x8 C:\Users\Sam\workspace_v6_1\Octanis1-Mainboard-Firmware_MSP_EXP432P401RLP\Debug\configPkg\package\cfg\app_pm4fg.om4fg
                0x00003648                _free_r
 .text.ti_sysbios_utils_Load_update__E
                0x00003650        0x4 C:\Users\Sam\workspace_v6_1\Octanis1-Mainboard-Firmware_MSP_EXP432P401RLP\Debug\configPkg\package\cfg\app_pm4fg.om4fg
                0x00003650                ti_sysbios_utils_Load_update__E
 .text.xdc_runtime_System_printf__E
                0x00003654       0x1c C:\Users\Sam\workspace_v6_1\Octanis1-Mainboard-Firmware_MSP_EXP432P401RLP\Debug\configPkg\package\cfg\app_pm4fg.om4fg
                0x00003654                xdc_runtime_System_printf__E
 .text.xdc_runtime_System_aprintf__E
                0x00003670       0x1c C:\Users\Sam\workspace_v6_1\Octanis1-Mainboard-Firmware_MSP_EXP432P401RLP\Debug\configPkg\package\cfg\app_pm4fg.om4fg
                0x00003670                xdc_runtime_System_aprintf__E
 .text.ti_sysbios_hal_Hwi_HwiProxy_Module__startupDone__S
                0x0000368c       0x14 C:\Users\Sam\workspace_v6_1\Octanis1-Mainboard-Firmware_MSP_EXP432P401RLP\Debug\configPkg\package\cfg\app_pm4fg.om4fg
                0x0000368c                ti_sysbios_hal_Hwi_HwiProxy_Module__startupDone(void) static
 .text.ti_sysbios_hal_Hwi_HwiProxy_getStackInfo__E
                0x000036a0        0x4 C:\Users\Sam\workspace_v6_1\Octanis1-Mainboard-Firmware_MSP_EXP432P401RLP\Debug\configPkg\package\cfg\app_pm4fg.om4fg
                0x000036a0                ti_sysbios_hal_Hwi_HwiProxy_getStackInfo__E
 .text.ti_sysbios_hal_Hwi_HwiProxy_startup__E
                0x000036a4        0x4 C:\Users\Sam\workspace_v6_1\Octanis1-Mainboard-Firmware_MSP_EXP432P401RLP\Debug\configPkg\package\cfg\app_pm4fg.om4fg
                0x000036a4                ti_sysbios_hal_Hwi_HwiProxy_startup__E
 .text.ti_sysbios_hal_Hwi_HwiProxy_switchFromBootStack__E
                0x000036a8        0x4 C:\Users\Sam\workspace_v6_1\Octanis1-Mainboard-Firmware_MSP_EXP432P401RLP\Debug\configPkg\package\cfg\app_pm4fg.om4fg
                0x000036a8                ti_sysbios_hal_Hwi_HwiProxy_switchFromBootStack__E
 .text.ti_sysbios_heaps_HeapMem_Module_GateProxy_query__E
                0x000036ac        0x4 C:\Users\Sam\workspace_v6_1\Octanis1-Mainboard-Firmware_MSP_EXP432P401RLP\Debug\configPkg\package\cfg\app_pm4fg.om4fg
                0x000036ac                ti_sysbios_heaps_HeapMem_Module_GateProxy_query__E
 .text.ti_sysbios_heaps_HeapMem_Module_GateProxy_enter__E
                0x000036b0        0x4 C:\Users\Sam\workspace_v6_1\Octanis1-Mainboard-Firmware_MSP_EXP432P401RLP\Debug\configPkg\package\cfg\app_pm4fg.om4fg
                0x000036b0                ti_sysbios_heaps_HeapMem_Module_GateProxy_enter__E
 .text.ti_sysbios_heaps_HeapMem_Module_GateProxy_leave__E
                0x000036b4        0x4 C:\Users\Sam\workspace_v6_1\Octanis1-Mainboard-Firmware_MSP_EXP432P401RLP\Debug\configPkg\package\cfg\app_pm4fg.om4fg
                0x000036b4                ti_sysbios_heaps_HeapMem_Module_GateProxy_leave__E
 .text.ti_sysbios_knl_Clock_TimerProxy_Module__startupDone__S
                0x000036b8       0x14 C:\Users\Sam\workspace_v6_1\Octanis1-Mainboard-Firmware_MSP_EXP432P401RLP\Debug\configPkg\package\cfg\app_pm4fg.om4fg
                0x000036b8                ti_sysbios_knl_Clock_TimerProxy_Module__startupDone(void) static
 .text.ti_sysbios_knl_Clock_TimerProxy_getMaxTicks__E
                0x000036cc        0x4 C:\Users\Sam\workspace_v6_1\Octanis1-Mainboard-Firmware_MSP_EXP432P401RLP\Debug\configPkg\package\cfg\app_pm4fg.om4fg
                0x000036cc                ti_sysbios_knl_Clock_TimerProxy_getMaxTicks__E
 .text.ti_sysbios_knl_Task_SupportProxy_Module__startupDone__S
                0x000036d0        0x4 C:\Users\Sam\workspace_v6_1\Octanis1-Mainboard-Firmware_MSP_EXP432P401RLP\Debug\configPkg\package\cfg\app_pm4fg.om4fg
                0x000036d0                ti_sysbios_knl_Task_SupportProxy_Module__startupDone(void) static
 .text.ti_sysbios_knl_Task_SupportProxy_start__E
                0x000036d4        0x4 C:\Users\Sam\workspace_v6_1\Octanis1-Mainboard-Firmware_MSP_EXP432P401RLP\Debug\configPkg\package\cfg\app_pm4fg.om4fg
                0x000036d4                ti_sysbios_knl_Task_SupportProxy_start__E
 .text.ti_sysbios_knl_Task_SupportProxy_swap__E
                0x000036d8        0x4 C:\Users\Sam\workspace_v6_1\Octanis1-Mainboard-Firmware_MSP_EXP432P401RLP\Debug\configPkg\package\cfg\app_pm4fg.om4fg
                0x000036d8                ti_sysbios_knl_Task_SupportProxy_swap__E
 .text.ti_sysbios_knl_Task_SupportProxy_checkStack__E
                0x000036dc        0x4 C:\Users\Sam\workspace_v6_1\Octanis1-Mainboard-Firmware_MSP_EXP432P401RLP\Debug\configPkg\package\cfg\app_pm4fg.om4fg
                0x000036dc                ti_sysbios_knl_Task_SupportProxy_checkStack__E
 .text.xdc_runtime_Memory_HeapProxy_alloc__E
                0x000036e0        0xc C:\Users\Sam\workspace_v6_1\Octanis1-Mainboard-Firmware_MSP_EXP432P401RLP\Debug\configPkg\package\cfg\app_pm4fg.om4fg
                0x000036e0                xdc_runtime_Memory_HeapProxy_alloc__E
 .text.xdc_runtime_Memory_HeapProxy_free__E
                0x000036ec        0xc C:\Users\Sam\workspace_v6_1\Octanis1-Mainboard-Firmware_MSP_EXP432P401RLP\Debug\configPkg\package\cfg\app_pm4fg.om4fg
                0x000036ec                xdc_runtime_Memory_HeapProxy_free__E
 .text.xdc_runtime_System_Module_GateProxy_enter__E
                0x000036f8        0x4 C:\Users\Sam\workspace_v6_1\Octanis1-Mainboard-Firmware_MSP_EXP432P401RLP\Debug\configPkg\package\cfg\app_pm4fg.om4fg
                0x000036f8                xdc_runtime_System_Module_GateProxy_enter__E
 .text.xdc_runtime_System_Module_GateProxy_leave__E
                0x000036fc        0x4 C:\Users\Sam\workspace_v6_1\Octanis1-Mainboard-Firmware_MSP_EXP432P401RLP\Debug\configPkg\package\cfg\app_pm4fg.om4fg
                0x000036fc                xdc_runtime_System_Module_GateProxy_leave__E
 .text.xdc_runtime_System_SupportProxy_abort__E
                0x00003700        0x4 C:\Users\Sam\workspace_v6_1\Octanis1-Mainboard-Firmware_MSP_EXP432P401RLP\Debug\configPkg\package\cfg\app_pm4fg.om4fg
                0x00003700                xdc_runtime_System_SupportProxy_abort__E
 .text.xdc_runtime_System_SupportProxy_exit__E
                0x00003704        0x4 C:\Users\Sam\workspace_v6_1\Octanis1-Mainboard-Firmware_MSP_EXP432P401RLP\Debug\configPkg\package\cfg\app_pm4fg.om4fg
                0x00003704                xdc_runtime_System_SupportProxy_exit__E
 .text.xdc_runtime_System_SupportProxy_putch__E
                0x00003708        0x4 C:\Users\Sam\workspace_v6_1\Octanis1-Mainboard-Firmware_MSP_EXP432P401RLP\Debug\configPkg\package\cfg\app_pm4fg.om4fg
                0x00003708                xdc_runtime_System_SupportProxy_putch__E
 .text.xdc_runtime_System_SupportProxy_ready__E
                0x0000370c        0x4 C:\Users\Sam\workspace_v6_1\Octanis1-Mainboard-Firmware_MSP_EXP432P401RLP\Debug\configPkg\package\cfg\app_pm4fg.om4fg
                0x0000370c                xdc_runtime_System_SupportProxy_ready__E
 .text.xdc_runtime_Timestamp_SupportProxy_get32__E
                0x00003710        0x4 C:\Users\Sam\workspace_v6_1\Octanis1-Mainboard-Firmware_MSP_EXP432P401RLP\Debug\configPkg\package\cfg\app_pm4fg.om4fg
                0x00003710                xdc_runtime_Timestamp_SupportProxy_get32__E
 .text.xdc_runtime_Timestamp_SupportProxy_get64__E
                0x00003714        0x4 C:\Users\Sam\workspace_v6_1\Octanis1-Mainboard-Firmware_MSP_EXP432P401RLP\Debug\configPkg\package\cfg\app_pm4fg.om4fg
                0x00003714                xdc_runtime_Timestamp_SupportProxy_get64__E
 .text.xdc_runtime_Timestamp_SupportProxy_getFreq__E
                0x00003718        0x4 C:\Users\Sam\workspace_v6_1\Octanis1-Mainboard-Firmware_MSP_EXP432P401RLP\Debug\configPkg\package\cfg\app_pm4fg.om4fg
                0x00003718                xdc_runtime_Timestamp_SupportProxy_getFreq__E
 .text.ti_sysbios_family_arm_m3_Hwi_Handle__label__S
                0x0000371c       0x18 C:\Users\Sam\workspace_v6_1\Octanis1-Mainboard-Firmware_MSP_EXP432P401RLP\Debug\configPkg\package\cfg\app_pm4fg.om4fg
                0x0000371c                ti_sysbios_family_arm_m3_Hwi_Handle__label(void) static
 .text.ti_sysbios_family_arm_m3_Hwi_Params__init__S
                0x00003734       0x18 C:\Users\Sam\workspace_v6_1\Octanis1-Mainboard-Firmware_MSP_EXP432P401RLP\Debug\configPkg\package\cfg\app_pm4fg.om4fg
                0x00003734                ti_sysbios_family_arm_m3_Hwi_Params__init(void) static
 .text.ti_sysbios_family_arm_m3_Hwi_Object__get__S
                0x0000374c       0x1c C:\Users\Sam\workspace_v6_1\Octanis1-Mainboard-Firmware_MSP_EXP432P401RLP\Debug\configPkg\package\cfg\app_pm4fg.om4fg
                0x0000374c                ti_sysbios_family_arm_m3_Hwi_Object__get(void) static
 .text.ti_sysbios_family_arm_m3_Hwi_construct
                0x00003768       0x50 C:\Users\Sam\workspace_v6_1\Octanis1-Mainboard-Firmware_MSP_EXP432P401RLP\Debug\configPkg\package\cfg\app_pm4fg.om4fg
                0x00003768                ti_sysbios_family_arm_m3_Hwi_construct
 .text.ti_sysbios_family_arm_m3_Hwi_destruct
                0x000037b8       0x24 C:\Users\Sam\workspace_v6_1\Octanis1-Mainboard-Firmware_MSP_EXP432P401RLP\Debug\configPkg\package\cfg\app_pm4fg.om4fg
                0x000037b8                ti_sysbios_family_arm_m3_Hwi_destruct
 .text.ti_sysbios_heaps_HeapMem_Object__get__S
                0x000037dc       0x1c C:\Users\Sam\workspace_v6_1\Octanis1-Mainboard-Firmware_MSP_EXP432P401RLP\Debug\configPkg\package\cfg\app_pm4fg.om4fg
                0x000037dc                ti_sysbios_heaps_HeapMem_Object__get(void) static
 .text.ti_sysbios_knl_Clock_Params__init__S
                0x000037f8       0x18 C:\Users\Sam\workspace_v6_1\Octanis1-Mainboard-Firmware_MSP_EXP432P401RLP\Debug\configPkg\package\cfg\app_pm4fg.om4fg
                0x000037f8                ti_sysbios_knl_Clock_Params__init(void) static
 .text.ti_sysbios_knl_Clock_construct
                0x00003810       0x30 C:\Users\Sam\workspace_v6_1\Octanis1-Mainboard-Firmware_MSP_EXP432P401RLP\Debug\configPkg\package\cfg\app_pm4fg.om4fg
                0x00003810                ti_sysbios_knl_Clock_construct
 .text.ti_sysbios_knl_Queue_Object__get__S
                0x00003840        0x8 C:\Users\Sam\workspace_v6_1\Octanis1-Mainboard-Firmware_MSP_EXP432P401RLP\Debug\configPkg\package\cfg\app_pm4fg.om4fg
                0x00003840                ti_sysbios_knl_Queue_Object__get(void) static
 .text.ti_sysbios_knl_Queue_construct
                0x00003848       0x2c C:\Users\Sam\workspace_v6_1\Octanis1-Mainboard-Firmware_MSP_EXP432P401RLP\Debug\configPkg\package\cfg\app_pm4fg.om4fg
                0x00003848                ti_sysbios_knl_Queue_construct
 .text.ti_sysbios_knl_Queue_destruct
                0x00003874       0x20 C:\Users\Sam\workspace_v6_1\Octanis1-Mainboard-Firmware_MSP_EXP432P401RLP\Debug\configPkg\package\cfg\app_pm4fg.om4fg
                0x00003874                ti_sysbios_knl_Queue_destruct
 .text.ti_sysbios_knl_Semaphore_Params__init__S
                0x00003894       0x18 C:\Users\Sam\workspace_v6_1\Octanis1-Mainboard-Firmware_MSP_EXP432P401RLP\Debug\configPkg\package\cfg\app_pm4fg.om4fg
                0x00003894                ti_sysbios_knl_Semaphore_Params__init(void) static
 .text.ti_sysbios_knl_Semaphore_create
                0x000038ac       0x30 C:\Users\Sam\workspace_v6_1\Octanis1-Mainboard-Firmware_MSP_EXP432P401RLP\Debug\configPkg\package\cfg\app_pm4fg.om4fg
                0x000038ac                ti_sysbios_knl_Semaphore_create
 .text.ti_sysbios_knl_Semaphore_construct
                0x000038dc       0x30 C:\Users\Sam\workspace_v6_1\Octanis1-Mainboard-Firmware_MSP_EXP432P401RLP\Debug\configPkg\package\cfg\app_pm4fg.om4fg
                0x000038dc                ti_sysbios_knl_Semaphore_construct
 .text.ti_sysbios_knl_Semaphore_destruct
                0x0000390c       0x24 C:\Users\Sam\workspace_v6_1\Octanis1-Mainboard-Firmware_MSP_EXP432P401RLP\Debug\configPkg\package\cfg\app_pm4fg.om4fg
                0x0000390c                ti_sysbios_knl_Semaphore_destruct
 .text.ti_sysbios_knl_Swi_Handle__label__S
                0x00003930       0x18 C:\Users\Sam\workspace_v6_1\Octanis1-Mainboard-Firmware_MSP_EXP432P401RLP\Debug\configPkg\package\cfg\app_pm4fg.om4fg
                0x00003930                ti_sysbios_knl_Swi_Handle__label(void) static
 .text.ti_sysbios_knl_Swi_Object__get__S
                0x00003948       0x1c C:\Users\Sam\workspace_v6_1\Octanis1-Mainboard-Firmware_MSP_EXP432P401RLP\Debug\configPkg\package\cfg\app_pm4fg.om4fg
                0x00003948                ti_sysbios_knl_Swi_Object__get(void) static
 .text.ti_sysbios_knl_Task_Handle__label__S
                0x00003964       0x18 C:\Users\Sam\workspace_v6_1\Octanis1-Mainboard-Firmware_MSP_EXP432P401RLP\Debug\configPkg\package\cfg\app_pm4fg.om4fg
                0x00003964                ti_sysbios_knl_Task_Handle__label(void) static
 .text.ti_sysbios_knl_Task_Object__get__S
                0x0000397c       0x18 C:\Users\Sam\workspace_v6_1\Octanis1-Mainboard-Firmware_MSP_EXP432P401RLP\Debug\configPkg\package\cfg\app_pm4fg.om4fg
                0x0000397c                ti_sysbios_knl_Task_Object__get(void) static
 .text.ti_uia_loggers_LoggerStopMode_Object__get__S
                0x00003994       0x18 C:\Users\Sam\workspace_v6_1\Octanis1-Mainboard-Firmware_MSP_EXP432P401RLP\Debug\configPkg\package\cfg\app_pm4fg.om4fg
                0x00003994                ti_uia_loggers_LoggerStopMode_Object__get(void) static
 .text.ti_uia_loggers_LoggerStopMode_flush__E
                0x000039ac       0x3c C:\ti\tirtos_msp43x_2_12_01_33\products\uia_2_00_02_39\packages\ti\uia\loggers\lib\release\ti.uia.loggers.am4fg(LoggerStopMode.om4fg)
                0x000039ac                ti_uia_loggers_LoggerStopMode_flush__E
 .text.ti_uia_loggers_LoggerStopMode_disable__E
                0x000039e8       0x18 C:\ti\tirtos_msp43x_2_12_01_33\products\uia_2_00_02_39\packages\ti\uia\loggers\lib\release\ti.uia.loggers.am4fg(LoggerStopMode.om4fg)
                0x000039e8                ti_uia_loggers_LoggerStopMode_disable__E
 .text.ti_uia_loggers_LoggerStopMode_enable__E
                0x00003a00       0x18 C:\ti\tirtos_msp43x_2_12_01_33\products\uia_2_00_02_39\packages\ti\uia\loggers\lib\release\ti.uia.loggers.am4fg(LoggerStopMode.om4fg)
                0x00003a00                ti_uia_loggers_LoggerStopMode_enable__E
 .text.ti_uia_loggers_LoggerStopMode_getInstanceId__E
                0x00003a18        0x4 C:\ti\tirtos_msp43x_2_12_01_33\products\uia_2_00_02_39\packages\ti\uia\loggers\lib\release\ti.uia.loggers.am4fg(LoggerStopMode.om4fg)
                0x00003a18                ti_uia_loggers_LoggerStopMode_getInstanceId__E
 .text.ti_uia_loggers_LoggerStopMode_getPriority__E
                0x00003a1c        0x4 C:\ti\tirtos_msp43x_2_12_01_33\products\uia_2_00_02_39\packages\ti\uia\loggers\lib\release\ti.uia.loggers.am4fg(LoggerStopMode.om4fg)
                0x00003a1c                ti_uia_loggers_LoggerStopMode_getPriority__E
 .text.ti_uia_loggers_LoggerStopMode_setPriority__E
                0x00003a20        0x4 C:\ti\tirtos_msp43x_2_12_01_33\products\uia_2_00_02_39\packages\ti\uia\loggers\lib\release\ti.uia.loggers.am4fg(LoggerStopMode.om4fg)
                0x00003a20                ti_uia_loggers_LoggerStopMode_setPriority__E
 .text.ti_uia_loggers_LoggerStopMode_getMaxLength__E
                0x00003a24        0x4 C:\ti\tirtos_msp43x_2_12_01_33\products\uia_2_00_02_39\packages\ti\uia\loggers\lib\release\ti.uia.loggers.am4fg(LoggerStopMode.om4fg)
                0x00003a24                ti_uia_loggers_LoggerStopMode_getMaxLength__E
 .text.ti_uia_loggers_LoggerStopMode_reset__E
                0x00003a28       0x44 C:\ti\tirtos_msp43x_2_12_01_33\products\uia_2_00_02_39\packages\ti\uia\loggers\lib\release\ti.uia.loggers.am4fg(LoggerStopMode.om4fg)
                0x00003a28                ti_uia_loggers_LoggerStopMode_reset__E
 .text.ti_uia_loggers_LoggerStopMode_getTransferType__E
                0x00003a6c        0x4 C:\ti\tirtos_msp43x_2_12_01_33\products\uia_2_00_02_39\packages\ti\uia\loggers\lib\release\ti.uia.loggers.am4fg(LoggerStopMode.om4fg)
                0x00003a6c                ti_uia_loggers_LoggerStopMode_getTransferType__E
 .text.ti_uia_loggers_LoggerStopMode_initBuffer__I
                0x00003a70       0x40 C:\ti\tirtos_msp43x_2_12_01_33\products\uia_2_00_02_39\packages\ti\uia\loggers\lib\release\ti.uia.loggers.am4fg(LoggerStopMode.om4fg)
                0x00003a70                ti_uia_loggers_LoggerStopMode_initBuffer(int0_t)
 .text.ti_uia_loggers_LoggerStopMode_Instance_init__E
                0x00003ab0       0x50 C:\ti\tirtos_msp43x_2_12_01_33\products\uia_2_00_02_39\packages\ti\uia\loggers\lib\release\ti.uia.loggers.am4fg(LoggerStopMode.om4fg)
                0x00003ab0                ti_uia_loggers_LoggerStopMode_Instance_init__E
 .text.ti_uia_loggers_LoggerStopMode_initQueueDescriptor__E
                0x00003b00       0x90 C:\ti\tirtos_msp43x_2_12_01_33\products\uia_2_00_02_39\packages\ti\uia\loggers\lib\release\ti.uia.loggers.am4fg(LoggerStopMode.om4fg)
                0x00003b00                ti_uia_loggers_LoggerStopMode_initQueueDescriptor__E
 .text.ti_uia_loggers_LoggerStopMode_Module_startup__E
                0x00003b90       0x8c C:\ti\tirtos_msp43x_2_12_01_33\products\uia_2_00_02_39\packages\ti\uia\loggers\lib\release\ti.uia.loggers.am4fg(LoggerStopMode.om4fg)
                0x00003b90                ti_uia_loggers_LoggerStopMode_Module_startup__E
 .text.ti_uia_loggers_LoggerStopMode_getContents__E
                0x00003c1c        0x4 C:\ti\tirtos_msp43x_2_12_01_33\products\uia_2_00_02_39\packages\ti\uia\loggers\lib\release\ti.uia.loggers.am4fg(LoggerStopMode.om4fg)
                0x00003c1c                ti_uia_loggers_LoggerStopMode_getContents__E
 .text.ti_uia_loggers_LoggerStopMode_isEmpty__E
                0x00003c20       0x10 C:\ti\tirtos_msp43x_2_12_01_33\products\uia_2_00_02_39\packages\ti\uia\loggers\lib\release\ti.uia.loggers.am4fg(LoggerStopMode.om4fg)
                0x00003c20                ti_uia_loggers_LoggerStopMode_isEmpty__E
 .text.GPIO_hwiIntFxn
                0x00003c30       0x54 C:/ti/tirtos_msp43x_2_12_01_33/packages/ti/drivers/lib/drivers_MSP432P401R_instrumented.am4fg(GPIOMSP432.om4fg)
                0x00003c30                GPIO_hwiIntFxn
 .text.GPIO_setCallback
                0x00003c84       0x7c C:/ti/tirtos_msp43x_2_12_01_33/packages/ti/drivers/lib/drivers_MSP432P401R_instrumented.am4fg(GPIOMSP432.om4fg)
                0x00003c84                GPIO_setCallback
 .text.GPIO_setConfig
                0x00003d00      0x174 C:/ti/tirtos_msp43x_2_12_01_33/packages/ti/drivers/lib/drivers_MSP432P401R_instrumented.am4fg(GPIOMSP432.om4fg)
                0x00003d00                GPIO_setConfig
 .text.GPIO_init
                0x00003e74       0x84 C:/ti/tirtos_msp43x_2_12_01_33/packages/ti/drivers/lib/drivers_MSP432P401R_instrumented.am4fg(GPIOMSP432.om4fg)
                0x00003e74                GPIO_init
 .text.GPIO_toggle
                0x00003ef8       0x84 C:/ti/tirtos_msp43x_2_12_01_33/packages/ti/drivers/lib/drivers_MSP432P401R_instrumented.am4fg(GPIOMSP432.om4fg)
                0x00003ef8                GPIO_toggle
 .text.GPIO_write
                0x00003f7c       0x9c C:/ti/tirtos_msp43x_2_12_01_33/packages/ti/drivers/lib/drivers_MSP432P401R_instrumented.am4fg(GPIOMSP432.om4fg)
                0x00003f7c                GPIO_write
 .text.I2C_init
                0x00004018       0x40 C:/ti/tirtos_msp43x_2_12_01_33/packages/ti/drivers/lib/drivers_MSP432P401R_instrumented.am4fg(I2C.om4fg)
                0x00004018                I2C_init
 .text.I2CMSP432_control
                0x00004058        0x8 C:/ti/tirtos_msp43x_2_12_01_33/packages/ti/drivers/lib/drivers_MSP432P401R_instrumented.am4fg(I2CMSP432.om4fg)
                0x00004058                I2CMSP432_control
 .text.I2CMSP432_init
                0x00004060        0xc C:/ti/tirtos_msp43x_2_12_01_33/packages/ti/drivers/lib/drivers_MSP432P401R_instrumented.am4fg(I2CMSP432.om4fg)
                0x00004060                I2CMSP432_init
 .text.I2CMSP432_close
                0x0000406c       0x94 C:/ti/tirtos_msp43x_2_12_01_33/packages/ti/drivers/lib/drivers_MSP432P401R_instrumented.am4fg(I2CMSP432.om4fg)
                0x0000406c                I2CMSP432_close
 .text.blockingTransferCallback
                0x00004100       0x20 C:/ti/tirtos_msp43x_2_12_01_33/packages/ti/drivers/lib/drivers_MSP432P401R_instrumented.am4fg(I2CMSP432.om4fg)
 .text.primeTransfer.isra.0
                0x00004120       0xa4 C:/ti/tirtos_msp43x_2_12_01_33/packages/ti/drivers/lib/drivers_MSP432P401R_instrumented.am4fg(I2CMSP432.om4fg)
 .text.completeTransfer
                0x000041c4       0x70 C:/ti/tirtos_msp43x_2_12_01_33/packages/ti/drivers/lib/drivers_MSP432P401R_instrumented.am4fg(I2CMSP432.om4fg)
 .text.I2CMSP432_hwiIntFxn
                0x00004234      0x16c C:/ti/tirtos_msp43x_2_12_01_33/packages/ti/drivers/lib/drivers_MSP432P401R_instrumented.am4fg(I2CMSP432.om4fg)
                0x00004234                I2CMSP432_hwiIntFxn
 .text.I2CMSP432_transfer
                0x000043a0       0xb4 C:/ti/tirtos_msp43x_2_12_01_33/packages/ti/drivers/lib/drivers_MSP432P401R_instrumented.am4fg(I2CMSP432.om4fg)
                0x000043a0                I2CMSP432_transfer
 .text.initHw.isra.1
                0x00004454       0x64 C:/ti/tirtos_msp43x_2_12_01_33/packages/ti/drivers/lib/drivers_MSP432P401R_instrumented.am4fg(I2CMSP432.om4fg)
 .text.I2CMSP432_open
                0x000044b8      0x248 C:/ti/tirtos_msp43x_2_12_01_33/packages/ti/drivers/lib/drivers_MSP432P401R_instrumented.am4fg(I2CMSP432.om4fg)
                0x000044b8                I2CMSP432_open
 .text.perfChangeNotifyFxn
                0x00004700       0x40 C:/ti/tirtos_msp43x_2_12_01_33/packages/ti/drivers/lib/drivers_MSP432P401R_instrumented.am4fg(I2CMSP432.om4fg)
 .text.UART_close
                0x00004740        0xc C:/ti/tirtos_msp43x_2_12_01_33/packages/ti/drivers/lib/drivers_MSP432P401R_instrumented.am4fg(UART.om4fg)
                0x00004740                UART_close
 .text.UART_init
                0x0000474c       0x40 C:/ti/tirtos_msp43x_2_12_01_33/packages/ti/drivers/lib/drivers_MSP432P401R_instrumented.am4fg(UART.om4fg)
                0x0000474c                UART_init
 .text.UART_open
                0x0000478c       0x18 C:/ti/tirtos_msp43x_2_12_01_33/packages/ti/drivers/lib/drivers_MSP432P401R_instrumented.am4fg(UART.om4fg)
                0x0000478c                UART_open
 .text.UART_Params_init
                0x000047a4       0x1c C:/ti/tirtos_msp43x_2_12_01_33/packages/ti/drivers/lib/drivers_MSP432P401R_instrumented.am4fg(UART.om4fg)
                0x000047a4                UART_Params_init
 .text.UART_read
                0x000047c0        0xc C:/ti/tirtos_msp43x_2_12_01_33/packages/ti/drivers/lib/drivers_MSP432P401R_instrumented.am4fg(UART.om4fg)
                0x000047c0                UART_read
 .text.UART_write
                0x000047cc        0xc C:/ti/tirtos_msp43x_2_12_01_33/packages/ti/drivers/lib/drivers_MSP432P401R_instrumented.am4fg(UART.om4fg)
                0x000047cc                UART_write
 .text.UARTMSP432_init
                0x000047d8        0xc C:/ti/tirtos_msp43x_2_12_01_33/packages/ti/drivers/lib/drivers_MSP432P401R_instrumented.am4fg(UARTMSP432.om4fg)
                0x000047d8                UARTMSP432_init
 .text.UARTMSP432_close
                0x000047e4       0x98 C:/ti/tirtos_msp43x_2_12_01_33/packages/ti/drivers/lib/drivers_MSP432P401R_instrumented.am4fg(UARTMSP432.om4fg)
                0x000047e4                UARTMSP432_close
 .text.UARTMSP432_control
                0x0000487c      0x13c C:/ti/tirtos_msp43x_2_12_01_33/packages/ti/drivers/lib/drivers_MSP432P401R_instrumented.am4fg(UARTMSP432.om4fg)
                0x0000487c                UARTMSP432_control
 .text.findBaudDividerIndex
                0x000049b8       0x58 C:/ti/tirtos_msp43x_2_12_01_33/packages/ti/drivers/lib/drivers_MSP432P401R_instrumented.am4fg(UARTMSP432.om4fg)
 .text.UARTMSP432_read
                0x00004a10       0x48 C:/ti/tirtos_msp43x_2_12_01_33/packages/ti/drivers/lib/drivers_MSP432P401R_instrumented.am4fg(UARTMSP432.om4fg)
                0x00004a10                UARTMSP432_read
 .text.UARTMSP432_readCancel
                0x00004a58       0x38 C:/ti/tirtos_msp43x_2_12_01_33/packages/ti/drivers/lib/drivers_MSP432P401R_instrumented.am4fg(UARTMSP432.om4fg)
                0x00004a58                UARTMSP432_readCancel
 .text.UARTMSP432_writeCancel
                0x00004a90       0x5c C:/ti/tirtos_msp43x_2_12_01_33/packages/ti/drivers/lib/drivers_MSP432P401R_instrumented.am4fg(UARTMSP432.om4fg)
                0x00004a90                UARTMSP432_writeCancel
 .text.UARTMSP432_writePolling
                0x00004aec       0x90 C:/ti/tirtos_msp43x_2_12_01_33/packages/ti/drivers/lib/drivers_MSP432P401R_instrumented.am4fg(UARTMSP432.om4fg)
                0x00004aec                UARTMSP432_writePolling
 .text.readIsrTextBlocking
                0x00004b7c       0x98 C:/ti/tirtos_msp43x_2_12_01_33/packages/ti/drivers/lib/drivers_MSP432P401R_instrumented.am4fg(UARTMSP432.om4fg)
 .text.readIsrBinaryBlocking
                0x00004c14       0x60 C:/ti/tirtos_msp43x_2_12_01_33/packages/ti/drivers/lib/drivers_MSP432P401R_instrumented.am4fg(UARTMSP432.om4fg)
 .text.readTaskCallback
                0x00004c74       0x94 C:/ti/tirtos_msp43x_2_12_01_33/packages/ti/drivers/lib/drivers_MSP432P401R_instrumented.am4fg(UARTMSP432.om4fg)
 .text.readIsrTextCallback
                0x00004d08       0xa8 C:/ti/tirtos_msp43x_2_12_01_33/packages/ti/drivers/lib/drivers_MSP432P401R_instrumented.am4fg(UARTMSP432.om4fg)
 .text.readIsrBinaryCallback
                0x00004db0       0x58 C:/ti/tirtos_msp43x_2_12_01_33/packages/ti/drivers/lib/drivers_MSP432P401R_instrumented.am4fg(UARTMSP432.om4fg)
 .text.UARTMSP432_readPolling
                0x00004e08       0xf0 C:/ti/tirtos_msp43x_2_12_01_33/packages/ti/drivers/lib/drivers_MSP432P401R_instrumented.am4fg(UARTMSP432.om4fg)
                0x00004e08                UARTMSP432_readPolling
 .text.UARTMSP432_write
                0x00004ef8       0x84 C:/ti/tirtos_msp43x_2_12_01_33/packages/ti/drivers/lib/drivers_MSP432P401R_instrumented.am4fg(UARTMSP432.om4fg)
                0x00004ef8                UARTMSP432_write
 .text.readTaskBlocking
                0x00004f7c       0xa0 C:/ti/tirtos_msp43x_2_12_01_33/packages/ti/drivers/lib/drivers_MSP432P401R_instrumented.am4fg(UARTMSP432.om4fg)
 .text.readBlockingTimeout
                0x0000501c       0x10 C:/ti/tirtos_msp43x_2_12_01_33/packages/ti/drivers/lib/drivers_MSP432P401R_instrumented.am4fg(UARTMSP432.om4fg)
 .text.readSemCallback
                0x0000502c        0x8 C:/ti/tirtos_msp43x_2_12_01_33/packages/ti/drivers/lib/drivers_MSP432P401R_instrumented.am4fg(UARTMSP432.om4fg)
 .text.writeSemCallback
                0x00005034        0x8 C:/ti/tirtos_msp43x_2_12_01_33/packages/ti/drivers/lib/drivers_MSP432P401R_instrumented.am4fg(UARTMSP432.om4fg)
 .text.initHw   0x0000503c       0x94 C:/ti/tirtos_msp43x_2_12_01_33/packages/ti/drivers/lib/drivers_MSP432P401R_instrumented.am4fg(UARTMSP432.om4fg)
 .text.UARTMSP432_open
                0x000050d0      0x320 C:/ti/tirtos_msp43x_2_12_01_33/packages/ti/drivers/lib/drivers_MSP432P401R_instrumented.am4fg(UARTMSP432.om4fg)
                0x000050d0                UARTMSP432_open
 .text.perfChangeNotifyFxn
                0x000053f0       0x3c C:/ti/tirtos_msp43x_2_12_01_33/packages/ti/drivers/lib/drivers_MSP432P401R_instrumented.am4fg(UARTMSP432.om4fg)
 .text.UARTMSP432_hwiIntFxn
                0x0000542c      0x15c C:/ti/tirtos_msp43x_2_12_01_33/packages/ti/drivers/lib/drivers_MSP432P401R_instrumented.am4fg(UARTMSP432.om4fg)
                0x0000542c                UARTMSP432_hwiIntFxn
 .text.RingBuf_construct
                0x00005588       0x14 C:/ti/tirtos_msp43x_2_12_01_33/packages/ti/drivers/lib/drivers_MSP432P401R_instrumented.am4fg(RingBuf.om4fg)
                0x00005588                RingBuf_construct
 .text.RingBuf_get
                0x0000559c       0x40 C:/ti/tirtos_msp43x_2_12_01_33/packages/ti/drivers/lib/drivers_MSP432P401R_instrumented.am4fg(RingBuf.om4fg)
                0x0000559c                RingBuf_get
 .text.RingBuf_peek
                0x000055dc        0xc C:/ti/tirtos_msp43x_2_12_01_33/packages/ti/drivers/lib/drivers_MSP432P401R_instrumented.am4fg(RingBuf.om4fg)
                0x000055dc                RingBuf_peek
 .text.RingBuf_put
                0x000055e8       0x48 C:/ti/tirtos_msp43x_2_12_01_33/packages/ti/drivers/lib/drivers_MSP432P401R_instrumented.am4fg(RingBuf.om4fg)
                0x000055e8                RingBuf_put
 .text.notify   0x00005630       0x3c C:/ti/tirtos_msp43x_2_12_01_33/packages/ti/drivers/lib/drivers_MSP432P401R_instrumented.am4fg(PowerMSP432.om4fg)
 .text.Power_getConstraintMask
                0x0000566c        0xc C:/ti/tirtos_msp43x_2_12_01_33/packages/ti/drivers/lib/drivers_MSP432P401R_instrumented.am4fg(PowerMSP432.om4fg)
                0x0000566c                Power_getConstraintMask
 .text.Power_getPerformanceLevel
                0x00005678        0xc C:/ti/tirtos_msp43x_2_12_01_33/packages/ti/drivers/lib/drivers_MSP432P401R_instrumented.am4fg(PowerMSP432.om4fg)
                0x00005678                Power_getPerformanceLevel
 .text.Power_idleFunc
                0x00005684       0x1c C:/ti/tirtos_msp43x_2_12_01_33/packages/ti/drivers/lib/drivers_MSP432P401R_instrumented.am4fg(PowerMSP432.om4fg)
                0x00005684                Power_idleFunc
 .text.Power_init
                0x000056a0      0x120 C:/ti/tirtos_msp43x_2_12_01_33/packages/ti/drivers/lib/drivers_MSP432P401R_instrumented.am4fg(PowerMSP432.om4fg)
                0x000056a0                Power_init
 .text.Power_registerNotify
                0x000057c0       0x4c C:/ti/tirtos_msp43x_2_12_01_33/packages/ti/drivers/lib/drivers_MSP432P401R_instrumented.am4fg(PowerMSP432.om4fg)
                0x000057c0                Power_registerNotify
 .text.Power_releaseConstraint
                0x0000580c       0x60 C:/ti/tirtos_msp43x_2_12_01_33/packages/ti/drivers/lib/drivers_MSP432P401R_instrumented.am4fg(PowerMSP432.om4fg)
                0x0000580c                Power_releaseConstraint
 .text.Power_setConstraint
                0x0000586c       0x40 C:/ti/tirtos_msp43x_2_12_01_33/packages/ti/drivers/lib/drivers_MSP432P401R_instrumented.am4fg(PowerMSP432.om4fg)
                0x0000586c                Power_setConstraint
 .text.Power_sleep
                0x000058ac       0xc8 C:/ti/tirtos_msp43x_2_12_01_33/packages/ti/drivers/lib/drivers_MSP432P401R_instrumented.am4fg(PowerMSP432.om4fg)
                0x000058ac                Power_sleep
 .text.Power_unregisterNotify
                0x00005974       0x20 C:/ti/tirtos_msp43x_2_12_01_33/packages/ti/drivers/lib/drivers_MSP432P401R_instrumented.am4fg(PowerMSP432.om4fg)
                0x00005974                Power_unregisterNotify
 .text.PowerMSP432_getFreqs
                0x00005994       0x3c C:/ti/tirtos_msp43x_2_12_01_33/packages/ti/drivers/lib/drivers_MSP432P401R_instrumented.am4fg(PowerMSP432.om4fg)
                0x00005994                PowerMSP432_getFreqs
 .text.PowerMSP432_getNumPerfLevels
                0x000059d0        0x4 C:/ti/tirtos_msp43x_2_12_01_33/packages/ti/drivers/lib/drivers_MSP432P401R_instrumented.am4fg(PowerMSP432.om4fg)
                0x000059d0                PowerMSP432_getNumPerfLevels
 .text.PowerMSP432_policyFxn
                0x000059d4       0x60 C:/ti/tirtos_msp43x_2_12_01_33/packages/ti/drivers/lib/drivers_MSP432P401R_instrumented.am4fg(PowerMSP432_tirtos.om4fg)
                0x000059d4                PowerMSP432_policyFxn
 .text.PowerMSP432_policyInitFxn
                0x00005a34        0x4 C:/ti/tirtos_msp43x_2_12_01_33/packages/ti/drivers/lib/drivers_MSP432P401R_instrumented.am4fg(PowerMSP432_tirtos.om4fg)
                0x00005a34                PowerMSP432_policyInitFxn
 .text.PowerMSP432_updateFreqs
                0x00005a38       0x30 C:/ti/tirtos_msp43x_2_12_01_33/packages/ti/drivers/lib/drivers_MSP432P401R_instrumented.am4fg(PowerMSP432_tirtos.om4fg)
                0x00005a38                PowerMSP432_updateFreqs
 .text.ClockP_create
                0x00005a68       0x58 C:/ti/tirtos_msp43x_2_12_01_33/packages/ti/drivers/ports/tirtos/lib/tirtosport.am4fg(ClockP_tirtos.om4fg)
                0x00005a68                ClockP_create
 .text.ClockP_Params_init
                0x00005ac0        0x8 C:/ti/tirtos_msp43x_2_12_01_33/packages/ti/drivers/ports/tirtos/lib/tirtosport.am4fg(ClockP_tirtos.om4fg)
                0x00005ac0                ClockP_Params_init
 .text.ClockP_start
                0x00005ac8       0x14 C:/ti/tirtos_msp43x_2_12_01_33/packages/ti/drivers/ports/tirtos/lib/tirtosport.am4fg(ClockP_tirtos.om4fg)
                0x00005ac8                ClockP_start
 .text.ClockP_stop
                0x00005adc        0xc C:/ti/tirtos_msp43x_2_12_01_33/packages/ti/drivers/ports/tirtos/lib/tirtosport.am4fg(ClockP_tirtos.om4fg)
                0x00005adc                ClockP_stop
 .text._DebugP_assert
                0x00005ae8       0x1c C:/ti/tirtos_msp43x_2_12_01_33/packages/ti/drivers/ports/tirtos/lib/tirtosport.am4fg(DebugP_tirtos.om4fg)
                0x00005ae8                _DebugP_assert
 .text.DebugP_log1
                0x00005b04       0x5c C:/ti/tirtos_msp43x_2_12_01_33/packages/ti/drivers/ports/tirtos/lib/tirtosport.am4fg(DebugP_tirtos.om4fg)
                0x00005b04                DebugP_log1
 .text.DebugP_log2
                0x00005b60       0x64 C:/ti/tirtos_msp43x_2_12_01_33/packages/ti/drivers/ports/tirtos/lib/tirtosport.am4fg(DebugP_tirtos.om4fg)
                0x00005b60                DebugP_log2
 .text.DebugP_log3
                0x00005bc4       0x60 C:/ti/tirtos_msp43x_2_12_01_33/packages/ti/drivers/ports/tirtos/lib/tirtosport.am4fg(DebugP_tirtos.om4fg)
                0x00005bc4                DebugP_log3
 .text.HwiP_create
                0x00005c24       0x68 C:/ti/tirtos_msp43x_2_12_01_33/packages/ti/drivers/ports/tirtos/lib/tirtosport.am4fg(HwiP_tirtos.om4fg)
                0x00005c24                HwiP_create
 .text.HwiP_delete
                0x00005c8c       0x18 C:/ti/tirtos_msp43x_2_12_01_33/packages/ti/drivers/ports/tirtos/lib/tirtosport.am4fg(HwiP_tirtos.om4fg)
                0x00005c8c                HwiP_delete
 .text.HwiP_disable
                0x00005ca4        0x4 C:/ti/tirtos_msp43x_2_12_01_33/packages/ti/drivers/ports/tirtos/lib/tirtosport.am4fg(HwiP_tirtos.om4fg)
                0x00005ca4                HwiP_disable
 .text.HwiP_Params_init
                0x00005ca8       0x10 C:/ti/tirtos_msp43x_2_12_01_33/packages/ti/drivers/ports/tirtos/lib/tirtosport.am4fg(HwiP_tirtos.om4fg)
                0x00005ca8                HwiP_Params_init
 .text.HwiP_restore
                0x00005cb8        0x4 C:/ti/tirtos_msp43x_2_12_01_33/packages/ti/drivers/ports/tirtos/lib/tirtosport.am4fg(HwiP_tirtos.om4fg)
                0x00005cb8                HwiP_restore
 .text.ListP_head
                0x00005cbc        0x4 C:/ti/tirtos_msp43x_2_12_01_33/packages/ti/drivers/ports/tirtos/lib/tirtosport.am4fg(ListP.om4fg)
                0x00005cbc                ListP_head
 .text.ListP_next
                0x00005cc0        0x4 C:/ti/tirtos_msp43x_2_12_01_33/packages/ti/drivers/ports/tirtos/lib/tirtosport.am4fg(ListP.om4fg)
                0x00005cc0                ListP_next
 .text.ListP_put
                0x00005cc4       0x2c C:/ti/tirtos_msp43x_2_12_01_33/packages/ti/drivers/ports/tirtos/lib/tirtosport.am4fg(ListP.om4fg)
                0x00005cc4                ListP_put
 .text.ListP_remove
                0x00005cf0       0x1c C:/ti/tirtos_msp43x_2_12_01_33/packages/ti/drivers/ports/tirtos/lib/tirtosport.am4fg(ListP.om4fg)
                0x00005cf0                ListP_remove
 .text.SemaphoreP_create
                0x00005d0c       0x5c C:/ti/tirtos_msp43x_2_12_01_33/packages/ti/drivers/ports/tirtos/lib/tirtosport.am4fg(SemaphoreP_tirtos.om4fg)
                0x00005d0c                SemaphoreP_create
 .text.SemaphoreP_delete
                0x00005d68       0x18 C:/ti/tirtos_msp43x_2_12_01_33/packages/ti/drivers/ports/tirtos/lib/tirtosport.am4fg(SemaphoreP_tirtos.om4fg)
                0x00005d68                SemaphoreP_delete
 .text.SemaphoreP_Params_init
                0x00005d80        0x8 C:/ti/tirtos_msp43x_2_12_01_33/packages/ti/drivers/ports/tirtos/lib/tirtosport.am4fg(SemaphoreP_tirtos.om4fg)
                0x00005d80                SemaphoreP_Params_init
 .text.SemaphoreP_pend
                0x00005d88       0x14 C:/ti/tirtos_msp43x_2_12_01_33/packages/ti/drivers/ports/tirtos/lib/tirtosport.am4fg(SemaphoreP_tirtos.om4fg)
                0x00005d88                SemaphoreP_pend
 .text.SemaphoreP_post
                0x00005d9c        0xc C:/ti/tirtos_msp43x_2_12_01_33/packages/ti/drivers/ports/tirtos/lib/tirtosport.am4fg(SemaphoreP_tirtos.om4fg)
                0x00005d9c                SemaphoreP_post
 .text.SemaphoreP_postFromClock
                0x00005da8        0xc C:/ti/tirtos_msp43x_2_12_01_33/packages/ti/drivers/ports/tirtos/lib/tirtosport.am4fg(SemaphoreP_tirtos.om4fg)
                0x00005da8                SemaphoreP_postFromClock
 .text.SemaphoreP_postFromISR
                0x00005db4        0xc C:/ti/tirtos_msp43x_2_12_01_33/packages/ti/drivers/ports/tirtos/lib/tirtosport.am4fg(SemaphoreP_tirtos.om4fg)
                0x00005db4                SemaphoreP_postFromISR
 .text.ti_sysbios_BIOS_getThreadType__E
                0x00005dc0        0xc C:\Users\Sam\workspace_v6_1\Octanis1-Mainboard-Firmware_MSP_EXP432P401RLP\src\sysbios\sysbios.am4fg(_BIOS.o)
                0x00005dc0                ti_sysbios_BIOS_getThreadType__E
 .text.ti_sysbios_BIOS_setThreadType__E
                0x00005dcc       0x10 C:\Users\Sam\workspace_v6_1\Octanis1-Mainboard-Firmware_MSP_EXP432P401RLP\src\sysbios\sysbios.am4fg(_BIOS.o)
                0x00005dcc                ti_sysbios_BIOS_setThreadType__E
 .text.ti_sysbios_BIOS_setCpuFreq__E
                0x00005ddc       0x10 C:\Users\Sam\workspace_v6_1\Octanis1-Mainboard-Firmware_MSP_EXP432P401RLP\src\sysbios\sysbios.am4fg(_BIOS.o)
                0x00005ddc                ti_sysbios_BIOS_setCpuFreq__E
 .text.ti_sysbios_BIOS_getCpuFreq__E
                0x00005dec       0x10 C:\Users\Sam\workspace_v6_1\Octanis1-Mainboard-Firmware_MSP_EXP432P401RLP\src\sysbios\sysbios.am4fg(_BIOS.o)
                0x00005dec                ti_sysbios_BIOS_getCpuFreq__E
 .text.ti_sysbios_BIOS_start__E
                0x00005dfc       0x10 C:\Users\Sam\workspace_v6_1\Octanis1-Mainboard-Firmware_MSP_EXP432P401RLP\src\sysbios\sysbios.am4fg(_BIOS.o)
                0x00005dfc                ti_sysbios_BIOS_start__E
 .text.ti_sysbios_BIOS_exit__E
                0x00005e0c       0x10 C:\Users\Sam\workspace_v6_1\Octanis1-Mainboard-Firmware_MSP_EXP432P401RLP\src\sysbios\sysbios.am4fg(_BIOS.o)
                0x00005e0c                ti_sysbios_BIOS_exit__E
 .text.ti_sysbios_knl_Clock_Module_startup__E
                0x00005e1c       0x24 C:\Users\Sam\workspace_v6_1\Octanis1-Mainboard-Firmware_MSP_EXP432P401RLP\src\sysbios\sysbios.am4fg(knl_Clock.o)
                0x00005e1c                ti_sysbios_knl_Clock_Module_startup__E
 .text.ti_sysbios_knl_Clock_workFunc__E
                0x00005e40      0x158 C:\Users\Sam\workspace_v6_1\Octanis1-Mainboard-Firmware_MSP_EXP432P401RLP\src\sysbios\sysbios.am4fg(knl_Clock.o)
                0x00005e40                ti_sysbios_knl_Clock_workFunc__E
 .text.ti_sysbios_knl_Clock_Instance_init__E
                0x00005f98      0x1b8 C:\Users\Sam\workspace_v6_1\Octanis1-Mainboard-Firmware_MSP_EXP432P401RLP\src\sysbios\sysbios.am4fg(knl_Clock.o)
                0x00005f98                ti_sysbios_knl_Clock_Instance_init__E
 .text.ti_sysbios_knl_Clock_addI__E
                0x00006150       0x28 C:\Users\Sam\workspace_v6_1\Octanis1-Mainboard-Firmware_MSP_EXP432P401RLP\src\sysbios\sysbios.am4fg(knl_Clock.o)
                0x00006150                ti_sysbios_knl_Clock_addI__E
 .text.ti_sysbios_knl_Clock_removeI__E
                0x00006178        0x4 C:\Users\Sam\workspace_v6_1\Octanis1-Mainboard-Firmware_MSP_EXP432P401RLP\src\sysbios\sysbios.am4fg(knl_Clock.o)
                0x00006178                ti_sysbios_knl_Clock_removeI__E
 .text.ti_sysbios_knl_Clock_startI__E
                0x0000617c       0x14 C:\Users\Sam\workspace_v6_1\Octanis1-Mainboard-Firmware_MSP_EXP432P401RLP\src\sysbios\sysbios.am4fg(knl_Clock.o)
                0x0000617c                ti_sysbios_knl_Clock_startI__E
 .text.ti_sysbios_knl_Clock_start__E
                0x00006190       0x78 C:\Users\Sam\workspace_v6_1\Octanis1-Mainboard-Firmware_MSP_EXP432P401RLP\src\sysbios\sysbios.am4fg(knl_Clock.o)
                0x00006190                ti_sysbios_knl_Clock_start__E
 .text.ti_sysbios_knl_Clock_stop__E
                0x00006208        0x8 C:\Users\Sam\workspace_v6_1\Octanis1-Mainboard-Firmware_MSP_EXP432P401RLP\src\sysbios\sysbios.am4fg(knl_Clock.o)
                0x00006208                ti_sysbios_knl_Clock_stop__E
 .text.ti_sysbios_knl_Clock_setTimeout__E
                0x00006210        0x4 C:\Users\Sam\workspace_v6_1\Octanis1-Mainboard-Firmware_MSP_EXP432P401RLP\src\sysbios\sysbios.am4fg(knl_Clock.o)
                0x00006210                ti_sysbios_knl_Clock_setTimeout__E
 .text.ti_sysbios_knl_Clock_logTick__E
                0x00006214       0x60 C:\Users\Sam\workspace_v6_1\Octanis1-Mainboard-Firmware_MSP_EXP432P401RLP\src\sysbios\sysbios.am4fg(knl_Clock.o)
                0x00006214                ti_sysbios_knl_Clock_logTick__E
 .text.ti_sysbios_knl_Idle_loop__E
                0x00006274       0x20 C:\Users\Sam\workspace_v6_1\Octanis1-Mainboard-Firmware_MSP_EXP432P401RLP\src\sysbios\sysbios.am4fg(knl_Idle.o)
                0x00006274                ti_sysbios_knl_Idle_loop__E
 .text.ti_sysbios_knl_Idle_run__E
                0x00006294       0x24 C:\Users\Sam\workspace_v6_1\Octanis1-Mainboard-Firmware_MSP_EXP432P401RLP\src\sysbios\sysbios.am4fg(knl_Idle.o)
                0x00006294                ti_sysbios_knl_Idle_run__E
 .text.ti_sysbios_knl_Queue_Instance_init__E
                0x000062b8        0x8 C:\Users\Sam\workspace_v6_1\Octanis1-Mainboard-Firmware_MSP_EXP432P401RLP\src\sysbios\sysbios.am4fg(knl_Queue.o)
                0x000062b8                ti_sysbios_knl_Queue_Instance_init__E
 .text.ti_sysbios_knl_Queue_dequeue__E
                0x000062c0        0xc C:\Users\Sam\workspace_v6_1\Octanis1-Mainboard-Firmware_MSP_EXP432P401RLP\src\sysbios\sysbios.am4fg(knl_Queue.o)
                0x000062c0                ti_sysbios_knl_Queue_dequeue__E
 .text.ti_sysbios_knl_Queue_empty__E
                0x000062cc        0xc C:\Users\Sam\workspace_v6_1\Octanis1-Mainboard-Firmware_MSP_EXP432P401RLP\src\sysbios\sysbios.am4fg(knl_Queue.o)
                0x000062cc                ti_sysbios_knl_Queue_empty__E
 .text.ti_sysbios_knl_Queue_enqueue__E
                0x000062d8        0xc C:\Users\Sam\workspace_v6_1\Octanis1-Mainboard-Firmware_MSP_EXP432P401RLP\src\sysbios\sysbios.am4fg(knl_Queue.o)
                0x000062d8                ti_sysbios_knl_Queue_enqueue__E
 .text.ti_sysbios_knl_Queue_head__E
                0x000062e4        0x4 C:\Users\Sam\workspace_v6_1\Octanis1-Mainboard-Firmware_MSP_EXP432P401RLP\src\sysbios\sysbios.am4fg(knl_Queue.o)
                0x000062e4                ti_sysbios_knl_Queue_head__E
 .text.ti_sysbios_knl_Queue_elemClear__E
                0x000062e8        0x8 C:\Users\Sam\workspace_v6_1\Octanis1-Mainboard-Firmware_MSP_EXP432P401RLP\src\sysbios\sysbios.am4fg(knl_Queue.o)
                0x000062e8                ti_sysbios_knl_Queue_elemClear__E
 .text.ti_sysbios_knl_Queue_insert__E
                0x000062f0        0xc C:\Users\Sam\workspace_v6_1\Octanis1-Mainboard-Firmware_MSP_EXP432P401RLP\src\sysbios\sysbios.am4fg(knl_Queue.o)
                0x000062f0                ti_sysbios_knl_Queue_insert__E
 .text.ti_sysbios_knl_Queue_next__E
                0x000062fc        0x4 C:\Users\Sam\workspace_v6_1\Octanis1-Mainboard-Firmware_MSP_EXP432P401RLP\src\sysbios\sysbios.am4fg(knl_Queue.o)
                0x000062fc                ti_sysbios_knl_Queue_next__E
 .text.ti_sysbios_knl_Queue_put__E
                0x00006300       0x1c C:\Users\Sam\workspace_v6_1\Octanis1-Mainboard-Firmware_MSP_EXP432P401RLP\src\sysbios\sysbios.am4fg(knl_Queue.o)
                0x00006300                ti_sysbios_knl_Queue_put__E
 .text.ti_sysbios_knl_Queue_remove__E
                0x0000631c       0x10 C:\Users\Sam\workspace_v6_1\Octanis1-Mainboard-Firmware_MSP_EXP432P401RLP\src\sysbios\sysbios.am4fg(knl_Queue.o)
                0x0000631c                ti_sysbios_knl_Queue_remove__E
 .text.ti_sysbios_knl_Semaphore_pendTimeout__I
                0x0000632c       0x30 C:\Users\Sam\workspace_v6_1\Octanis1-Mainboard-Firmware_MSP_EXP432P401RLP\src\sysbios\sysbios.am4fg(knl_Semaphore.o)
                0x0000632c                ti_sysbios_knl_Semaphore_pendTimeout(int0_t)
 .text.ti_sysbios_knl_Semaphore_Instance_init__E
                0x0000635c       0x9c C:\Users\Sam\workspace_v6_1\Octanis1-Mainboard-Firmware_MSP_EXP432P401RLP\src\sysbios\sysbios.am4fg(knl_Semaphore.o)
                0x0000635c                ti_sysbios_knl_Semaphore_Instance_init__E
 .text.ti_sysbios_knl_Semaphore_Instance_finalize__E
                0x000063f8       0x10 C:\Users\Sam\workspace_v6_1\Octanis1-Mainboard-Firmware_MSP_EXP432P401RLP\src\sysbios\sysbios.am4fg(knl_Semaphore.o)
                0x000063f8                ti_sysbios_knl_Semaphore_Instance_finalize__E
 .text.ti_sysbios_knl_Semaphore_pend__E
                0x00006408      0x31c C:\Users\Sam\workspace_v6_1\Octanis1-Mainboard-Firmware_MSP_EXP432P401RLP\src\sysbios\sysbios.am4fg(knl_Semaphore.o)
                0x00006408                ti_sysbios_knl_Semaphore_pend__E
 .text.ti_sysbios_knl_Semaphore_post__E
                0x00006724      0x13c C:\Users\Sam\workspace_v6_1\Octanis1-Mainboard-Firmware_MSP_EXP432P401RLP\src\sysbios\sysbios.am4fg(knl_Semaphore.o)
                0x00006724                ti_sysbios_knl_Semaphore_post__E
 .text.ti_sysbios_knl_Swi_runLoop__I
                0x00006860      0x170 C:\Users\Sam\workspace_v6_1\Octanis1-Mainboard-Firmware_MSP_EXP432P401RLP\src\sysbios\sysbios.am4fg(knl_Swi.o)
                0x00006860                ti_sysbios_knl_Swi_runLoop(int0_t)
 .text.ti_sysbios_knl_Swi_Module_startup__E
                0x000069d0       0x24 C:\Users\Sam\workspace_v6_1\Octanis1-Mainboard-Firmware_MSP_EXP432P401RLP\src\sysbios\sysbios.am4fg(knl_Swi.o)
                0x000069d0                ti_sysbios_knl_Swi_Module_startup__E
 .text.ti_sysbios_knl_Swi_startup__E
                0x000069f4       0x88 C:\Users\Sam\workspace_v6_1\Octanis1-Mainboard-Firmware_MSP_EXP432P401RLP\src\sysbios\sysbios.am4fg(knl_Swi.o)
                0x000069f4                ti_sysbios_knl_Swi_startup__E
 .text.ti_sysbios_knl_Swi_enabled__E
                0x00006a7c       0x14 C:\Users\Sam\workspace_v6_1\Octanis1-Mainboard-Firmware_MSP_EXP432P401RLP\src\sysbios\sysbios.am4fg(knl_Swi.o)
                0x00006a7c                ti_sysbios_knl_Swi_enabled__E
 .text.ti_sysbios_knl_Swi_disable__E
                0x00006a90       0x14 C:\Users\Sam\workspace_v6_1\Octanis1-Mainboard-Firmware_MSP_EXP432P401RLP\src\sysbios\sysbios.am4fg(knl_Swi.o)
                0x00006a90                ti_sysbios_knl_Swi_disable__E
 .text.ti_sysbios_knl_Swi_restore__E
                0x00006aa4       0x8c C:\Users\Sam\workspace_v6_1\Octanis1-Mainboard-Firmware_MSP_EXP432P401RLP\src\sysbios\sysbios.am4fg(knl_Swi.o)
                0x00006aa4                ti_sysbios_knl_Swi_restore__E
 .text.ti_sysbios_knl_Swi_restoreHwi__E
                0x00006b30      0x188 C:\Users\Sam\workspace_v6_1\Octanis1-Mainboard-Firmware_MSP_EXP432P401RLP\src\sysbios\sysbios.am4fg(knl_Swi.o)
                0x00006b30                ti_sysbios_knl_Swi_restoreHwi__E
 .text.ti_sysbios_knl_Swi_self__E
                0x00006cb8        0xc C:\Users\Sam\workspace_v6_1\Octanis1-Mainboard-Firmware_MSP_EXP432P401RLP\src\sysbios\sysbios.am4fg(knl_Swi.o)
                0x00006cb8                ti_sysbios_knl_Swi_self__E