Archive member included because of file (symbol)

C:\ti\tirtos_msp43x_2_12_01_33\products\uia_2_00_02_39\packages\ti\uia\loggers\lib\release\ti.uia.loggers.am4fg(LoggerStopMode.om4fg)
                              C:\Users\Sam\workspace_v6_1\Octanis1-Mainboard-Firmware_MSP_EXP432P401RLP\Debug\configPkg\package\cfg\app_pm4fg.om4fg (ti_uia_loggers_LoggerStopMode_flush__E)
C:/ti/tirtos_msp43x_2_12_01_33/packages/ti/drivers/lib/drivers_MSP432P401R_instrumented.am4fg(GPIOMSP432.om4fg)
                              ./MSP_EXP432P401RLP.o (GPIO_init)
C:/ti/tirtos_msp43x_2_12_01_33/packages/ti/drivers/lib/drivers_MSP432P401R_instrumented.am4fg(I2C.om4fg)
                              ./MSP_EXP432P401RLP.o (I2C_init)
C:/ti/tirtos_msp43x_2_12_01_33/packages/ti/drivers/lib/drivers_MSP432P401R_instrumented.am4fg(I2CMSP432.om4fg)
                              ./MSP_EXP432P401RLP.o (I2CMSP432_fxnTable)
C:/ti/tirtos_msp43x_2_12_01_33/packages/ti/drivers/lib/drivers_MSP432P401R_instrumented.am4fg(PWM.om4fg)
                              ./MSP_EXP432P401RLP.o (PWM_init)
C:/ti/tirtos_msp43x_2_12_01_33/packages/ti/drivers/lib/drivers_MSP432P401R_instrumented.am4fg(PWMTimerMSP432.om4fg)
                              ./MSP_EXP432P401RLP.o (PWMTimerMSP432_fxnTable)
C:/ti/tirtos_msp43x_2_12_01_33/packages/ti/drivers/lib/drivers_MSP432P401R_instrumented.am4fg(SDSPI.om4fg)
                              ./MSP_EXP432P401RLP.o (SDSPI_init)
C:/ti/tirtos_msp43x_2_12_01_33/packages/ti/drivers/lib/drivers_MSP432P401R_instrumented.am4fg(SDSPIMSP432.om4fg)
                              ./MSP_EXP432P401RLP.o (SDSPIMSP432_fxnTable)
C:/ti/tirtos_msp43x_2_12_01_33/packages/ti/drivers/lib/drivers_MSP432P401R_instrumented.am4fg(SPI.om4fg)
                              ./MSP_EXP432P401RLP.o (SPI_init)
C:/ti/tirtos_msp43x_2_12_01_33/packages/ti/drivers/lib/drivers_MSP432P401R_instrumented.am4fg(SPIMSP432DMA.om4fg)
                              ./MSP_EXP432P401RLP.o (SPIMSP432DMA_fxnTable)
C:/ti/tirtos_msp43x_2_12_01_33/packages/ti/drivers/lib/drivers_MSP432P401R_instrumented.am4fg(UART.om4fg)
                              ./MSP_EXP432P401RLP.o (UART_init)
C:/ti/tirtos_msp43x_2_12_01_33/packages/ti/drivers/lib/drivers_MSP432P401R_instrumented.am4fg(UARTMSP432.om4fg)
                              ./MSP_EXP432P401RLP.o (UARTMSP432_fxnTable)
C:/ti/tirtos_msp43x_2_12_01_33/packages/ti/drivers/lib/drivers_MSP432P401R_instrumented.am4fg(RingBuf.om4fg)
                              C:/ti/tirtos_msp43x_2_12_01_33/packages/ti/drivers/lib/drivers_MSP432P401R_instrumented.am4fg(UARTMSP432.om4fg) (RingBuf_construct)
C:/ti/tirtos_msp43x_2_12_01_33/packages/ti/drivers/lib/drivers_MSP432P401R_instrumented.am4fg(Watchdog.om4fg)
                              ./MSP_EXP432P401RLP.o (Watchdog_init)
C:/ti/tirtos_msp43x_2_12_01_33/packages/ti/drivers/lib/drivers_MSP432P401R_instrumented.am4fg(WatchdogMSP432.om4fg)
                              ./MSP_EXP432P401RLP.o (WatchdogMSP432_fxnTable)
C:/ti/tirtos_msp43x_2_12_01_33/packages/ti/drivers/lib/drivers_MSP432P401R_instrumented.am4fg(PowerMSP432.om4fg)
                              C:/ti/tirtos_msp43x_2_12_01_33/packages/ti/drivers/lib/drivers_MSP432P401R_instrumented.am4fg(I2CMSP432.om4fg) (Power_getPerformanceLevel)
C:/ti/tirtos_msp43x_2_12_01_33/packages/ti/drivers/lib/drivers_MSP432P401R_instrumented.am4fg(PowerMSP432_tirtos.om4fg)
                              ./MSP_EXP432P401RLP.o (PowerMSP432_policyFxn)
C:/ti/tirtos_msp43x_2_12_01_33/packages/ti/drivers/ports/tirtos/lib/tirtosport.am4fg(ClockP_tirtos.om4fg)
                              C:/ti/tirtos_msp43x_2_12_01_33/packages/ti/drivers/lib/drivers_MSP432P401R_instrumented.am4fg(UARTMSP432.om4fg) (ClockP_create)
C:/ti/tirtos_msp43x_2_12_01_33/packages/ti/drivers/ports/tirtos/lib/tirtosport.am4fg(DebugP_tirtos.om4fg)
                              C:/ti/tirtos_msp43x_2_12_01_33/packages/ti/drivers/lib/drivers_MSP432P401R_instrumented.am4fg(GPIOMSP432.om4fg) (_DebugP_assert)
C:/ti/tirtos_msp43x_2_12_01_33/packages/ti/drivers/ports/tirtos/lib/tirtosport.am4fg(HwiP_tirtos.om4fg)
                              C:/ti/tirtos_msp43x_2_12_01_33/packages/ti/drivers/lib/drivers_MSP432P401R_instrumented.am4fg(GPIOMSP432.om4fg) (HwiP_create)
C:/ti/tirtos_msp43x_2_12_01_33/packages/ti/drivers/ports/tirtos/lib/tirtosport.am4fg(ListP.om4fg)
                              C:/ti/tirtos_msp43x_2_12_01_33/packages/ti/drivers/lib/drivers_MSP432P401R_instrumented.am4fg(PowerMSP432.om4fg) (ListP_head)
C:/ti/tirtos_msp43x_2_12_01_33/packages/ti/drivers/ports/tirtos/lib/tirtosport.am4fg(SemaphoreP_tirtos.om4fg)
                              C:/ti/tirtos_msp43x_2_12_01_33/packages/ti/drivers/lib/drivers_MSP432P401R_instrumented.am4fg(I2CMSP432.om4fg) (SemaphoreP_create)
C:\ti\tirtos_msp43x_2_12_01_33\products\bios_6_41_04_54\packages\ti\sysbios\fatfs\lib\release\ti.sysbios.fatfs.am4fg(ff.om4fg)
[...]
Memory Configuration

Name             Origin             Length             Attributes
MAIN_FLASH       0x00000000         0x00040000         xr
INFO_FLASH       0x00200000         0x00004000         xr
SRAM_CODE        0x01000000         0x00010000         xrw
SRAM_DATA        0x20000000         0x00010000         rw
*default*        0x00000000         0xffffffff

Linker script and memory map

LOAD ./MSP_EXP432P401RLP.o
LOAD ./fw/tests/minunit.o
LOAD ./fw/peripherals/compass.o
LOAD ./fw/peripherals/flash.o
LOAD ./fw/peripherals/gps.o
LOAD ./fw/peripherals/imu.o
LOAD ./fw/peripherals/motor.o
LOAD ./fw/peripherals/radio.o
LOAD ./fw/peripherals/rockblock.o
LOAD ./fw/peripherals/sonar.o
LOAD ./fw/peripherals/strut.o
LOAD ./fw/peripherals/weather.o
LOAD ./fw/peripherals/wheel.o
LOAD ./fw/peripherals/hal/mpu6050.o
LOAD ./fw/nav/drive.o
LOAD ./fw/nav/map.o
LOAD ./fw/nav/path.o
LOAD ./fw/nav/pose.o
LOAD ./fw/main.o
LOAD ./fw/lib/printf.o
LOAD ./fw/core/cli.o
LOAD ./fw/core/log.o
                0x00000000                PROVIDE (_intvecs_base_address, 0x0)

.intvecs        0x00000000       0x3c
 *(.intvecs)
 .intvecs       0x00000000       0x3c C:\Users\Sam\workspace_v6_1\Octanis1-Mainboard-Firmware_MSP_EXP432P401RLP\Debug\configPkg\package\cfg\app_pm4fg.om4fg
                0x00000000                ti_sysbios_family_arm_m3_Hwi_resetVectors
                0x20000000                PROVIDE (_vtable_base_address, 0x20000000)

.vtable         0x20000000      0x140
 *(.vtable)
 .vtable        0x20000000      0x140 C:\Users\Sam\workspace_v6_1\Octanis1-Mainboard-Firmware_MSP_EXP432P401RLP\Debug\configPkg\package\cfg\app_pm4fg.om4fg
                0x20000000                ti_sysbios_family_arm_m3_Hwi_ramVectors

.text           0x00000040     0xb138
 CREATE_OBJECT_SYMBOLS
 *(.text)
 .text          0x00000040        0x0 ./MSP_EXP432P401RLP.o
 .text          0x00000040        0x0 ./fw/tests/minunit.o
 .text          0x00000040        0x0 ./fw/peripherals/compass.o
 .text          0x00000040        0x0 ./fw/peripherals/flash.o
 .text          0x00000040        0x0 ./fw/peripherals/gps.o
 .text          0x00000040        0x0 ./fw/peripherals/imu.o
 .text          0x00000040        0x0 ./fw/peripherals/motor.o
 .text          0x00000040        0x0 ./fw/peripherals/radio.o
 .text          0x00000040        0x0 ./fw/peripherals/rockblock.o
 .text          0x00000040        0x0 ./fw/peripherals/sonar.o
 .text          0x00000040        0x0 ./fw/peripherals/strut.o
 .text          0x00000040        0x0 ./fw/peripherals/weather.o
 .text          0x00000040        0x0 ./fw/peripherals/wheel.o
 .text          0x00000040        0x0 ./fw/peripherals/hal/mpu6050.o
 .text          0x00000040        0x0 ./fw/nav/drive.o
 .text          0x00000040        0x0 ./fw/nav/map.o
 .text          0x00000040        0x0 ./fw/nav/path.o
 .text          0x00000040        0x0 ./fw/nav/pose.o
 .text          0x00000040        0x0 ./fw/main.o
 .text          0x00000040        0x0 ./fw/lib/printf.o
 .text          0x00000040        0x0 ./fw/core/cli.o
 .text          0x00000040        0x0 ./fw/core/log.o
 .text          0x00000040        0x0 C:\Users\Sam\workspace_v6_1\Octanis1-Mainboard-Firmware_MSP_EXP432P401RLP\Debug\configPkg\package\cfg\app_pm4fg.om4fg
 .text          0x00000040        0x0 C:\ti\tirtos_msp43x_2_12_01_33\products\uia_2_00_02_39\packages\ti\uia\loggers\lib\release\ti.uia.loggers.am4fg(LoggerStopMode.om4fg)
 .text          0x00000040        0x0 C:/ti/tirtos_msp43x_2_12_01_33/packages/ti/drivers/lib/drivers_MSP432P401R_instrumented.am4fg(GPIOMSP432.om4fg)
 .text          0x00000040        0x0 C:/ti/tirtos_msp43x_2_12_01_33/packages/ti/drivers/lib/drivers_MSP432P401R_instrumented.am4fg(I2C.om4fg)
 .text          0x00000040        0x0 C:/ti/tirtos_msp43x_2_12_01_33/packages/ti/drivers/lib/drivers_MSP432P401R_instrumented.am4fg(I2CMSP432.om4fg)
 .text          0x00000040        0x0 C:/ti/tirtos_msp43x_2_12_01_33/packages/ti/drivers/lib/drivers_MSP432P401R_instrumented.am4fg(PWM.om4fg)
 .text          0x00000040        0x0 C:/ti/tirtos_msp43x_2_12_01_33/packages/ti/drivers/lib/drivers_MSP432P401R_instrumented.am4fg(PWMTimerMSP432.om4fg)
 .text          0x00000040        0x0 C:/ti/tirtos_msp43x_2_12_01_33/packages/ti/drivers/lib/drivers_MSP432P401R_instrumented.am4fg(SDSPI.om4fg)
 .text          0x00000040        0x0 C:/ti/tirtos_msp43x_2_12_01_33/packages/ti/drivers/lib/drivers_MSP432P401R_instrumented.am4fg(SDSPIMSP432.om4fg)
 .text          0x00000040        0x0 C:/ti/tirtos_msp43x_2_12_01_33/packages/ti/drivers/lib/drivers_MSP432P401R_instrumented.am4fg(SPI.om4fg)
 .text          0x00000040        0x0 C:/ti/tirtos_msp43x_2_12_01_33/packages/ti/drivers/lib/drivers_MSP432P401R_instrumented.am4fg(SPIMSP432DMA.om4fg)
 .text          0x00000040        0x0 C:/ti/tirtos_msp43x_2_12_01_33/packages/ti/drivers/lib/drivers_MSP432P401R_instrumented.am4fg(UART.om4fg)
 .text          0x00000040        0x0 C:/ti/tirtos_msp43x_2_12_01_33/packages/ti/drivers/lib/drivers_MSP432P401R_instrumented.am4fg(UARTMSP432.om4fg)
 .text          0x00000040        0x0 C:/ti/tirtos_msp43x_2_12_01_33/packages/ti/drivers/lib/drivers_MSP432P401R_instrumented.am4fg(RingBuf.om4fg)
 .text          0x00000040        0x0 C:/ti/tirtos_msp43x_2_12_01_33/packages/ti/drivers/lib/drivers_MSP432P401R_instrumented.am4fg(Watchdog.om4fg)
 .text          0x00000040        0x0 C:/ti/tirtos_msp43x_2_12_01_33/packages/ti/drivers/lib/drivers_MSP432P401R_instrumented.am4fg(WatchdogMSP432.om4fg)
 .text          0x00000040        0x0 C:/ti/tirtos_msp43x_2_12_01_33/packages/ti/drivers/lib/drivers_MSP432P401R_instrumented.am4fg(PowerMSP432.om4fg)
 .text          0x00000040        0x0 C:/ti/tirtos_msp43x_2_12_01_33/packages/ti/drivers/lib/drivers_MSP432P401R_instrumented.am4fg(PowerMSP432_tirtos.om4fg)
 .text          0x00000040        0x0 C:/ti/tirtos_msp43x_2_12_01_33/packages/ti/drivers/ports/tirtos/lib/tirtosport.am4fg(ClockP_tirtos.om4fg)
 .text          0x00000040        0x0 C:/ti/tirtos_msp43x_2_12_01_33/packages/ti/drivers/ports/tirtos/lib/tirtosport.am4fg(DebugP_tirtos.om4fg)
 .text          0x00000040        0x0 C:/ti/tirtos_msp43x_2_12_01_33/packages/ti/drivers/ports/tirtos/lib/tirtosport.am4fg(HwiP_tirtos.om4fg)
 .text          0x00000040        0x0 C:/ti/tirtos_msp43x_2_12_01_33/packages/ti/drivers/ports/tirtos/lib/tirtosport.am4fg(ListP.om4fg)
 .text          0x00000040        0x0 C:/ti/tirtos_msp43x_2_12_01_33/packages/ti/drivers/ports/tirtos/lib/tirtosport.am4fg(SemaphoreP_tirtos.om4fg)
 .text          0x00000040        0x0 C:\ti\tirtos_msp43x_2_12_01_33\products\bios_6_41_04_54\packages\ti\sysbios\fatfs\lib\release\ti.sysbios.fatfs.am4fg(ff.om4fg)
 .text          0x00000040        0x0 C:\ti\tirtos_msp43x_2_12_01_33\products\bios_6_41_04_54\packages\ti\sysbios\fatfs\lib\release\ti.sysbios.fatfs.am4fg(diskio.om4fg)
 .text          0x00000040        0x0 C:\ti\tirtos_msp43x_2_12_01_33\products\bios_6_41_04_54\packages\ti\sysbios\fatfs\lib\release\ti.sysbios.fatfs.am4fg(syncsysbios.om4fg)
 .text          0x00000040      0x13c C:\Users\Sam\workspace_v6_1\Octanis1-Mainboard-Firmware_MSP_EXP432P401RLP\src\sysbios\sysbios.am4fg(m3_Hwi_asm_gnu.o)
                0x00000040                ti_sysbios_family_arm_m3_Hwi_dispatch(int0_t)
                0x0000011c                ti_sysbios_family_arm_m3_Hwi_pendSV(int0_t)
                0x0000015c                ti_sysbios_family_arm_m3_Hwi_excHandlerAsm(int0_t)
 *fill*         0x0000017c        0x4 
 .text          0x00000180       0xa0 C:\Users\Sam\workspace_v6_1\Octanis1-Mainboard-Firmware_MSP_EXP432P401RLP\src\sysbios\sysbios.am4fg(m3_Hwi_asm_switch_gnu.o)
                0x0000019c                ti_sysbios_family_xxx_Hwi_switchAndRunFunc
                0x000001ba                ti_sysbios_family_arm_m3_Hwi_getTaskSP__E
                0x000001c0                ti_sysbios_family_arm_m3_Hwi_initStacks__E
 .text          0x00000220        0xa C:\Users\Sam\workspace_v6_1\Octanis1-Mainboard-Firmware_MSP_EXP432P401RLP\src\sysbios\sysbios.am4fg(m3_IntrinsicsSupport_asm_gnu.o)
                0x00000220                ti_sysbios_family_arm_m3_IntrinsicsSupport_maxbit__E
 *fill*         0x0000022a        0x6 
 .text          0x00000230       0xd0 C:\Users\Sam\workspace_v6_1\Octanis1-Mainboard-Firmware_MSP_EXP432P401RLP\src\sysbios\sysbios.am4fg(m3_TaskSupport_asm_gnu.o)
                0x00000230                ti_sysbios_family_arm_m3_TaskSupport_buildTaskStack
                0x000002bc                ti_sysbios_family_arm_m3_TaskSupport_swap__E
                0x000002c8                ti_sysbios_knl_Task_swapReturn
                0x000002e4                ti_sysbios_family_arm_m3_TaskSupport_glue
 .text          0x00000300        0x0 C:\Users\Sam\workspace_v6_1\Octanis1-Mainboard-Firmware_MSP_EXP432P401RLP\src\sysbios\sysbios.am4fg(_BIOS.o)
 .text          0x00000300        0x0 C:\Users\Sam\workspace_v6_1\Octanis1-Mainboard-Firmware_MSP_EXP432P401RLP\src\sysbios\sysbios.am4fg(knl_Clock.o)
 .text          0x00000300        0x0 C:\Users\Sam\workspace_v6_1\Octanis1-Mainboard-Firmware_MSP_EXP432P401RLP\src\sysbios\sysbios.am4fg(knl_Idle.o)
 .text          0x00000300        0x0 C:\Users\Sam\workspace_v6_1\Octanis1-Mainboard-Firmware_MSP_EXP432P401RLP\src\sysbios\sysbios.am4fg(knl_Event.o)
 .text          0x00000300        0x0 C:\Users\Sam\workspace_v6_1\Octanis1-Mainboard-Firmware_MSP_EXP432P401RLP\src\sysbios\sysbios.am4fg(knl_Queue.o)
 .text          0x00000300        0x0 C:\Users\Sam\workspace_v6_1\Octanis1-Mainboard-Firmware_MSP_EXP432P401RLP\src\sysbios\sysbios.am4fg(knl_Semaphore.o)
 .text          0x00000300        0x0 C:\Users\Sam\workspace_v6_1\Octanis1-Mainboard-Firmware_MSP_EXP432P401RLP\src\sysbios\sysbios.am4fg(knl_Swi.o)
 .text          0x00000300        0x0 C:\Users\Sam\workspace_v6_1\Octanis1-Mainboard-Firmware_MSP_EXP432P401RLP\src\sysbios\sysbios.am4fg(knl_Task.o)
 .text          0x00000300        0x0 C:\Users\Sam\workspace_v6_1\Octanis1-Mainboard-Firmware_MSP_EXP432P401RLP\src\sysbios\sysbios.am4fg(hal_Hwi.o)
 .text          0x00000300        0x0 C:\Users\Sam\workspace_v6_1\Octanis1-Mainboard-Firmware_MSP_EXP432P401RLP\src\sysbios\sysbios.am4fg(hal_Hwi_stack.o)
 .text          0x00000300        0x0 C:\Users\Sam\workspace_v6_1\Octanis1-Mainboard-Firmware_MSP_EXP432P401RLP\src\sysbios\sysbios.am4fg(hal_Hwi_startup.o)
 .text          0x00000300        0x0 C:\Users\Sam\workspace_v6_1\Octanis1-Mainboard-Firmware_MSP_EXP432P401RLP\src\sysbios\sysbios.am4fg(gnu_ReentSupport.o)
 .text          0x00000300        0x0 C:\Users\Sam\workspace_v6_1\Octanis1-Mainboard-Firmware_MSP_EXP432P401RLP\src\sysbios\sysbios.am4fg(gnu_SemiHostSupport.o)
 .text          0x00000300        0x0 C:\Users\Sam\workspace_v6_1\Octanis1-Mainboard-Firmware_MSP_EXP432P401RLP\src\sysbios\sysbios.am4fg(init_Boot.o)
 .text          0x00000300        0x0 C:\Users\Sam\workspace_v6_1\Octanis1-Mainboard-Firmware_MSP_EXP432P401RLP\src\sysbios\sysbios.am4fg(m3_Hwi.o)
 .text          0x00000300        0x0 C:\Users\Sam\workspace_v6_1\Octanis1-Mainboard-Firmware_MSP_EXP432P401RLP\src\sysbios\sysbios.am4fg(m3_TaskSupport.o)
 .text          0x00000300        0x0 C:\Users\Sam\workspace_v6_1\Octanis1-Mainboard-Firmware_MSP_EXP432P401RLP\src\sysbios\sysbios.am4fg(m3_Timer.o)
 .text          0x00000300        0x0 C:\Users\Sam\workspace_v6_1\Octanis1-Mainboard-Firmware_MSP_EXP432P401RLP\src\sysbios\sysbios.am4fg(m3_TimestampProvider.o)
 .text          0x00000300        0x0 C:\Users\Sam\workspace_v6_1\Octanis1-Mainboard-Firmware_MSP_EXP432P401RLP\src\sysbios\sysbios.am4fg(msp432_Timer.o)
 .text          0x00000300        0x0 C:\Users\Sam\workspace_v6_1\Octanis1-Mainboard-Firmware_MSP_EXP432P401RLP\src\sysbios\sysbios.am4fg(msp432_ClockFreqs.o)
 .text          0x00000300        0x0 C:\Users\Sam\workspace_v6_1\Octanis1-Mainboard-Firmware_MSP_EXP432P401RLP\src\sysbios\sysbios.am4fg(gates_GateHwi.o)
 .text          0x00000300        0x0 C:\Users\Sam\workspace_v6_1\Octanis1-Mainboard-Firmware_MSP_EXP432P401RLP\src\sysbios\sysbios.am4fg(gates_GateMutex.o)
 .text          0x00000300        0x0 C:\Users\Sam\workspace_v6_1\Octanis1-Mainboard-Firmware_MSP_EXP432P401RLP\src\sysbios\sysbios.am4fg(heaps_HeapMem.o)
 .text          0x00000300        0x0 C:\Users\Sam\workspace_v6_1\Octanis1-Mainboard-Firmware_MSP_EXP432P401RLP\src\sysbios\sysbios.am4fg(utils_Load.o)
 .text          0x00000300        0x0 C:\Users\Sam\workspace_v6_1\Octanis1-Mainboard-Firmware_MSP_EXP432P401RLP\src\sysbios\sysbios.am4fg(utils_Load_CPU.o)
 .text          0x00000300        0x0 C:\ti\tirtos_msp43x_2_12_01_33\products\uia_2_00_02_39\packages\ti\uia\runtime\lib\release\ti.uia.runtime.am4fg(QueueDescriptor.om4fg)
 .text          0x00000300        0x0 C:\ti\tirtos_msp43x_2_12_01_33\products\bios_6_41_04_54\packages\gnu\targets\arm\rtsv7M\lib\gnu.targets.arm.rtsv7M.am4fg(Assert.om4fg)
 .text          0x00000300        0x0 C:\ti\tirtos_msp43x_2_12_01_33\products\bios_6_41_04_54\packages\gnu\targets\arm\rtsv7M\lib\gnu.targets.arm.rtsv7M.am4fg(Core-mem.om4fg)
 .text          0x00000300        0x0 C:\ti\tirtos_msp43x_2_12_01_33\products\bios_6_41_04_54\packages\gnu\targets\arm\rtsv7M\lib\gnu.targets.arm.rtsv7M.am4fg(Core-smem.om4fg)
 .text          0x00000300        0x0 C:\ti\tirtos_msp43x_2_12_01_33\products\bios_6_41_04_54\packages\gnu\targets\arm\rtsv7M\lib\gnu.targets.arm.rtsv7M.am4fg(Core-label.om4fg)
 .text          0x00000300        0x0 C:\ti\tirtos_msp43x_2_12_01_33\products\bios_6_41_04_54\packages\gnu\targets\arm\rtsv7M\lib\gnu.targets.arm.rtsv7M.am4fg(Core-params.om4fg)
 .text          0x00000300        0x0 C:\ti\tirtos_msp43x_2_12_01_33\products\bios_6_41_04_54\packages\gnu\targets\arm\rtsv7M\lib\gnu.targets.arm.rtsv7M.am4fg(Error.om4fg)
 .text          0x00000300        0x0 C:\ti\tirtos_msp43x_2_12_01_33\products\bios_6_41_04_54\packages\gnu\targets\arm\rtsv7M\lib\gnu.targets.arm.rtsv7M.am4fg(Gate.om4fg)
 .text          0x00000300        0x0 C:\ti\tirtos_msp43x_2_12_01_33\products\bios_6_41_04_54\packages\gnu\targets\arm\rtsv7M\lib\gnu.targets.arm.rtsv7M.am4fg(Memory.om4fg)
 .text          0x00000300        0x0 C:\ti\tirtos_msp43x_2_12_01_33\products\bios_6_41_04_54\packages\gnu\targets\arm\rtsv7M\lib\gnu.targets.arm.rtsv7M.am4fg(Startup.om4fg)
 .text          0x00000300        0x0 C:\ti\tirtos_msp43x_2_12_01_33\products\bios_6_41_04_54\packages\gnu\targets\arm\rtsv7M\lib\gnu.targets.arm.rtsv7M.am4fg(System.om4fg)
 .text          0x00000300        0x0 C:\ti\tirtos_msp43x_2_12_01_33\products\bios_6_41_04_54\packages\gnu\targets\arm\rtsv7M\lib\gnu.targets.arm.rtsv7M.am4fg(SysMin.om4fg)
 .text          0x00000300        0x0 C:\ti\tirtos_msp43x_2_12_01_33\products\bios_6_41_04_54\packages\gnu\targets\arm\rtsv7M\lib\gnu.targets.arm.rtsv7M.am4fg(Text.om4fg)
 .text          0x00000300        0x0 C:\ti\tirtos_msp43x_2_12_01_33\products\bios_6_41_04_54\packages\gnu\targets\arm\rtsv7M\lib\gnu.targets.arm.rtsv7M.am4fg(Timestamp.om4fg)
 .text          0x00000300        0x0 C:\ti\tirtos_msp43x_2_12_01_33\products\bios_6_41_04_54\packages\gnu\targets\arm\rtsv7M\lib\gnu.targets.arm.rtsv7M.am4fg(xdc_noinit.om4fg)
 .text          0x00000300        0x0 C:\ti\tirtos_msp43x_2_12_01_33\products\bios_6_41_04_54\packages\gnu\targets\arm\rtsv7M\lib\gnu.targets.arm.rtsv7M.am4fg(Registry.om4fg)
 .text          0x00000300        0x0 C:\ti\tirtos_msp43x_2_12_01_33\products\bios_6_41_04_54\packages\gnu\targets\arm\rtsv7M\lib\boot.am4fg(boot.om4fg)
 .text          0x00000300        0x0 C:\ti\tirtos_msp43x_2_12_01_33\products\bios_6_41_04_54\packages\gnu\targets\arm\rtsv7M\lib\boot.am4fg(startup.om4fg)
 .text          0x00000300        0x0 C:\ti\tirtos_msp43x_2_12_01_33\products\bios_6_41_04_54\packages\gnu\targets\arm\rtsv7M\lib\syscalls.am4fg(syscalls.om4fg)
 .text          0x00000300        0x0 C:/ti/tirtos_msp43x_2_12_01_33/products/MSPWare_2_00_00_40a/driverlib/MSP432P4xx/gcc\msp432p4xx_driverlib.a(cpu.o)
 .text          0x00000300        0x0 C:/ti/tirtos_msp43x_2_12_01_33/products/MSPWare_2_00_00_40a/driverlib/MSP432P4xx/gcc\msp432p4xx_driverlib.a(cs.o)
 .text          0x00000300        0x0 C:/ti/tirtos_msp43x_2_12_01_33/products/MSPWare_2_00_00_40a/driverlib/MSP432P4xx/gcc\msp432p4xx_driverlib.a(dma.o)
 .text          0x00000300        0x0 C:/ti/tirtos_msp43x_2_12_01_33/products/MSPWare_2_00_00_40a/driverlib/MSP432P4xx/gcc\msp432p4xx_driverlib.a(flash.o)
 .text          0x00000300        0x0 C:/ti/tirtos_msp43x_2_12_01_33/products/MSPWare_2_00_00_40a/driverlib/MSP432P4xx/gcc\msp432p4xx_driverlib.a(gpio.o)
 .text          0x00000300        0x0 C:/ti/tirtos_msp43x_2_12_01_33/products/MSPWare_2_00_00_40a/driverlib/MSP432P4xx/gcc\msp432p4xx_driverlib.a(i2c.o)
 .text          0x00000300        0x0 C:/ti/tirtos_msp43x_2_12_01_33/products/MSPWare_2_00_00_40a/driverlib/MSP432P4xx/gcc\msp432p4xx_driverlib.a(interrupt.o)
 .text          0x00000300        0x0 C:/ti/tirtos_msp43x_2_12_01_33/products/MSPWare_2_00_00_40a/driverlib/MSP432P4xx/gcc\msp432p4xx_driverlib.a(pmap.o)
 .text          0x00000300        0x0 C:/ti/tirtos_msp43x_2_12_01_33/products/MSPWare_2_00_00_40a/driverlib/MSP432P4xx/gcc\msp432p4xx_driverlib.a(pcm.o)
 .text          0x00000300        0x0 C:/ti/tirtos_msp43x_2_12_01_33/products/MSPWare_2_00_00_40a/driverlib/MSP432P4xx/gcc\msp432p4xx_driverlib.a(rtc_c.o)
 .text          0x00000300        0x0 C:/ti/tirtos_msp43x_2_12_01_33/products/MSPWare_2_00_00_40a/driverlib/MSP432P4xx/gcc\msp432p4xx_driverlib.a(spi.o)
 .text          0x00000300        0x0 C:/ti/tirtos_msp43x_2_12_01_33/products/MSPWare_2_00_00_40a/driverlib/MSP432P4xx/gcc\msp432p4xx_driverlib.a(sysctl.o)
 .text          0x00000300        0x0 C:/ti/tirtos_msp43x_2_12_01_33/products/MSPWare_2_00_00_40a/driverlib/MSP432P4xx/gcc\msp432p4xx_driverlib.a(timer_a.o)
 .text          0x00000300        0x0 C:/ti/tirtos_msp43x_2_12_01_33/products/MSPWare_2_00_00_40a/driverlib/MSP432P4xx/gcc\msp432p4xx_driverlib.a(uart.o)
 .text          0x00000300        0x0 C:/ti/tirtos_msp43x_2_12_01_33/products/MSPWare_2_00_00_40a/driverlib/MSP432P4xx/gcc\msp432p4xx_driverlib.a(wdt_a.o)
 .text          0x00000300      0x370 c:/ti/ccsv6/tools/compiler/gcc-arm-none-eabi-4_8-2014q3/bin/../lib/gcc/arm-none-eabi/4.8.4/armv7e-m/fpu\libgcc.a(_arm_addsubdf3.o)
                0x00000300                __aeabi_drsub
                0x00000308                __aeabi_dsub
                0x00000308                __subdf3
                0x0000030c                __aeabi_dadd
                0x0000030c                __adddf3
                0x00000584                __floatunsidf
                0x00000584                __aeabi_ui2d
                0x000005a4                __floatsidf
                0x000005a4                __aeabi_i2d
                0x000005c8                __aeabi_f2d
                0x000005c8                __extendsfdf2
                0x00000604                __floatundidf
                0x00000604                __aeabi_ul2d
                0x00000614                __floatdidf
                0x00000614                __aeabi_l2d
 .text          0x00000670      0x424 c:/ti/ccsv6/tools/compiler/gcc-arm-none-eabi-4_8-2014q3/bin/../lib/gcc/arm-none-eabi/4.8.4/armv7e-m/fpu\libgcc.a(_arm_muldivdf3.o)
                0x00000670                __aeabi_dmul
                0x00000670                __muldf3
                0x000008c4                __divdf3
                0x000008c4                __aeabi_ddiv
 .text          0x00000a94       0x50 c:/ti/ccsv6/tools/compiler/gcc-arm-none-eabi-4_8-2014q3/bin/../lib/gcc/arm-none-eabi/4.8.4/armv7e-m/fpu\libgcc.a(_arm_fixdfsi.o)
                0x00000a94                __aeabi_d2iz
                0x00000a94                __fixdfsi
 .text          0x00000ae4       0x2c c:/ti/ccsv6/tools/compiler/gcc-arm-none-eabi-4_8-2014q3/bin/../lib/gcc/arm-none-eabi/4.8.4/armv7e-m/fpu\libgcc.a(_aeabi_uldivmod.o)
                0x00000ae4                __aeabi_uldivmod
 .text          0x00000b10       0x60 c:/ti/ccsv6/tools/compiler/gcc-arm-none-eabi-4_8-2014q3/bin/../lib/gcc/arm-none-eabi/4.8.4/armv7e-m/fpu\libgcc.a(bpabi.o)
                0x00000b10                __gnu_ldivmod_helper
                0x00000b40                __gnu_uldivmod_helper
 .text          0x00000b70        0x4 c:/ti/ccsv6/tools/compiler/gcc-arm-none-eabi-4_8-2014q3/bin/../lib/gcc/arm-none-eabi/4.8.4/armv7e-m/fpu\libgcc.a(_dvmd_tls.o)
                0x00000b70                __aeabi_idiv0
                0x00000b70                __aeabi_ldiv0
 .text          0x00000b74      0x298 c:/ti/ccsv6/tools/compiler/gcc-arm-none-eabi-4_8-2014q3/bin/../lib/gcc/arm-none-eabi/4.8.4/armv7e-m/fpu\libgcc.a(_divdi3.o)
                0x00000b74                __divdi3
 .text          0x00000e0c      0x284 c:/ti/ccsv6/tools/compiler/gcc-arm-none-eabi-4_8-2014q3/bin/../lib/gcc/arm-none-eabi/4.8.4/armv7e-m/fpu\libgcc.a(_udivdi3.o)
                0x00000e0c                __udivdi3
 .text          0x00001090        0x0 c:/ti/ccsv6/tools/compiler/gcc-arm-none-eabi-4_8-2014q3/bin/../lib/gcc/arm-none-eabi/4.8.4/../../../../arm-none-eabi/lib/armv7e-m/fpu\libc.a(lib_a-abort.o)
 .text          0x00001090        0x0 c:/ti/ccsv6/tools/compiler/gcc-arm-none-eabi-4_8-2014q3/bin/../lib/gcc/arm-none-eabi/4.8.4/../../../../arm-none-eabi/lib/armv7e-m/fpu\libc.a(lib_a-exit.o)
 .text          0x00001090        0x0 c:/ti/ccsv6/tools/compiler/gcc-arm-none-eabi-4_8-2014q3/bin/../lib/gcc/arm-none-eabi/4.8.4/../../../../arm-none-eabi/lib/armv7e-m/fpu\libc.a(lib_a-impure.o)
 .text          0x00001090      0x134 c:/ti/ccsv6/tools/compiler/gcc-arm-none-eabi-4_8-2014q3/bin/../lib/gcc/arm-none-eabi/4.8.4/../../../../arm-none-eabi/lib/armv7e-m/fpu\libc.a(lib_a-memcpy.o)
                0x00001090                memcpy
 .text          0x000011c4        0x0 c:/ti/ccsv6/tools/compiler/gcc-arm-none-eabi-4_8-2014q3/bin/../lib/gcc/arm-none-eabi/4.8.4/../../../../arm-none-eabi/lib/armv7e-m/fpu\libc.a(lib_a-memset.o)
 .text          0x000011c4        0x0 c:/ti/ccsv6/tools/compiler/gcc-arm-none-eabi-4_8-2014q3/bin/../lib/gcc/arm-none-eabi/4.8.4/../../../../arm-none-eabi/lib/armv7e-m/fpu\libc.a(lib_a-reent.o)
 .text          0x000011c4        0x0 c:/ti/ccsv6/tools/compiler/gcc-arm-none-eabi-4_8-2014q3/bin/../lib/gcc/arm-none-eabi/4.8.4/../../../../arm-none-eabi/lib/armv7e-m/fpu\libc.a(lib_a-signal.o)
 .text          0x000011c4        0x0 c:/ti/ccsv6/tools/compiler/gcc-arm-none-eabi-4_8-2014q3/bin/../lib/gcc/arm-none-eabi/4.8.4/../../../../arm-none-eabi/lib/armv7e-m/fpu\libc.a(lib_a-signalr.o)
 .text          0x000011c4      0x21c c:/ti/ccsv6/tools/compiler/gcc-arm-none-eabi-4_8-2014q3/bin/../lib/gcc/arm-none-eabi/4.8.4/../../../../arm-none-eabi/lib/armv7e-m/fpu\libc.a(lib_a-strcmp.o)
                0x000011c4                strcmp
 .text          0x000013e0        0x0 c:/ti/ccsv6/tools/compiler/gcc-arm-none-eabi-4_8-2014q3/bin/../lib/gcc/arm-none-eabi/4.8.4/../../../../arm-none-eabi/lib/armv7e-m/fpu\libc.a(lib_a-strlen.o)
 .text          0x000013e0        0x0 c:/ti/ccsv6/tools/compiler/gcc-arm-none-eabi-4_8-2014q3/bin/../lib/gcc/arm-none-eabi/4.8.4/../../../../arm-none-eabi/lib/armv7e-m/fpu\libc.a(lib_a-__call_atexit.o)
 .text          0x000013e0        0x0 c:/ti/ccsv6/tools/compiler/gcc-arm-none-eabi-4_8-2014q3/bin/../lib/gcc/arm-none-eabi/4.8.4/../../../../arm-none-eabi/lib/armv7e-m/fpu\libc.a(lib_a-atexit.o)
 .text          0x000013e0        0x0 c:/ti/ccsv6/tools/compiler/gcc-arm-none-eabi-4_8-2014q3/bin/../lib/gcc/arm-none-eabi/4.8.4/../../../../arm-none-eabi/lib/armv7e-m/fpu\libc.a(lib_a-fini.o)
 .text          0x000013e0        0x0 c:/ti/ccsv6/tools/compiler/gcc-arm-none-eabi-4_8-2014q3/bin/../lib/gcc/arm-none-eabi/4.8.4/../../../../arm-none-eabi/lib/armv7e-m/fpu\libc.a(lib_a-__atexit.o)
 .text          0x000013e0        0x0 c:/ti/ccsv6/tools/compiler/gcc-arm-none-eabi-4_8-2014q3/bin/../lib/gcc/arm-none-eabi/4.8.4/../../../../arm-none-eabi/lib/armv7e-m/fpu\librdimon.a(rdimon-syscalls.o)
 .text          0x000013e0        0x0 c:/ti/ccsv6/tools/compiler/gcc-arm-none-eabi-4_8-2014q3/bin/../lib/gcc/arm-none-eabi/4.8.4/../../../../arm-none-eabi/lib/armv7e-m/fpu\librdimon.a(rdimon-_kill.o)
 .text          0x000013e0        0x0 c:/ti/ccsv6/tools/compiler/gcc-arm-none-eabi-4_8-2014q3/bin/../lib/gcc/arm-none-eabi/4.8.4/../../../../arm-none-eabi/lib/armv7e-m/fpu\libc.a(lib_a-errno.o)
 .text          0x000013e0        0x0 c:/ti/ccsv6/tools/compiler/gcc-arm-none-eabi-4_8-2014q3/bin/../lib/gcc/arm-none-eabi/4.8.4/../../../../arm-none-eabi/lib/armv7e-m/fpu\libc.a(lib_a-findfp.o)
 .text          0x000013e0        0x0 c:/ti/ccsv6/tools/compiler/gcc-arm-none-eabi-4_8-2014q3/bin/../lib/gcc/arm-none-eabi/4.8.4/../../../../arm-none-eabi/lib/armv7e-m/fpu\libc.a(lib_a-fwalk.o)
 .text          0x000013e0        0x0 c:/ti/ccsv6/tools/compiler/gcc-arm-none-eabi-4_8-2014q3/bin/../lib/gcc/arm-none-eabi/4.8.4/../../../../arm-none-eabi/lib/armv7e-m/fpu\libc.a(lib_a-stdio.o)
 .text          0x000013e0        0x0 c:/ti/ccsv6/tools/compiler/gcc-arm-none-eabi-4_8-2014q3/bin/../lib/gcc/arm-none-eabi/4.8.4/../../../../arm-none-eabi/lib/armv7e-m/fpu\libc.a(lib_a-writer.o)
 .text          0x000013e0        0x0 c:/ti/ccsv6/tools/compiler/gcc-arm-none-eabi-4_8-2014q3/bin/../lib/gcc/arm-none-eabi/4.8.4/../../../../arm-none-eabi/lib/armv7e-m/fpu\libc.a(lib_a-closer.o)
 .text          0x000013e0        0x0 c:/ti/ccsv6/tools/compiler/gcc-arm-none-eabi-4_8-2014q3/bin/../lib/gcc/arm-none-eabi/4.8.4/../../../../arm-none-eabi/lib/armv7e-m/fpu\libc.a(lib_a-fclose.o)
 .text          0x000013e0        0x0 c:/ti/ccsv6/tools/compiler/gcc-arm-none-eabi-4_8-2014q3/bin/../lib/gcc/arm-none-eabi/4.8.4/../../../../arm-none-eabi/lib/armv7e-m/fpu\libc.a(lib_a-fflush.o)
 .text          0x000013e0        0x0 c:/ti/ccsv6/tools/compiler/gcc-arm-none-eabi-4_8-2014q3/bin/../lib/gcc/arm-none-eabi/4.8.4/../../../../arm-none-eabi/lib/armv7e-m/fpu\libc.a(lib_a-lseekr.o)
 .text          0x000013e0        0x0 c:/ti/ccsv6/tools/compiler/gcc-arm-none-eabi-4_8-2014q3/bin/../lib/gcc/arm-none-eabi/4.8.4/../../../../arm-none-eabi/lib/armv7e-m/fpu\libc.a(lib_a-readr.o)
 *(.text.*)
 .text.MSP_EXP432P401RLP_initGeneral
                0x000013e0        0xc ./MSP_EXP432P401RLP.o
                0x000013e0                MSP_EXP432P401RLP_initGeneral
 .text.MSP_EXP432P401RLP_initGPIO
                0x000013ec        0xc ./MSP_EXP432P401RLP.o
                0x000013ec                MSP_EXP432P401RLP_initGPIO
 .text.MSP_EXP432P401RLP_initI2C
                0x000013f8       0x14 ./MSP_EXP432P401RLP.o
                0x000013f8                MSP_EXP432P401RLP_initI2C
 .text.MSP_EXP432P401RLP_initUART
                0x0000140c       0x28 ./MSP_EXP432P401RLP.o
                0x0000140c                MSP_EXP432P401RLP_initUART
 .text.clockFxn
                0x00001434       0x28 ./fw/main.o
                0x00001434                clockFxn
 .text.main     0x0000145c       0x28 ./fw/main.o
                0x0000145c                main
 .text.ui2a     0x00001484       0xac ./fw/lib/printf.o
 .text.i2a      0x00001530       0x34 ./fw/lib/printf.o
 .text.a2d      0x00001564       0x50 ./fw/lib/printf.o
 .text.a2i      0x000015b4       0x64 ./fw/lib/printf.o
 .text.putchw   0x00001618       0x74 ./fw/lib/printf.o
 .text.tfp_format
                0x0000168c      0x19c ./fw/lib/printf.o
                0x0000168c                tfp_format
 .text.putcp    0x00001828       0x24 ./fw/lib/printf.o
 .text.tfp_sprintf
                0x0000184c       0x38 ./fw/lib/printf.o
                0x0000184c                tfp_sprintf
 .text.cli_init
                0x00001884       0x68 ./fw/core/cli.o
                0x00001884                cli_init
 .text.cli_printf
                0x000018ec       0x38 ./fw/core/cli.o
                0x000018ec                cli_printf
 .text.cli_print_task
                0x00001924       0x38 ./fw/core/cli.o
                0x00001924                cli_print_task
 .text.cli_task
                0x0000195c       0xb0 ./fw/core/cli.o
                0x0000195c                cli_task
 .text.ti_uia_loggers_LoggerStopMode_setFilterLevel__E
                0x00001a0c        0x4 C:\Users\Sam\workspace_v6_1\Octanis1-Mainboard-Firmware_MSP_EXP432P401RLP\Debug\configPkg\package\cfg\app_pm4fg.om4fg
                0x00001a0c                ti_uia_loggers_LoggerStopMode_setFilterLevel__E
 .text.ti_uia_loggers_LoggerStopMode_getFilterLevel__E
                0x00001a10        0x4 C:\Users\Sam\workspace_v6_1\Octanis1-Mainboard-Firmware_MSP_EXP432P401RLP\Debug\configPkg\package\cfg\app_pm4fg.om4fg
                0x00001a10                ti_uia_loggers_LoggerStopMode_getFilterLevel__E
 .text.xdc_runtime_Startup_exec__I
                0x00001a14       0x14 C:\Users\Sam\workspace_v6_1\Octanis1-Mainboard-Firmware_MSP_EXP432P401RLP\Debug\configPkg\package\cfg\app_pm4fg.om4fg
                0x00001a14                xdc_runtime_Startup_exec(int0_t)
 .text.xdc_runtime_System_printfExtend__I
                0x00001a28       0xd4 C:\Users\Sam\workspace_v6_1\Octanis1-Mainboard-Firmware_MSP_EXP432P401RLP\Debug\configPkg\package\cfg\app_pm4fg.om4fg
                0x00001a28                xdc_runtime_System_printfExtend(int0_t)
 .text.xdc_runtime_SysMin_output__I
                0x00001afc       0x24 C:\Users\Sam\workspace_v6_1\Octanis1-Mainboard-Firmware_MSP_EXP432P401RLP\Debug\configPkg\package\cfg\app_pm4fg.om4fg
                0x00001afc                xdc_runtime_SysMin_output(int0_t)
 .text.xdc_runtime_Text_visitRope__I
                0x00001b20       0x10 C:\Users\Sam\workspace_v6_1\Octanis1-Mainboard-Firmware_MSP_EXP432P401RLP\Debug\configPkg\package\cfg\app_pm4fg.om4fg
                0x00001b20                xdc_runtime_Text_visitRope(int0_t)
 .text.ti_sysbios_BIOS_startFunc__I
                0x00001b30       0x24 C:\Users\Sam\workspace_v6_1\Octanis1-Mainboard-Firmware_MSP_EXP432P401RLP\Debug\configPkg\package\cfg\app_pm4fg.om4fg
                0x00001b30                ti_sysbios_BIOS_startFunc(int0_t)
 .text.ti_sysbios_BIOS_atExitFunc__I
                0x00001b54       0x14 C:\Users\Sam\workspace_v6_1\Octanis1-Mainboard-Firmware_MSP_EXP432P401RLP\Debug\configPkg\package\cfg\app_pm4fg.om4fg
                0x00001b54                ti_sysbios_BIOS_atExitFunc(int0_t)
 .text.ti_sysbios_BIOS_exitFunc__I
                0x00001b68       0x14 C:\Users\Sam\workspace_v6_1\Octanis1-Mainboard-Firmware_MSP_EXP432P401RLP\Debug\configPkg\package\cfg\app_pm4fg.om4fg
                0x00001b68                ti_sysbios_BIOS_exitFunc(int0_t)
 .text.ti_sysbios_BIOS_errorRaiseHook__I
                0x00001b7c       0x2c C:\Users\Sam\workspace_v6_1\Octanis1-Mainboard-Firmware_MSP_EXP432P401RLP\Debug\configPkg\package\cfg\app_pm4fg.om4fg
                0x00001b7c                ti_sysbios_BIOS_errorRaiseHook(int0_t)
 .text.ti_uia_loggers_LoggerStopMode_writeMemoryRange__E
                0x00001ba8      0x154 C:\Users\Sam\workspace_v6_1\Octanis1-Mainboard-Firmware_MSP_EXP432P401RLP\Debug\configPkg\package\cfg\app_pm4fg.om4fg
                0x00001ba8                ti_uia_loggers_LoggerStopMode_writeMemoryRange__E
 .text.ti_sysbios_gates_GateHwi_Handle__label__S
                0x00001cfc       0x18 C:\Users\Sam\workspace_v6_1\Octanis1-Mainboard-Firmware_MSP_EXP432P401RLP\Debug\configPkg\package\cfg\app_pm4fg.om4fg
                0x00001cfc                ti_sysbios_gates_GateHwi_Handle__label(void) static
 .text.ti_sysbios_gates_GateMutex_Handle__label__S
                0x00001d14       0x18 C:\Users\Sam\workspace_v6_1\Octanis1-Mainboard-Firmware_MSP_EXP432P401RLP\Debug\configPkg\package\cfg\app_pm4fg.om4fg
                0x00001d14                ti_sysbios_gates_GateMutex_Handle__label(void) static
 .text.ti_sysbios_heaps_HeapMem_Handle__label__S
                0x00001d2c       0x18 C:\Users\Sam\workspace_v6_1\Octanis1-Mainboard-Firmware_MSP_EXP432P401RLP\Debug\configPkg\package\cfg\app_pm4fg.om4fg
                0x00001d2c                ti_sysbios_heaps_HeapMem_Handle__label(void) static
 .text.ti_uia_loggers_LoggerStopMode_Handle__label__S
                0x00001d44       0x18 C:\Users\Sam\workspace_v6_1\Octanis1-Mainboard-Firmware_MSP_EXP432P401RLP\Debug\configPkg\package\cfg\app_pm4fg.om4fg
                0x00001d44                ti_uia_loggers_LoggerStopMode_Handle__label(void) static
 .text.ti_sysbios_gates_GateHwi_Object__delete__S
                0x00001d5c       0x24 C:\Users\Sam\workspace_v6_1\Octanis1-Mainboard-Firmware_MSP_EXP432P401RLP\Debug\configPkg\package\cfg\app_pm4fg.om4fg
                0x00001d5c                ti_sysbios_gates_GateHwi_Object__delete(void) static
 .text.ti_sysbios_gates_GateMutex_Object__delete__S
                0x00001d80       0x28 C:\Users\Sam\workspace_v6_1\Octanis1-Mainboard-Firmware_MSP_EXP432P401RLP\Debug\configPkg\package\cfg\app_pm4fg.om4fg
                0x00001d80                ti_sysbios_gates_GateMutex_Object__delete(void) static
 .text.ti_sysbios_heaps_HeapMem_Object__delete__S
                0x00001da8       0x24 C:\Users\Sam\workspace_v6_1\Octanis1-Mainboard-Firmware_MSP_EXP432P401RLP\Debug\configPkg\package\cfg\app_pm4fg.om4fg
                0x00001da8                ti_sysbios_heaps_HeapMem_Object__delete(void) static
 .text.ti_uia_loggers_LoggerStopMode_Object__delete__S
                0x00001dcc       0x24 C:\Users\Sam\workspace_v6_1\Octanis1-Mainboard-Firmware_MSP_EXP432P401RLP\Debug\configPkg\package\cfg\app_pm4fg.om4fg
                0x00001dcc                ti_uia_loggers_LoggerStopMode_Object__delete(void) static
 .text.ti_sysbios_gates_GateHwi_Object__create__S
                0x00001df0       0x2c C:\Users\Sam\workspace_v6_1\Octanis1-Mainboard-Firmware_MSP_EXP432P401RLP\Debug\configPkg\package\cfg\app_pm4fg.om4fg
                0x00001df0                ti_sysbios_gates_GateHwi_Object__create(void) static
 .text.ti_sysbios_gates_GateMutex_Object__create__S
                0x00001e1c       0x2c C:\Users\Sam\workspace_v6_1\Octanis1-Mainboard-Firmware_MSP_EXP432P401RLP\Debug\configPkg\package\cfg\app_pm4fg.om4fg
                0x00001e1c                ti_sysbios_gates_GateMutex_Object__create(void) static
 .text.ti_sysbios_heaps_HeapMem_Object__create__S
                0x00001e48       0x2c C:\Users\Sam\workspace_v6_1\Octanis1-Mainboard-Firmware_MSP_EXP432P401RLP\Debug\configPkg\package\cfg\app_pm4fg.om4fg
                0x00001e48                ti_sysbios_heaps_HeapMem_Object__create(void) static
 .text.ti_uia_loggers_LoggerStopMode_Object__create__S
                0x00001e74       0x2c C:\Users\Sam\workspace_v6_1\Octanis1-Mainboard-Firmware_MSP_EXP432P401RLP\Debug\configPkg\package\cfg\app_pm4fg.om4fg
                0x00001e74                ti_uia_loggers_LoggerStopMode_Object__create(void) static
 .text.ti_uia_loggers_LoggerStopMode_write8__E
                0x00001ea0       0xf0 C:\Users\Sam\workspace_v6_1\Octanis1-Mainboard-Firmware_MSP_EXP432P401RLP\Debug\configPkg\package\cfg\app_pm4fg.om4fg
                0x00001ea0                ti_uia_loggers_LoggerStopMode_write8__E
 .text.ti_sysbios_knl_Clock_doTick__I
                0x00001f90       0x30 C:\Users\Sam\workspace_v6_1\Octanis1-Mainboard-Firmware_MSP_EXP432P401RLP\Debug\configPkg\package\cfg\app_pm4fg.om4fg
                0x00001f90                ti_sysbios_knl_Clock_doTick(int0_t)
 .text.ti_uia_loggers_LoggerStopMode_write0__E
                0x00001fc0       0xa8 C:\Users\Sam\workspace_v6_1\Octanis1-Mainboard-Firmware_MSP_EXP432P401RLP\Debug\configPkg\package\cfg\app_pm4fg.om4fg
                0x00001fc0                ti_uia_loggers_LoggerStopMode_write0__E
 .text.ti_uia_loggers_LoggerStopMode_write1__E
                0x00002068       0xb4 C:\Users\Sam\workspace_v6_1\Octanis1-Mainboard-Firmware_MSP_EXP432P401RLP\Debug\configPkg\package\cfg\app_pm4fg.om4fg
                0x00002068                ti_uia_loggers_LoggerStopMode_write1__E
 .text.ti_uia_loggers_LoggerStopMode_write2__E
                0x0000211c       0xb8 C:\Users\Sam\workspace_v6_1\Octanis1-Mainboard-Firmware_MSP_EXP432P401RLP\Debug\configPkg\package\cfg\app_pm4fg.om4fg
                0x0000211c                ti_uia_loggers_LoggerStopMode_write2__E
 .text.ti_uia_loggers_LoggerStopMode_write4__E
                0x000021d4       0xc4 C:\Users\Sam\workspace_v6_1\Octanis1-Mainboard-Firmware_MSP_EXP432P401RLP\Debug\configPkg\package\cfg\app_pm4fg.om4fg
                0x000021d4                ti_uia_loggers_LoggerStopMode_write4__E
 .text.xdc_runtime_Startup_reset__I
                0x00002298       0x10 C:\Users\Sam\workspace_v6_1\Octanis1-Mainboard-Firmware_MSP_EXP432P401RLP\Debug\configPkg\package\cfg\app_pm4fg.om4fg
                0x00002298                xdc_runtime_Startup_reset(int0_t)
 .text.malloc   0x000022a8       0x30 C:\Users\Sam\workspace_v6_1\Octanis1-Mainboard-Firmware_MSP_EXP432P401RLP\Debug\configPkg\package\cfg\app_pm4fg.om4fg
                0x000022a8                malloc
 .text.free     0x000022d8       0x18 C:\Users\Sam\workspace_v6_1\Octanis1-Mainboard-Firmware_MSP_EXP432P401RLP\Debug\configPkg\package\cfg\app_pm4fg.om4fg
                0x000022d8                free
 .text._free_r  0x000022f0        0x8 C:\Users\Sam\workspace_v6_1\Octanis1-Mainboard-Firmware_MSP_EXP432P401RLP\Debug\configPkg\package\cfg\app_pm4fg.om4fg
                0x000022f0                _free_r
 .text.ti_sysbios_utils_Load_update__E
                0x000022f8        0x4 C:\Users\Sam\workspace_v6_1\Octanis1-Mainboard-Firmware_MSP_EXP432P401RLP\Debug\configPkg\package\cfg\app_pm4fg.om4fg
                0x000022f8                ti_sysbios_utils_Load_update__E
 .text.xdc_runtime_System_printf__E
                0x000022fc       0x1c C:\Users\Sam\workspace_v6_1\Octanis1-Mainboard-Firmware_MSP_EXP432P401RLP\Debug\configPkg\package\cfg\app_pm4fg.om4fg
                0x000022fc                xdc_runtime_System_printf__E
 .text.xdc_runtime_System_aprintf__E
                0x00002318       0x1c C:\Users\Sam\workspace_v6_1\Octanis1-Mainboard-Firmware_MSP_EXP432P401RLP\Debug\configPkg\package\cfg\app_pm4fg.om4fg
                0x00002318                xdc_runtime_System_aprintf__E
 .text.ti_sysbios_hal_Hwi_HwiProxy_Module__startupDone__S
                0x00002334       0x14 C:\Users\Sam\workspace_v6_1\Octanis1-Mainboard-Firmware_MSP_EXP432P401RLP\Debug\configPkg\package\cfg\app_pm4fg.om4fg
                0x00002334                ti_sysbios_hal_Hwi_HwiProxy_Module__startupDone(void) static
 .text.ti_sysbios_hal_Hwi_HwiProxy_getStackInfo__E
                0x00002348        0x4 C:\Users\Sam\workspace_v6_1\Octanis1-Mainboard-Firmware_MSP_EXP432P401RLP\Debug\configPkg\package\cfg\app_pm4fg.om4fg
                0x00002348                ti_sysbios_hal_Hwi_HwiProxy_getStackInfo__E
 .text.ti_sysbios_hal_Hwi_HwiProxy_startup__E
                0x0000234c        0x4 C:\Users\Sam\workspace_v6_1\Octanis1-Mainboard-Firmware_MSP_EXP432P401RLP\Debug\configPkg\package\cfg\app_pm4fg.om4fg
                0x0000234c                ti_sysbios_hal_Hwi_HwiProxy_startup__E
 .text.ti_sysbios_hal_Hwi_HwiProxy_switchFromBootStack__E
                0x00002350        0x4 C:\Users\Sam\workspace_v6_1\Octanis1-Mainboard-Firmware_MSP_EXP432P401RLP\Debug\configPkg\package\cfg\app_pm4fg.om4fg
                0x00002350                ti_sysbios_hal_Hwi_HwiProxy_switchFromBootStack__E
 .text.ti_sysbios_heaps_HeapMem_Module_GateProxy_query__E
                0x00002354        0x4 C:\Users\Sam\workspace_v6_1\Octanis1-Mainboard-Firmware_MSP_EXP432P401RLP\Debug\configPkg\package\cfg\app_pm4fg.om4fg
                0x00002354                ti_sysbios_heaps_HeapMem_Module_GateProxy_query__E
 .text.ti_sysbios_heaps_HeapMem_Module_GateProxy_enter__E
                0x00002358        0x4 C:\Users\Sam\workspace_v6_1\Octanis1-Mainboard-Firmware_MSP_EXP432P401RLP\Debug\configPkg\package\cfg\app_pm4fg.om4fg
                0x00002358                ti_sysbios_heaps_HeapMem_Module_GateProxy_enter__E
 .text.ti_sysbios_heaps_HeapMem_Module_GateProxy_leave__E
                0x0000235c        0x4 C:\Users\Sam\workspace_v6_1\Octanis1-Mainboard-Firmware_MSP_EXP432P401RLP\Debug\configPkg\package\cfg\app_pm4fg.om4fg
                0x0000235c                ti_sysbios_heaps_HeapMem_Module_GateProxy_leave__E
 .text.ti_sysbios_knl_Clock_TimerProxy_Module__startupDone__S
                0x00002360       0x14 C:\Users\Sam\workspace_v6_1\Octanis1-Mainboard-Firmware_MSP_EXP432P401RLP\Debug\configPkg\package\cfg\app_pm4fg.om4fg
                0x00002360                ti_sysbios_knl_Clock_TimerProxy_Module__startupDone(void) static
 .text.ti_sysbios_knl_Clock_TimerProxy_getMaxTicks__E
                0x00002374        0x4 C:\Users\Sam\workspace_v6_1\Octanis1-Mainboard-Firmware_MSP_EXP432P401RLP\Debug\configPkg\package\cfg\app_pm4fg.om4fg
                0x00002374                ti_sysbios_knl_Clock_TimerProxy_getMaxTicks__E
 .text.ti_sysbios_knl_Task_SupportProxy_Module__startupDone__S
                0x00002378        0x4 C:\Users\Sam\workspace_v6_1\Octanis1-Mainboard-Firmware_MSP_EXP432P401RLP\Debug\configPkg\package\cfg\app_pm4fg.om4fg
                0x00002378                ti_sysbios_knl_Task_SupportProxy_Module__startupDone(void) static
 .text.ti_sysbios_knl_Task_SupportProxy_start__E
                0x0000237c        0x4 C:\Users\Sam\workspace_v6_1\Octanis1-Mainboard-Firmware_MSP_EXP432P401RLP\Debug\configPkg\package\cfg\app_pm4fg.om4fg
                0x0000237c                ti_sysbios_knl_Task_SupportProxy_start__E
 .text.ti_sysbios_knl_Task_SupportProxy_swap__E
                0x00002380        0x4 C:\Users\Sam\workspace_v6_1\Octanis1-Mainboard-Firmware_MSP_EXP432P401RLP\Debug\configPkg\package\cfg\app_pm4fg.om4fg
                0x00002380                ti_sysbios_knl_Task_SupportProxy_swap__E
 .text.ti_sysbios_knl_Task_SupportProxy_checkStack__E
                0x00002384        0x4 C:\Users\Sam\workspace_v6_1\Octanis1-Mainboard-Firmware_MSP_EXP432P401RLP\Debug\configPkg\package\cfg\app_pm4fg.om4fg
                0x00002384                ti_sysbios_knl_Task_SupportProxy_checkStack__E
 .text.xdc_runtime_Memory_HeapProxy_alloc__E
                0x00002388        0xc C:\Users\Sam\workspace_v6_1\Octanis1-Mainboard-Firmware_MSP_EXP432P401RLP\Debug\configPkg\package\cfg\app_pm4fg.om4fg
                0x00002388                xdc_runtime_Memory_HeapProxy_alloc__E
 .text.xdc_runtime_Memory_HeapProxy_free__E
                0x00002394        0xc C:\Users\Sam\workspace_v6_1\Octanis1-Mainboard-Firmware_MSP_EXP432P401RLP\Debug\configPkg\package\cfg\app_pm4fg.om4fg
                0x00002394                xdc_runtime_Memory_HeapProxy_free__E
 .text.xdc_runtime_System_Module_GateProxy_enter__E
                0x000023a0        0x4 C:\Users\Sam\workspace_v6_1\Octanis1-Mainboard-Firmware_MSP_EXP432P401RLP\Debug\configPkg\package\cfg\app_pm4fg.om4fg
                0x000023a0                xdc_runtime_System_Module_GateProxy_enter__E
 .text.xdc_runtime_System_Module_GateProxy_leave__E
                0x000023a4        0x4 C:\Users\Sam\workspace_v6_1\Octanis1-Mainboard-Firmware_MSP_EXP432P401RLP\Debug\configPkg\package\cfg\app_pm4fg.om4fg
                0x000023a4                xdc_runtime_System_Module_GateProxy_leave__E
 .text.xdc_runtime_System_SupportProxy_abort__E
                0x000023a8        0x4 C:\Users\Sam\workspace_v6_1\Octanis1-Mainboard-Firmware_MSP_EXP432P401RLP\Debug\configPkg\package\cfg\app_pm4fg.om4fg
                0x000023a8                xdc_runtime_System_SupportProxy_abort__E
 .text.xdc_runtime_System_SupportProxy_exit__E
                0x000023ac        0x4 C:\Users\Sam\workspace_v6_1\Octanis1-Mainboard-Firmware_MSP_EXP432P401RLP\Debug\configPkg\package\cfg\app_pm4fg.om4fg
                0x000023ac                xdc_runtime_System_SupportProxy_exit__E
 .text.xdc_runtime_System_SupportProxy_putch__E
                0x000023b0        0x4 C:\Users\Sam\workspace_v6_1\Octanis1-Mainboard-Firmware_MSP_EXP432P401RLP\Debug\configPkg\package\cfg\app_pm4fg.om4fg
                0x000023b0                xdc_runtime_System_SupportProxy_putch__E
 .text.xdc_runtime_System_SupportProxy_ready__E
                0x000023b4        0x4 C:\Users\Sam\workspace_v6_1\Octanis1-Mainboard-Firmware_MSP_EXP432P401RLP\Debug\configPkg\package\cfg\app_pm4fg.om4fg
                0x000023b4                xdc_runtime_System_SupportProxy_ready__E
 .text.xdc_runtime_Timestamp_SupportProxy_get32__E
                0x000023b8        0x4 C:\Users\Sam\workspace_v6_1\Octanis1-Mainboard-Firmware_MSP_EXP432P401RLP\Debug\configPkg\package\cfg\app_pm4fg.om4fg
                0x000023b8                xdc_runtime_Timestamp_SupportProxy_get32__E
 .text.xdc_runtime_Timestamp_SupportProxy_get64__E
                0x000023bc        0x4 C:\Users\Sam\workspace_v6_1\Octanis1-Mainboard-Firmware_MSP_EXP432P401RLP\Debug\configPkg\package\cfg\app_pm4fg.om4fg
                0x000023bc                xdc_runtime_Timestamp_SupportProxy_get64__E
 .text.xdc_runtime_Timestamp_SupportProxy_getFreq__E
                0x000023c0        0x4 C:\Users\Sam\workspace_v6_1\Octanis1-Mainboard-Firmware_MSP_EXP432P401RLP\Debug\configPkg\package\cfg\app_pm4fg.om4fg
                0x000023c0                xdc_runtime_Timestamp_SupportProxy_getFreq__E
 .text.ti_sysbios_family_arm_m3_Hwi_Handle__label__S
                0x000023c4       0x18 C:\Users\Sam\workspace_v6_1\Octanis1-Mainboard-Firmware_MSP_EXP432P401RLP\Debug\configPkg\package\cfg\app_pm4fg.om4fg
                0x000023c4                ti_sysbios_family_arm_m3_Hwi_Handle__label(void) static
 .text.ti_sysbios_family_arm_m3_Hwi_Params__init__S
                0x000023dc       0x18 C:\Users\Sam\workspace_v6_1\Octanis1-Mainboard-Firmware_MSP_EXP432P401RLP\Debug\configPkg\package\cfg\app_pm4fg.om4fg
                0x000023dc                ti_sysbios_family_arm_m3_Hwi_Params__init(void) static
 .text.ti_sysbios_family_arm_m3_Hwi_Object__get__S
                0x000023f4       0x1c C:\Users\Sam\workspace_v6_1\Octanis1-Mainboard-Firmware_MSP_EXP432P401RLP\Debug\configPkg\package\cfg\app_pm4fg.om4fg
                0x000023f4                ti_sysbios_family_arm_m3_Hwi_Object__get(void) static
 .text.ti_sysbios_family_arm_m3_Hwi_construct
                0x00002410       0x50 C:\Users\Sam\workspace_v6_1\Octanis1-Mainboard-Firmware_MSP_EXP432P401RLP\Debug\configPkg\package\cfg\app_pm4fg.om4fg
                0x00002410                ti_sysbios_family_arm_m3_Hwi_construct
 .text.ti_sysbios_family_arm_m3_Hwi_destruct
                0x00002460       0x24 C:\Users\Sam\workspace_v6_1\Octanis1-Mainboard-Firmware_MSP_EXP432P401RLP\Debug\configPkg\package\cfg\app_pm4fg.om4fg
                0x00002460                ti_sysbios_family_arm_m3_Hwi_destruct
 .text.ti_sysbios_heaps_HeapMem_Object__get__S
                0x00002484       0x1c C:\Users\Sam\workspace_v6_1\Octanis1-Mainboard-Firmware_MSP_EXP432P401RLP\Debug\configPkg\package\cfg\app_pm4fg.om4fg
                0x00002484                ti_sysbios_heaps_HeapMem_Object__get(void) static
 .text.ti_sysbios_knl_Clock_Params__init__S
                0x000024a0       0x18 C:\Users\Sam\workspace_v6_1\Octanis1-Mainboard-Firmware_MSP_EXP432P401RLP\Debug\configPkg\package\cfg\app_pm4fg.om4fg
                0x000024a0                ti_sysbios_knl_Clock_Params__init(void) static
 .text.ti_sysbios_knl_Clock_construct
                0x000024b8       0x30 C:\Users\Sam\workspace_v6_1\Octanis1-Mainboard-Firmware_MSP_EXP432P401RLP\Debug\configPkg\package\cfg\app_pm4fg.om4fg
                0x000024b8                ti_sysbios_knl_Clock_construct
 .text.ti_sysbios_knl_Queue_Object__get__S
                0x000024e8        0x8 C:\Users\Sam\workspace_v6_1\Octanis1-Mainboard-Firmware_MSP_EXP432P401RLP\Debug\configPkg\package\cfg\app_pm4fg.om4fg
                0x000024e8                ti_sysbios_knl_Queue_Object__get(void) static
 .text.ti_sysbios_knl_Queue_construct
                0x000024f0       0x2c C:\Users\Sam\workspace_v6_1\Octanis1-Mainboard-Firmware_MSP_EXP432P401RLP\Debug\configPkg\package\cfg\app_pm4fg.om4fg
                0x000024f0                ti_sysbios_knl_Queue_construct
 .text.ti_sysbios_knl_Queue_destruct
                0x0000251c       0x20 C:\Users\Sam\workspace_v6_1\Octanis1-Mainboard-Firmware_MSP_EXP432P401RLP\Debug\configPkg\package\cfg\app_pm4fg.om4fg
                0x0000251c                ti_sysbios_knl_Queue_destruct
 .text.ti_sysbios_knl_Semaphore_Params__init__S
                0x0000253c       0x18 C:\Users\Sam\workspace_v6_1\Octanis1-Mainboard-Firmware_MSP_EXP432P401RLP\Debug\configPkg\package\cfg\app_pm4fg.om4fg
                0x0000253c                ti_sysbios_knl_Semaphore_Params__init(void) static
 .text.ti_sysbios_knl_Semaphore_create
                0x00002554       0x30 C:\Users\Sam\workspace_v6_1\Octanis1-Mainboard-Firmware_MSP_EXP432P401RLP\Debug\configPkg\package\cfg\app_pm4fg.om4fg
                0x00002554                ti_sysbios_knl_Semaphore_create
 .text.ti_sysbios_knl_Semaphore_construct
                0x00002584       0x30 C:\Users\Sam\workspace_v6_1\Octanis1-Mainboard-Firmware_MSP_EXP432P401RLP\Debug\configPkg\package\cfg\app_pm4fg.om4fg
                0x00002584                ti_sysbios_knl_Semaphore_construct
 .text.ti_sysbios_knl_Semaphore_destruct
                0x000025b4       0x24 C:\Users\Sam\workspace_v6_1\Octanis1-Mainboard-Firmware_MSP_EXP432P401RLP\Debug\configPkg\package\cfg\app_pm4fg.om4fg
                0x000025b4                ti_sysbios_knl_Semaphore_destruct
 .text.ti_sysbios_knl_Swi_Handle__label__S
                0x000025d8       0x18 C:\Users\Sam\workspace_v6_1\Octanis1-Mainboard-Firmware_MSP_EXP432P401RLP\Debug\configPkg\package\cfg\app_pm4fg.om4fg
                0x000025d8                ti_sysbios_knl_Swi_Handle__label(void) static
 .text.ti_sysbios_knl_Swi_Object__get__S
                0x000025f0       0x1c C:\Users\Sam\workspace_v6_1\Octanis1-Mainboard-Firmware_MSP_EXP432P401RLP\Debug\configPkg\package\cfg\app_pm4fg.om4fg
                0x000025f0                ti_sysbios_knl_Swi_Object__get(void) static
 .text.ti_sysbios_knl_Task_Handle__label__S
                0x0000260c       0x18 C:\Users\Sam\workspace_v6_1\Octanis1-Mainboard-Firmware_MSP_EXP432P401RLP\Debug\configPkg\package\cfg\app_pm4fg.om4fg
                0x0000260c                ti_sysbios_knl_Task_Handle__label(void) static
 .text.ti_sysbios_knl_Task_Object__get__S
                0x00002624       0x18 C:\Users\Sam\workspace_v6_1\Octanis1-Mainboard-Firmware_MSP_EXP432P401RLP\Debug\configPkg\package\cfg\app_pm4fg.om4fg
                0x00002624                ti_sysbios_knl_Task_Object__get(void) static
 .text.ti_uia_loggers_LoggerStopMode_Object__get__S
                0x0000263c       0x18 C:\Users\Sam\workspace_v6_1\Octanis1-Mainboard-Firmware_MSP_EXP432P401RLP\Debug\configPkg\package\cfg\app_pm4fg.om4fg
                0x0000263c                ti_uia_loggers_LoggerStopMode_Object__get(void) static
 .text.ti_uia_loggers_LoggerStopMode_flush__E
                0x00002654       0x3c C:\ti\tirtos_msp43x_2_12_01_33\products\uia_2_00_02_39\packages\ti\uia\loggers\lib\release\ti.uia.loggers.am4fg(LoggerStopMode.om4fg)
                0x00002654                ti_uia_loggers_LoggerStopMode_flush__E
 .text.ti_uia_loggers_LoggerStopMode_disable__E
                0x00002690       0x18 C:\ti\tirtos_msp43x_2_12_01_33\products\uia_2_00_02_39\packages\ti\uia\loggers\lib\release\ti.uia.loggers.am4fg(LoggerStopMode.om4fg)
                0x00002690                ti_uia_loggers_LoggerStopMode_disable__E
 .text.ti_uia_loggers_LoggerStopMode_enable__E
                0x000026a8       0x18 C:\ti\tirtos_msp43x_2_12_01_33\products\uia_2_00_02_39\packages\ti\uia\loggers\lib\release\ti.uia.loggers.am4fg(LoggerStopMode.om4fg)
                0x000026a8                ti_uia_loggers_LoggerStopMode_enable__E
 .text.ti_uia_loggers_LoggerStopMode_getInstanceId__E
                0x000026c0        0x4 C:\ti\tirtos_msp43x_2_12_01_33\products\uia_2_00_02_39\packages\ti\uia\loggers\lib\release\ti.uia.loggers.am4fg(LoggerStopMode.om4fg)
                0x000026c0                ti_uia_loggers_LoggerStopMode_getInstanceId__E
 .text.ti_uia_loggers_LoggerStopMode_getPriority__E
                0x000026c4        0x4 C:\ti\tirtos_msp43x_2_12_01_33\products\uia_2_00_02_39\packages\ti\uia\loggers\lib\release\ti.uia.loggers.am4fg(LoggerStopMode.om4fg)
                0x000026c4                ti_uia_loggers_LoggerStopMode_getPriority__E
 .text.ti_uia_loggers_LoggerStopMode_setPriority__E
                0x000026c8        0x4 C:\ti\tirtos_msp43x_2_12_01_33\products\uia_2_00_02_39\packages\ti\uia\loggers\lib\release\ti.uia.loggers.am4fg(LoggerStopMode.om4fg)
                0x000026c8                ti_uia_loggers_LoggerStopMode_setPriority__E
 .text.ti_uia_loggers_LoggerStopMode_getMaxLength__E
                0x000026cc        0x4 C:\ti\tirtos_msp43x_2_12_01_33\products\uia_2_00_02_39\packages\ti\uia\loggers\lib\release\ti.uia.loggers.am4fg(LoggerStopMode.om4fg)
                0x000026cc                ti_uia_loggers_LoggerStopMode_getMaxLength__E
 .text.ti_uia_loggers_LoggerStopMode_reset__E
                0x000026d0       0x44 C:\ti\tirtos_msp43x_2_12_01_33\products\uia_2_00_02_39\packages\ti\uia\loggers\lib\release\ti.uia.loggers.am4fg(LoggerStopMode.om4fg)
                0x000026d0                ti_uia_loggers_LoggerStopMode_reset__E
 .text.ti_uia_loggers_LoggerStopMode_getTransferType__E
                0x00002714        0x4 C:\ti\tirtos_msp43x_2_12_01_33\products\uia_2_00_02_39\packages\ti\uia\loggers\lib\release\ti.uia.loggers.am4fg(LoggerStopMode.om4fg)
                0x00002714                ti_uia_loggers_LoggerStopMode_getTransferType__E
 .text.ti_uia_loggers_LoggerStopMode_initBuffer__I
                0x00002718       0x40 C:\ti\tirtos_msp43x_2_12_01_33\products\uia_2_00_02_39\packages\ti\uia\loggers\lib\release\ti.uia.loggers.am4fg(LoggerStopMode.om4fg)
                0x00002718                ti_uia_loggers_LoggerStopMode_initBuffer(int0_t)
 .text.ti_uia_loggers_LoggerStopMode_Instance_init__E
                0x00002758       0x50 C:\ti\tirtos_msp43x_2_12_01_33\products\uia_2_00_02_39\packages\ti\uia\loggers\lib\release\ti.uia.loggers.am4fg(LoggerStopMode.om4fg)
                0x00002758                ti_uia_loggers_LoggerStopMode_Instance_init__E
 .text.ti_uia_loggers_LoggerStopMode_initQueueDescriptor__E
                0x000027a8       0x90 C:\ti\tirtos_msp43x_2_12_01_33\products\uia_2_00_02_39\packages\ti\uia\loggers\lib\release\ti.uia.loggers.am4fg(LoggerStopMode.om4fg)
                0x000027a8                ti_uia_loggers_LoggerStopMode_initQueueDescriptor__E
 .text.ti_uia_loggers_LoggerStopMode_Module_startup__E
                0x00002838       0x8c C:\ti\tirtos_msp43x_2_12_01_33\products\uia_2_00_02_39\packages\ti\uia\loggers\lib\release\ti.uia.loggers.am4fg(LoggerStopMode.om4fg)
                0x00002838                ti_uia_loggers_LoggerStopMode_Module_startup__E
 .text.ti_uia_loggers_LoggerStopMode_getContents__E
                0x000028c4        0x4 C:\ti\tirtos_msp43x_2_12_01_33\products\uia_2_00_02_39\packages\ti\uia\loggers\lib\release\ti.uia.loggers.am4fg(LoggerStopMode.om4fg)
                0x000028c4                ti_uia_loggers_LoggerStopMode_getContents__E
 .text.ti_uia_loggers_LoggerStopMode_isEmpty__E
                0x000028c8       0x10 C:\ti\tirtos_msp43x_2_12_01_33\products\uia_2_00_02_39\packages\ti\uia\loggers\lib\release\ti.uia.loggers.am4fg(LoggerStopMode.om4fg)
                0x000028c8                ti_uia_loggers_LoggerStopMode_isEmpty__E
 .text.GPIO_hwiIntFxn
                0x000028d8       0x54 C:/ti/tirtos_msp43x_2_12_01_33/packages/ti/drivers/lib/drivers_MSP432P401R_instrumented.am4fg(GPIOMSP432.om4fg)
                0x000028d8                GPIO_hwiIntFxn
 .text.GPIO_setCallback
                0x0000292c       0x7c C:/ti/tirtos_msp43x_2_12_01_33/packages/ti/drivers/lib/drivers_MSP432P401R_instrumented.am4fg(GPIOMSP432.om4fg)
                0x0000292c                GPIO_setCallback
 .text.GPIO_setConfig
                0x000029a8      0x174 C:/ti/tirtos_msp43x_2_12_01_33/packages/ti/drivers/lib/drivers_MSP432P401R_instrumented.am4fg(GPIOMSP432.om4fg)
                0x000029a8                GPIO_setConfig
 .text.GPIO_init
                0x00002b1c       0x84 C:/ti/tirtos_msp43x_2_12_01_33/packages/ti/drivers/lib/drivers_MSP432P401R_instrumented.am4fg(GPIOMSP432.om4fg)
                0x00002b1c                GPIO_init
 .text.GPIO_toggle
                0x00002ba0       0x84 C:/ti/tirtos_msp43x_2_12_01_33/packages/ti/drivers/lib/drivers_MSP432P401R_instrumented.am4fg(GPIOMSP432.om4fg)
                0x00002ba0                GPIO_toggle
 .text.GPIO_write
                0x00002c24       0x9c C:/ti/tirtos_msp43x_2_12_01_33/packages/ti/drivers/lib/drivers_MSP432P401R_instrumented.am4fg(GPIOMSP432.om4fg)
                0x00002c24                GPIO_write
 .text.I2C_init
                0x00002cc0       0x40 C:/ti/tirtos_msp43x_2_12_01_33/packages/ti/drivers/lib/drivers_MSP432P401R_instrumented.am4fg(I2C.om4fg)
                0x00002cc0                I2C_init
 .text.I2CMSP432_control
                0x00002d00        0x8 C:/ti/tirtos_msp43x_2_12_01_33/packages/ti/drivers/lib/drivers_MSP432P401R_instrumented.am4fg(I2CMSP432.om4fg)
                0x00002d00                I2CMSP432_control
 .text.I2CMSP432_init
                0x00002d08        0xc C:/ti/tirtos_msp43x_2_12_01_33/packages/ti/drivers/lib/drivers_MSP432P401R_instrumented.am4fg(I2CMSP432.om4fg)
                0x00002d08                I2CMSP432_init
 .text.I2CMSP432_close
                0x00002d14       0x94 C:/ti/tirtos_msp43x_2_12_01_33/packages/ti/drivers/lib/drivers_MSP432P401R_instrumented.am4fg(I2CMSP432.om4fg)
                0x00002d14                I2CMSP432_close
 .text.blockingTransferCallback
                0x00002da8       0x20 C:/ti/tirtos_msp43x_2_12_01_33/packages/ti/drivers/lib/drivers_MSP432P401R_instrumented.am4fg(I2CMSP432.om4fg)
 .text.primeTransfer.isra.0
                0x00002dc8       0xa4 C:/ti/tirtos_msp43x_2_12_01_33/packages/ti/drivers/lib/drivers_MSP432P401R_instrumented.am4fg(I2CMSP432.om4fg)
 .text.completeTransfer
                0x00002e6c       0x70 C:/ti/tirtos_msp43x_2_12_01_33/packages/ti/drivers/lib/drivers_MSP432P401R_instrumented.am4fg(I2CMSP432.om4fg)
 .text.I2CMSP432_hwiIntFxn
                0x00002edc      0x16c C:/ti/tirtos_msp43x_2_12_01_33/packages/ti/drivers/lib/drivers_MSP432P401R_instrumented.am4fg(I2CMSP432.om4fg)
                0x00002edc                I2CMSP432_hwiIntFxn
 .text.I2CMSP432_transfer
                0x00003048       0xb4 C:/ti/tirtos_msp43x_2_12_01_33/packages/ti/drivers/lib/drivers_MSP432P401R_instrumented.am4fg(I2CMSP432.om4fg)
                0x00003048                I2CMSP432_transfer
 .text.initHw.isra.1
                0x000030fc       0x64 C:/ti/tirtos_msp43x_2_12_01_33/packages/ti/drivers/lib/drivers_MSP432P401R_instrumented.am4fg(I2CMSP432.om4fg)
 .text.I2CMSP432_open
                0x00003160      0x248 C:/ti/tirtos_msp43x_2_12_01_33/packages/ti/drivers/lib/drivers_MSP432P401R_instrumented.am4fg(I2CMSP432.om4fg)
                0x00003160                I2CMSP432_open
 .text.perfChangeNotifyFxn
                0x000033a8       0x40 C:/ti/tirtos_msp43x_2_12_01_33/packages/ti/drivers/lib/drivers_MSP432P401R_instrumented.am4fg(I2CMSP432.om4fg)
 .text.UART_init
                0x000033e8       0x40 C:/ti/tirtos_msp43x_2_12_01_33/packages/ti/drivers/lib/drivers_MSP432P401R_instrumented.am4fg(UART.om4fg)
                0x000033e8                UART_init
 .text.UART_open
                0x00003428       0x18 C:/ti/tirtos_msp43x_2_12_01_33/packages/ti/drivers/lib/drivers_MSP432P401R_instrumented.am4fg(UART.om4fg)
                0x00003428                UART_open
 .text.UART_Params_init
                0x00003440       0x1c C:/ti/tirtos_msp43x_2_12_01_33/packages/ti/drivers/lib/drivers_MSP432P401R_instrumented.am4fg(UART.om4fg)
                0x00003440                UART_Params_init
 .text.UART_read
                0x0000345c        0xc C:/ti/tirtos_msp43x_2_12_01_33/packages/ti/drivers/lib/drivers_MSP432P401R_instrumented.am4fg(UART.om4fg)
                0x0000345c                UART_read
 .text.UART_write
                0x00003468        0xc C:/ti/tirtos_msp43x_2_12_01_33/packages/ti/drivers/lib/drivers_MSP432P401R_instrumented.am4fg(UART.om4fg)
                0x00003468                UART_write
 .text.UARTMSP432_init
                0x00003474        0xc C:/ti/tirtos_msp43x_2_12_01_33/packages/ti/drivers/lib/drivers_MSP432P401R_instrumented.am4fg(UARTMSP432.om4fg)
                0x00003474                UARTMSP432_init
 .text.UARTMSP432_close
                0x00003480       0x98 C:/ti/tirtos_msp43x_2_12_01_33/packages/ti/drivers/lib/drivers_MSP432P401R_instrumented.am4fg(UARTMSP432.om4fg)
                0x00003480                UARTMSP432_close
 .text.UARTMSP432_control
                0x00003518      0x13c C:/ti/tirtos_msp43x_2_12_01_33/packages/ti/drivers/lib/drivers_MSP432P401R_instrumented.am4fg(UARTMSP432.om4fg)
                0x00003518                UARTMSP432_control
 .text.findBaudDividerIndex
                0x00003654       0x58 C:/ti/tirtos_msp43x_2_12_01_33/packages/ti/drivers/lib/drivers_MSP432P401R_instrumented.am4fg(UARTMSP432.om4fg)
 .text.UARTMSP432_read
                0x000036ac       0x48 C:/ti/tirtos_msp43x_2_12_01_33/packages/ti/drivers/lib/drivers_MSP432P401R_instrumented.am4fg(UARTMSP432.om4fg)
                0x000036ac                UARTMSP432_read
 .text.UARTMSP432_readCancel
                0x000036f4       0x38 C:/ti/tirtos_msp43x_2_12_01_33/packages/ti/drivers/lib/drivers_MSP432P401R_instrumented.am4fg(UARTMSP432.om4fg)
                0x000036f4                UARTMSP432_readCancel
 .text.UARTMSP432_writeCancel
                0x0000372c       0x5c C:/ti/tirtos_msp43x_2_12_01_33/packages/ti/drivers/lib/drivers_MSP432P401R_instrumented.am4fg(UARTMSP432.om4fg)
                0x0000372c                UARTMSP432_writeCancel
 .text.UARTMSP432_writePolling
                0x00003788       0x90 C:/ti/tirtos_msp43x_2_12_01_33/packages/ti/drivers/lib/drivers_MSP432P401R_instrumented.am4fg(UARTMSP432.om4fg)
                0x00003788                UARTMSP432_writePolling
 .text.readIsrTextBlocking
                0x00003818       0x98 C:/ti/tirtos_msp43x_2_12_01_33/packages/ti/drivers/lib/drivers_MSP432P401R_instrumented.am4fg(UARTMSP432.om4fg)
 .text.readIsrBinaryBlocking
                0x000038b0       0x60 C:/ti/tirtos_msp43x_2_12_01_33/packages/ti/drivers/lib/drivers_MSP432P401R_instrumented.am4fg(UARTMSP432.om4fg)
 .text.readTaskCallback
                0x00003910       0x94 C:/ti/tirtos_msp43x_2_12_01_33/packages/ti/drivers/lib/drivers_MSP432P401R_instrumented.am4fg(UARTMSP432.om4fg)
 .text.readIsrTextCallback
                0x000039a4       0xa8 C:/ti/tirtos_msp43x_2_12_01_33/packages/ti/drivers/lib/drivers_MSP432P401R_instrumented.am4fg(UARTMSP432.om4fg)
 .text.readIsrBinaryCallback
                0x00003a4c       0x58 C:/ti/tirtos_msp43x_2_12_01_33/packages/ti/drivers/lib/drivers_MSP432P401R_instrumented.am4fg(UARTMSP432.om4fg)
 .text.UARTMSP432_readPolling
                0x00003aa4       0xf0 C:/ti/tirtos_msp43x_2_12_01_33/packages/ti/drivers/lib/drivers_MSP432P401R_instrumented.am4fg(UARTMSP432.om4fg)
                0x00003aa4                UARTMSP432_readPolling
 .text.UARTMSP432_write
                0x00003b94       0x84 C:/ti/tirtos_msp43x_2_12_01_33/packages/ti/drivers/lib/drivers_MSP432P401R_instrumented.am4fg(UARTMSP432.om4fg)
                0x00003b94                UARTMSP432_write
 .text.readTaskBlocking
                0x00003c18       0xa0 C:/ti/tirtos_msp43x_2_12_01_33/packages/ti/drivers/lib/drivers_MSP432P401R_instrumented.am4fg(UARTMSP432.om4fg)
 .text.readBlockingTimeout
                0x00003cb8       0x10 C:/ti/tirtos_msp43x_2_12_01_33/packages/ti/drivers/lib/drivers_MSP432P401R_instrumented.am4fg(UARTMSP432.om4fg)
 .text.readSemCallback
                0x00003cc8        0x8 C:/ti/tirtos_msp43x_2_12_01_33/packages/ti/drivers/lib/drivers_MSP432P401R_instrumented.am4fg(UARTMSP432.om4fg)
 .text.writeSemCallback
                0x00003cd0        0x8 C:/ti/tirtos_msp43x_2_12_01_33/packages/ti/drivers/lib/drivers_MSP432P401R_instrumented.am4fg(UARTMSP432.om4fg)
 .text.initHw   0x00003cd8       0x94 C:/ti/tirtos_msp43x_2_12_01_33/packages/ti/drivers/lib/drivers_MSP432P401R_instrumented.am4fg(UARTMSP432.om4fg)
 .text.UARTMSP432_open
                0x00003d6c      0x320 C:/ti/tirtos_msp43x_2_12_01_33/packages/ti/drivers/lib/drivers_MSP432P401R_instrumented.am4fg(UARTMSP432.om4fg)
                0x00003d6c                UARTMSP432_open
 .text.perfChangeNotifyFxn
                0x0000408c       0x3c C:/ti/tirtos_msp43x_2_12_01_33/packages/ti/drivers/lib/drivers_MSP432P401R_instrumented.am4fg(UARTMSP432.om4fg)
 .text.UARTMSP432_hwiIntFxn
                0x000040c8      0x15c C:/ti/tirtos_msp43x_2_12_01_33/packages/ti/drivers/lib/drivers_MSP432P401R_instrumented.am4fg(UARTMSP432.om4fg)
                0x000040c8                UARTMSP432_hwiIntFxn
 .text.RingBuf_construct
                0x00004224       0x14 C:/ti/tirtos_msp43x_2_12_01_33/packages/ti/drivers/lib/drivers_MSP432P401R_instrumented.am4fg(RingBuf.om4fg)
                0x00004224                RingBuf_construct
 .text.RingBuf_get
                0x00004238       0x40 C:/ti/tirtos_msp43x_2_12_01_33/packages/ti/drivers/lib/drivers_MSP432P401R_instrumented.am4fg(RingBuf.om4fg)
                0x00004238                RingBuf_get
 .text.RingBuf_peek
                0x00004278        0xc C:/ti/tirtos_msp43x_2_12_01_33/packages/ti/drivers/lib/drivers_MSP432P401R_instrumented.am4fg(RingBuf.om4fg)
                0x00004278                RingBuf_peek
 .text.RingBuf_put
                0x00004284       0x48 C:/ti/tirtos_msp43x_2_12_01_33/packages/ti/drivers/lib/drivers_MSP432P401R_instrumented.am4fg(RingBuf.om4fg)
                0x00004284                RingBuf_put
 .text.notify   0x000042cc       0x3c C:/ti/tirtos_msp43x_2_12_01_33/packages/ti/drivers/lib/drivers_MSP432P401R_instrumented.am4fg(PowerMSP432.om4fg)
 .text.Power_getConstraintMask
                0x00004308        0xc C:/ti/tirtos_msp43x_2_12_01_33/packages/ti/drivers/lib/drivers_MSP432P401R_instrumented.am4fg(PowerMSP432.om4fg)
                0x00004308                Power_getConstraintMask
 .text.Power_getPerformanceLevel
                0x00004314        0xc C:/ti/tirtos_msp43x_2_12_01_33/packages/ti/drivers/lib/drivers_MSP432P401R_instrumented.am4fg(PowerMSP432.om4fg)
                0x00004314                Power_getPerformanceLevel
 .text.Power_idleFunc
                0x00004320       0x1c C:/ti/tirtos_msp43x_2_12_01_33/packages/ti/drivers/lib/drivers_MSP432P401R_instrumented.am4fg(PowerMSP432.om4fg)
                0x00004320                Power_idleFunc
 .text.Power_init
                0x0000433c      0x120 C:/ti/tirtos_msp43x_2_12_01_33/packages/ti/drivers/lib/drivers_MSP432P401R_instrumented.am4fg(PowerMSP432.om4fg)
                0x0000433c                Power_init
 .text.Power_registerNotify
                0x0000445c       0x4c C:/ti/tirtos_msp43x_2_12_01_33/packages/ti/drivers/lib/drivers_MSP432P401R_instrumented.am4fg(PowerMSP432.om4fg)
                0x0000445c                Power_registerNotify
 .text.Power_releaseConstraint
                0x000044a8       0x60 C:/ti/tirtos_msp43x_2_12_01_33/packages/ti/drivers/lib/drivers_MSP432P401R_instrumented.am4fg(PowerMSP432.om4fg)
                0x000044a8                Power_releaseConstraint
 .text.Power_setConstraint
                0x00004508       0x40 C:/ti/tirtos_msp43x_2_12_01_33/packages/ti/drivers/lib/drivers_MSP432P401R_instrumented.am4fg(PowerMSP432.om4fg)
                0x00004508                Power_setConstraint
 .text.Power_sleep
                0x00004548       0xc8 C:/ti/tirtos_msp43x_2_12_01_33/packages/ti/drivers/lib/drivers_MSP432P401R_instrumented.am4fg(PowerMSP432.om4fg)
                0x00004548                Power_sleep
 .text.Power_unregisterNotify
                0x00004610       0x20 C:/ti/tirtos_msp43x_2_12_01_33/packages/ti/drivers/lib/drivers_MSP432P401R_instrumented.am4fg(PowerMSP432.om4fg)
                0x00004610                Power_unregisterNotify
 .text.PowerMSP432_getFreqs
                0x00004630       0x3c C:/ti/tirtos_msp43x_2_12_01_33/packages/ti/drivers/lib/drivers_MSP432P401R_instrumented.am4fg(PowerMSP432.om4fg)
                0x00004630                PowerMSP432_getFreqs
 .text.PowerMSP432_getNumPerfLevels
                0x0000466c        0x4 C:/ti/tirtos_msp43x_2_12_01_33/packages/ti/drivers/lib/drivers_MSP432P401R_instrumented.am4fg(PowerMSP432.om4fg)
                0x0000466c                PowerMSP432_getNumPerfLevels
 .text.PowerMSP432_policyFxn
                0x00004670       0x60 C:/ti/tirtos_msp43x_2_12_01_33/packages/ti/drivers/lib/drivers_MSP432P401R_instrumented.am4fg(PowerMSP432_tirtos.om4fg)
                0x00004670                PowerMSP432_policyFxn
 .text.PowerMSP432_policyInitFxn
                0x000046d0        0x4 C:/ti/tirtos_msp43x_2_12_01_33/packages/ti/drivers/lib/drivers_MSP432P401R_instrumented.am4fg(PowerMSP432_tirtos.om4fg)
                0x000046d0                PowerMSP432_policyInitFxn
 .text.PowerMSP432_updateFreqs
                0x000046d4       0x30 C:/ti/tirtos_msp43x_2_12_01_33/packages/ti/drivers/lib/drivers_MSP432P401R_instrumented.am4fg(PowerMSP432_tirtos.om4fg)
                0x000046d4                PowerMSP432_updateFreqs
 .text.ClockP_create
                0x00004704       0x58 C:/ti/tirtos_msp43x_2_12_01_33/packages/ti/drivers/ports/tirtos/lib/tirtosport.am4fg(ClockP_tirtos.om4fg)
                0x00004704                ClockP_create
 .text.ClockP_Params_init
                0x0000475c        0x8 C:/ti/tirtos_msp43x_2_12_01_33/packages/ti/drivers/ports/tirtos/lib/tirtosport.am4fg(ClockP_tirtos.om4fg)
                0x0000475c                ClockP_Params_init
 .text.ClockP_start
                0x00004764       0x14 C:/ti/tirtos_msp43x_2_12_01_33/packages/ti/drivers/ports/tirtos/lib/tirtosport.am4fg(ClockP_tirtos.om4fg)
                0x00004764                ClockP_start
 .text.ClockP_stop
                0x00004778        0xc C:/ti/tirtos_msp43x_2_12_01_33/packages/ti/drivers/ports/tirtos/lib/tirtosport.am4fg(ClockP_tirtos.om4fg)
                0x00004778                ClockP_stop
 .text._DebugP_assert
                0x00004784       0x1c C:/ti/tirtos_msp43x_2_12_01_33/packages/ti/drivers/ports/tirtos/lib/tirtosport.am4fg(DebugP_tirtos.om4fg)
                0x00004784                _DebugP_assert
 .text.DebugP_log1
                0x000047a0       0x5c C:/ti/tirtos_msp43x_2_12_01_33/packages/ti/drivers/ports/tirtos/lib/tirtosport.am4fg(DebugP_tirtos.om4fg)
                0x000047a0                DebugP_log1
 .text.DebugP_log2
                0x000047fc       0x64 C:/ti/tirtos_msp43x_2_12_01_33/packages/ti/drivers/ports/tirtos/lib/tirtosport.am4fg(DebugP_tirtos.om4fg)
                0x000047fc                DebugP_log2
 .text.DebugP_log3
                0x00004860       0x60 C:/ti/tirtos_msp43x_2_12_01_33/packages/ti/drivers/ports/tirtos/lib/tirtosport.am4fg(DebugP_tirtos.om4fg)
                0x00004860                DebugP_log3
 .text.HwiP_create
                0x000048c0       0x68 C:/ti/tirtos_msp43x_2_12_01_33/packages/ti/drivers/ports/tirtos/lib/tirtosport.am4fg(HwiP_tirtos.om4fg)
                0x000048c0                HwiP_create
 .text.HwiP_delete
                0x00004928       0x18 C:/ti/tirtos_msp43x_2_12_01_33/packages/ti/drivers/ports/tirtos/lib/tirtosport.am4fg(HwiP_tirtos.om4fg)
                0x00004928                HwiP_delete
 .text.HwiP_disable
                0x00004940        0x4 C:/ti/tirtos_msp43x_2_12_01_33/packages/ti/drivers/ports/tirtos/lib/tirtosport.am4fg(HwiP_tirtos.om4fg)
                0x00004940                HwiP_disable
 .text.HwiP_Params_init
                0x00004944       0x10 C:/ti/tirtos_msp43x_2_12_01_33/packages/ti/drivers/ports/tirtos/lib/tirtosport.am4fg(HwiP_tirtos.om4fg)
                0x00004944                HwiP_Params_init
 .text.HwiP_restore
                0x00004954        0x4 C:/ti/tirtos_msp43x_2_12_01_33/packages/ti/drivers/ports/tirtos/lib/tirtosport.am4fg(HwiP_tirtos.om4fg)
                0x00004954                HwiP_restore
 .text.ListP_head
                0x00004958        0x4 C:/ti/tirtos_msp43x_2_12_01_33/packages/ti/drivers/ports/tirtos/lib/tirtosport.am4fg(ListP.om4fg)
                0x00004958                ListP_head
 .text.ListP_next
                0x0000495c        0x4 C:/ti/tirtos_msp43x_2_12_01_33/packages/ti/drivers/ports/tirtos/lib/tirtosport.am4fg(ListP.om4fg)
                0x0000495c                ListP_next
 .text.ListP_put
                0x00004960       0x2c C:/ti/tirtos_msp43x_2_12_01_33/packages/ti/drivers/ports/tirtos/lib/tirtosport.am4fg(ListP.om4fg)
                0x00004960                ListP_put
 .text.ListP_remove
                0x0000498c       0x1c C:/ti/tirtos_msp43x_2_12_01_33/packages/ti/drivers/ports/tirtos/lib/tirtosport.am4fg(ListP.om4fg)
                0x0000498c                ListP_remove
 .text.SemaphoreP_create
                0x000049a8       0x5c C:/ti/tirtos_msp43x_2_12_01_33/packages/ti/drivers/ports/tirtos/lib/tirtosport.am4fg(SemaphoreP_tirtos.om4fg)
                0x000049a8                SemaphoreP_create
 .text.SemaphoreP_delete
                0x00004a04       0x18 C:/ti/tirtos_msp43x_2_12_01_33/packages/ti/drivers/ports/tirtos/lib/tirtosport.am4fg(SemaphoreP_tirtos.om4fg)
                0x00004a04                SemaphoreP_delete
 .text.SemaphoreP_Params_init
                0x00004a1c        0x8 C:/ti/tirtos_msp43x_2_12_01_33/packages/ti/drivers/ports/tirtos/lib/tirtosport.am4fg(SemaphoreP_tirtos.om4fg)
                0x00004a1c                SemaphoreP_Params_init
 .text.SemaphoreP_pend
                0x00004a24       0x14 C:/ti/tirtos_msp43x_2_12_01_33/packages/ti/drivers/ports/tirtos/lib/tirtosport.am4fg(SemaphoreP_tirtos.om4fg)
                0x00004a24                SemaphoreP_pend
 .text.SemaphoreP_post
                0x00004a38        0xc C:/ti/tirtos_msp43x_2_12_01_33/packages/ti/drivers/ports/tirtos/lib/tirtosport.am4fg(SemaphoreP_tirtos.om4fg)
                0x00004a38                SemaphoreP_post
 .text.SemaphoreP_postFromClock
                0x00004a44        0xc C:/ti/tirtos_msp43x_2_12_01_33/packages/ti/drivers/ports/tirtos/lib/tirtosport.am4fg(SemaphoreP_tirtos.om4fg)
                0x00004a44                SemaphoreP_postFromClock
 .text.SemaphoreP_postFromISR
                0x00004a50        0xc C:/ti/tirtos_msp43x_2_12_01_33/packages/ti/drivers/ports/tirtos/lib/tirtosport.am4fg(SemaphoreP_tirtos.om4fg)
                0x00004a50                SemaphoreP_postFromISR
 .text.ti_sysbios_BIOS_getThreadType__E
                0x00004a5c        0xc C:\Users\Sam\workspace_v6_1\Octanis1-Mainboard-Firmware_MSP_EXP432P401RLP\src\sysbios\sysbios.am4fg(_BIOS.o)
                0x00004a5c                ti_sysbios_BIOS_getThreadType__E
 .text.ti_sysbios_BIOS_setThreadType__E
                0x00004a68       0x10 C:\Users\Sam\workspace_v6_1\Octanis1-Mainboard-Firmware_MSP_EXP432P401RLP\src\sysbios\sysbios.am4fg(_BIOS.o)
                0x00004a68                ti_sysbios_BIOS_setThreadType__E
 .text.ti_sysbios_BIOS_setCpuFreq__E
                0x00004a78       0x10 C:\Users\Sam\workspace_v6_1\Octanis1-Mainboard-Firmware_MSP_EXP432P401RLP\src\sysbios\sysbios.am4fg(_BIOS.o)
                0x00004a78                ti_sysbios_BIOS_setCpuFreq__E
 .text.ti_sysbios_BIOS_getCpuFreq__E
                0x00004a88       0x10 C:\Users\Sam\workspace_v6_1\Octanis1-Mainboard-Firmware_MSP_EXP432P401RLP\src\sysbios\sysbios.am4fg(_BIOS.o)
                0x00004a88                ti_sysbios_BIOS_getCpuFreq__E
 .text.ti_sysbios_BIOS_start__E
                0x00004a98       0x10 C:\Users\Sam\workspace_v6_1\Octanis1-Mainboard-Firmware_MSP_EXP432P401RLP\src\sysbios\sysbios.am4fg(_BIOS.o)
                0x00004a98                ti_sysbios_BIOS_start__E
 .text.ti_sysbios_BIOS_exit__E
                0x00004aa8       0x10 C:\Users\Sam\workspace_v6_1\Octanis1-Mainboard-Firmware_MSP_EXP432P401RLP\src\sysbios\sysbios.am4fg(_BIOS.o)
                0x00004aa8                ti_sysbios_BIOS_exit__E
 .text.ti_sysbios_knl_Clock_Module_startup__E
                0x00004ab8       0x24 C:\Users\Sam\workspace_v6_1\Octanis1-Mainboard-Firmware_MSP_EXP432P401RLP\src\sysbios\sysbios.am4fg(knl_Clock.o)
                0x00004ab8                ti_sysbios_knl_Clock_Module_startup__E
 .text.ti_sysbios_knl_Clock_workFunc__E
                0x00004adc      0x158 C:\Users\Sam\workspace_v6_1\Octanis1-Mainboard-Firmware_MSP_EXP432P401RLP\src\sysbios\sysbios.am4fg(knl_Clock.o)
                0x00004adc                ti_sysbios_knl_Clock_workFunc__E
 .text.ti_sysbios_knl_Clock_Instance_init__E
                0x00004c34      0x1b8 C:\Users\Sam\workspace_v6_1\Octanis1-Mainboard-Firmware_MSP_EXP432P401RLP\src\sysbios\sysbios.am4fg(knl_Clock.o)
                0x00004c34                ti_sysbios_knl_Clock_Instance_init__E
 .text.ti_sysbios_knl_Clock_addI__E
                0x00004dec       0x28 C:\Users\Sam\workspace_v6_1\Octanis1-Mainboard-Firmware_MSP_EXP432P401RLP\src\sysbios\sysbios.am4fg(knl_Clock.o)
                0x00004dec                ti_sysbios_knl_Clock_addI__E
 .text.ti_sysbios_knl_Clock_removeI__E
                0x00004e14        0x4 C:\Users\Sam\workspace_v6_1\Octanis1-Mainboard-Firmware_MSP_EXP432P401RLP\src\sysbios\sysbios.am4fg(knl_Clock.o)
                0x00004e14                ti_sysbios_knl_Clock_removeI__E
 .text.ti_sysbios_knl_Clock_startI__E
                0x00004e18       0x14 C:\Users\Sam\workspace_v6_1\Octanis1-Mainboard-Firmware_MSP_EXP432P401RLP\src\sysbios\sysbios.am4fg(knl_Clock.o)
                0x00004e18                ti_sysbios_knl_Clock_startI__E
 .text.ti_sysbios_knl_Clock_start__E
                0x00004e2c       0x78 C:\Users\Sam\workspace_v6_1\Octanis1-Mainboard-Firmware_MSP_EXP432P401RLP\src\sysbios\sysbios.am4fg(knl_Clock.o)
                0x00004e2c                ti_sysbios_knl_Clock_start__E
 .text.ti_sysbios_knl_Clock_stop__E
                0x00004ea4        0x8 C:\Users\Sam\workspace_v6_1\Octanis1-Mainboard-Firmware_MSP_EXP432P401RLP\src\sysbios\sysbios.am4fg(knl_Clock.o)
                0x00004ea4                ti_sysbios_knl_Clock_stop__E
 .text.ti_sysbios_knl_Clock_setTimeout__E
                0x00004eac        0x4 C:\Users\Sam\workspace_v6_1\Octanis1-Mainboard-Firmware_MSP_EXP432P401RLP\src\sysbios\sysbios.am4fg(knl_Clock.o)
                0x00004eac                ti_sysbios_knl_Clock_setTimeout__E
 .text.ti_sysbios_knl_Clock_logTick__E
                0x00004eb0       0x60 C:\Users\Sam\workspace_v6_1\Octanis1-Mainboard-Firmware_MSP_EXP432P401RLP\src\sysbios\sysbios.am4fg(knl_Clock.o)
                0x00004eb0                ti_sysbios_knl_Clock_logTick__E
 .text.ti_sysbios_knl_Idle_loop__E
                0x00004f10       0x20 C:\Users\Sam\workspace_v6_1\Octanis1-Mainboard-Firmware_MSP_EXP432P401RLP\src\sysbios\sysbios.am4fg(knl_Idle.o)
                0x00004f10                ti_sysbios_knl_Idle_loop__E
 .text.ti_sysbios_knl_Idle_run__E
                0x00004f30       0x24 C:\Users\Sam\workspace_v6_1\Octanis1-Mainboard-Firmware_MSP_EXP432P401RLP\src\sysbios\sysbios.am4fg(knl_Idle.o)
                0x00004f30                ti_sysbios_knl_Idle_run__E
 .text.ti_sysbios_knl_Queue_Instance_init__E
                0x00004f54        0x8 C:\Users\Sam\workspace_v6_1\Octanis1-Mainboard-Firmware_MSP_EXP432P401RLP\src\sysbios\sysbios.am4fg(knl_Queue.o)
                0x00004f54                ti_sysbios_knl_Queue_Instance_init__E
 .text.ti_sysbios_knl_Queue_dequeue__E
                0x00004f5c        0xc C:\Users\Sam\workspace_v6_1\Octanis1-Mainboard-Firmware_MSP_EXP432P401RLP\src\sysbios\sysbios.am4fg(knl_Queue.o)
                0x00004f5c                ti_sysbios_knl_Queue_dequeue__E
 .text.ti_sysbios_knl_Queue_empty__E
                0x00004f68        0xc C:\Users\Sam\workspace_v6_1\Octanis1-Mainboard-Firmware_MSP_EXP432P401RLP\src\sysbios\sysbios.am4fg(knl_Queue.o)
                0x00004f68                ti_sysbios_knl_Queue_empty__E
 .text.ti_sysbios_knl_Queue_enqueue__E
                0x00004f74        0xc C:\Users\Sam\workspace_v6_1\Octanis1-Mainboard-Firmware_MSP_EXP432P401RLP\src\sysbios\sysbios.am4fg(knl_Queue.o)
                0x00004f74                ti_sysbios_knl_Queue_enqueue__E
 .text.ti_sysbios_knl_Queue_head__E
                0x00004f80        0x4 C:\Users\Sam\workspace_v6_1\Octanis1-Mainboard-Firmware_MSP_EXP432P401RLP\src\sysbios\sysbios.am4fg(knl_Queue.o)
                0x00004f80                ti_sysbios_knl_Queue_head__E
 .text.ti_sysbios_knl_Queue_elemClear__E
                0x00004f84        0x8 C:\Users\Sam\workspace_v6_1\Octanis1-Mainboard-Firmware_MSP_EXP432P401RLP\src\sysbios\sysbios.am4fg(knl_Queue.o)
                0x00004f84                ti_sysbios_knl_Queue_elemClear__E
 .text.ti_sysbios_knl_Queue_insert__E
                0x00004f8c        0xc C:\Users\Sam\workspace_v6_1\Octanis1-Mainboard-Firmware_MSP_EXP432P401RLP\src\sysbios\sysbios.am4fg(knl_Queue.o)
                0x00004f8c                ti_sysbios_knl_Queue_insert__E
 .text.ti_sysbios_knl_Queue_next__E
                0x00004f98        0x4 C:\Users\Sam\workspace_v6_1\Octanis1-Mainboard-Firmware_MSP_EXP432P401RLP\src\sysbios\sysbios.am4fg(knl_Queue.o)
                0x00004f98                ti_sysbios_knl_Queue_next__E
 .text.ti_sysbios_knl_Queue_put__E
                0x00004f9c       0x1c C:\Users\Sam\workspace_v6_1\Octanis1-Mainboard-Firmware_MSP_EXP432P401RLP\src\sysbios\sysbios.am4fg(knl_Queue.o)
                0x00004f9c                ti_sysbios_knl_Queue_put__E
 .text.ti_sysbios_knl_Queue_remove__E
                0x00004fb8       0x10 C:\Users\Sam\workspace_v6_1\Octanis1-Mainboard-Firmware_MSP_EXP432P401RLP\src\sysbios\sysbios.am4fg(knl_Queue.o)
                0x00004fb8                ti_sysbios_knl_Queue_remove__E
 .text.ti_sysbios_knl_Semaphore_pendTimeout__I
                0x00004fc8       0x30 C:\Users\Sam\workspace_v6_1\Octanis1-Mainboard-Firmware_MSP_EXP432P401RLP\src\sysbios\sysbios.am4fg(knl_Semaphore.o)
                0x00004fc8                ti_sysbios_knl_Semaphore_pendTimeout(int0_t)
 .text.ti_sysbios_knl_Semaphore_Instance_init__E
                0x00004ff8       0x9c C:\Users\Sam\workspace_v6_1\Octanis1-Mainboard-Firmware_MSP_EXP432P401RLP\src\sysbios\sysbios.am4fg(knl_Semaphore.o)
                0x00004ff8                ti_sysbios_knl_Semaphore_Instance_init__E
 .text.ti_sysbios_knl_Semaphore_Instance_finalize__E
                0x00005094       0x10 C:\Users\Sam\workspace_v6_1\Octanis1-Mainboard-Firmware_MSP_EXP432P401RLP\src\sysbios\sysbios.am4fg(knl_Semaphore.o)
                0x00005094                ti_sysbios_knl_Semaphore_Instance_finalize__E
 .text.ti_sysbios_knl_Semaphore_pend__E
                0x000050a4      0x31c C:\Users\Sam\workspace_v6_1\Octanis1-Mainboard-Firmware_MSP_EXP432P401RLP\src\sysbios\sysbios.am4fg(knl_Semaphore.o)
                0x000050a4                ti_sysbios_knl_Semaphore_pend__E
 .text.ti_sysbios_knl_Semaphore_post__E
                0x000053c0      0x13c C:\Users\Sam\workspace_v6_1\Octanis1-Mainboard-Firmware_MSP_EXP432P401RLP\src\sysbios\sysbios.am4fg(knl_Semaphore.o)
                0x000053c0                ti_sysbios_knl_Semaphore_post__E
 .text.ti_sysbios_knl_Swi_runLoop__I
                0x000054fc      0x170 C:\Users\Sam\workspace_v6_1\Octanis1-Mainboard-Firmware_MSP_EXP432P401RLP\src\sysbios\sysbios.am4fg(knl_Swi.o)
                0x000054fc                ti_sysbios_knl_Swi_runLoop(int0_t)
 .text.ti_sysbios_knl_Swi_Module_startup__E
                0x0000566c       0x24 C:\Users\Sam\workspace_v6_1\Octanis1-Mainboard-Firmware_MSP_EXP432P401RLP\src\sysbios\sysbios.am4fg(knl_Swi.o)
                0x0000566c                ti_sysbios_knl_Swi_Module_startup__E
 .text.ti_sysbios_knl_Swi_startup__E
                0x00005690       0x88 C:\Users\Sam\workspace_v6_1\Octanis1-Mainboard-Firmware_MSP_EXP432P401RLP\src\sysbios\sysbios.am4fg(knl_Swi.o)
                0x00005690                ti_sysbios_knl_Swi_startup__E
 .text.ti_sysbios_knl_Swi_enabled__E
                0x00005718       0x14 C:\Users\Sam\workspace_v6_1\Octanis1-Mainboard-Firmware_MSP_EXP432P401RLP\src\sysbios\sysbios.am4fg(knl_Swi.o)
                0x00005718                ti_sysbios_knl_Swi_enabled__E
 .text.ti_sysbios_knl_Swi_disable__E
                0x0000572c       0x14 C:\Users\Sam\workspace_v6_1\Octanis1-Mainboard-Firmware_MSP_EXP432P401RLP\src\sysbios\sysbios.am4fg(knl_Swi.o)
                0x0000572c                ti_sysbios_knl_Swi_disable__E
 .text.ti_sysbios_knl_Swi_restore__E
                0x00005740       0x8c C:\Users\Sam\workspace_v6_1\Octanis1-Mainboard-Firmware_MSP_EXP432P401RLP\src\sysbios\sysbios.am4fg(knl_Swi.o)
                0x00005740                ti_sysbios_knl_Swi_restore__E
 .text.ti_sysbios_knl_Swi_restoreHwi__E
                0x000057cc      0x188 C:\Users\Sam\workspace_v6_1\Octanis1-Mainboard-Firmware_MSP_EXP432P401RLP\src\sysbios\sysbios.am4fg(knl_Swi.o)
                0x000057cc                ti_sysbios_knl_Swi_restoreHwi__E
 .text.ti_sysbios_knl_Swi_self__E
                0x00005954        0xc C:\Users\Sam\workspace_v6_1\Octanis1-Mainboard-Firmware_MSP_EXP432P401RLP\src\sysbios\sysbios.am4fg(knl_Swi.o)
                0x00005954                ti_sysbios_knl_Swi_self__E
 .text.ti_sysbios_knl_Swi_post__E
                0x00005960       0xf4 C:\Users\Sam\workspace_v6_1\Octanis1-Mainboard-Firmware_MSP_EXP432P401RLP\src\sysbios\sysbios.am4fg(knl_Swi.o)
                0x00005960                ti_sysbios_knl_Swi_post__E
 .text.ti_sysbios_knl_Task_schedule__I
                0x00005a54      0x234 C:\Users\Sam\workspace_v6_1\Octanis1-Mainboard-Firmware_MSP_EXP432P401RLP\src\sysbios\sysbios.am4fg(knl_Task.o)
                0x00005a54                ti_sysbios_knl_Task_schedule(int0_t)
 .text.ti_sysbios_knl_Task_enter__I
                0x00005c88       0x24 C:\Users\Sam\workspace_v6_1\Octanis1-Mainboard-Firmware_MSP_EXP432P401RLP\src\sysbios\sysbios.am4fg(knl_Task.o)
                0x00005c88                ti_sysbios_knl_Task_enter(int0_t)
 .text.ti_sysbios_knl_Task_startCore__E
                0x00005cac      0x148 C:\Users\Sam\workspace_v6_1\Octanis1-Mainboard-Firmware_MSP_EXP432P401RLP\src\sysbios\sysbios.am4fg(knl_Task.o)
                0x00005cac                ti_sysbios_knl_Task_startCore__E
 .text.ti_sysbios_knl_Task_startup__E
                0x00005df4        0x8 C:\Users\Sam\workspace_v6_1\Octanis1-Mainboard-Firmware_MSP_EXP432P401RLP\src\sysbios\sysbios.am4fg(knl_Task.o)
                0x00005df4                ti_sysbios_knl_Task_startup__E
 .text.ti_sysbios_knl_Task_enabled__E
                0x00005dfc       0x20 C:\Users\Sam\workspace_v6_1\Octanis1-Mainboard-Firmware_MSP_EXP432P401RLP\src\sysbios\sysbios.am4fg(knl_Task.o)
                0x00005dfc                ti_sysbios_knl_Task_enabled__E
 .text.ti_sysbios_knl_Task_disable__E
                0x00005e1c       0x14 C:\Users\Sam\workspace_v6_1\Octanis1-Mainboard-Firmware_MSP_EXP432P401RLP\src\sysbios\sysbios.am4fg(knl_Task.o)
                0x00005e1c                ti_sysbios_knl_Task_disable__E
 .text.ti_sysbios_knl_Task_restore__E
                0x00005e30       0x3c C:\Users\Sam\workspace_v6_1\Octanis1-Mainboard-Firmware_MSP_EXP432P401RLP\src\sysbios\sysbios.am4fg(knl_Task.o)
                0x00005e30                ti_sysbios_knl_Task_restore__E
 .text.ti_sysbios_knl_Task_restoreHwi__E
                0x00005e6c       0x24 C:\Users\Sam\workspace_v6_1\Octanis1-Mainboard-Firmware_MSP_EXP432P401RLP\src\sysbios\sysbios.am4fg(knl_Task.o)
                0x00005e6c                ti_sysbios_knl_Task_restoreHwi__E
 .text.ti_sysbios_knl_Task_self__E
                0x00005e90        0xc C:\Users\Sam\workspace_v6_1\Octanis1-Mainboard-Firmware_MSP_EXP432P401RLP\src\sysbios\sysbios.am4fg(knl_Task.o)
                0x00005e90                ti_sysbios_knl_Task_self__E
 .text.ti_sysbios_knl_Task_getHookContext__E
                0x00005e9c        0x8 C:\Users\Sam\workspace_v6_1\Octanis1-Mainboard-Firmware_MSP_EXP432P401RLP\src\sysbios\sysbios.am4fg(knl_Task.o)
                0x00005e9c                ti_sysbios_knl_Task_getHookContext__E
 .text.ti_sysbios_knl_Task_getPri__E
                0x00005ea4        0x4 C:\Users\Sam\workspace_v6_1\Octanis1-Mainboard-Firmware_MSP_EXP432P401RLP\src\sysbios\sysbios.am4fg(knl_Task.o)
                0x00005ea4                ti_sysbios_knl_Task_getPri__E
 .text.ti_sysbios_knl_Task_blockI__E
                0x00005ea8       0xb0 C:\Users\Sam\workspace_v6_1\Octanis1-Mainboard-Firmware_MSP_EXP432P401RLP\src\sysbios\sysbios.am4fg(knl_Task.o)
                0x00005ea8                ti_sysbios_knl_Task_blockI__E
 .text.ti_sysbios_knl_Task_exit__E
                0x00005f58      0x12c C:\Users\Sam\workspace_v6_1\Octanis1-Mainboard-Firmware_MSP_EXP432P401RLP\src\sysbios\sysbios.am4fg(knl_Task.o)
                0x00005f58                ti_sysbios_knl_Task_exit__E
 .text.ti_sysbios_knl_Task_unblockI__E
                0x00006084       0xc0 C:\Users\Sam\workspace_v6_1\Octanis1-Mainboard-Firmware_MSP_EXP432P401RLP\src\sysbios\sysbios.am4fg(knl_Task.o)
                0x00006084                ti_sysbios_knl_Task_unblockI__E
 .text.ti_sysbios_knl_Task_postInit__I.part.4
                0x00006144       0xec C:\Users\Sam\workspace_v6_1\Octanis1-Mainboard-Firmware_MSP_EXP432P401RLP\src\sysbios\sysbios.am4fg(knl_Task.o)
 .text.ti_sysbios_knl_Task_Module_startup__E
                0x00006230       0xb8 C:\Users\Sam\workspace_v6_1\Octanis1-Mainboard-Firmware_MSP_EXP432P401RLP\src\sysbios\sysbios.am4fg(knl_Task.o)
                0x00006230                ti_sysbios_knl_Task_Module_startup__E
 .text.ti_sysbios_hal_Hwi_Module_startup__E
                0x000062e8       0x10 C:\Users\Sam\workspace_v6_1\Octanis1-Mainboard-Firmware_MSP_EXP432P401RLP\src\sysbios\sysbios.am4fg(hal_Hwi.o)
                0x000062e8                ti_sysbios_hal_Hwi_Module_startup__E
 .text.ti_sysbios_hal_Hwi_getStackInfo__E
                0x000062f8        0x4 C:\Users\Sam\workspace_v6_1\Octanis1-Mainboard-Firmware_MSP_EXP432P401RLP\src\sysbios\sysbios.am4fg(hal_Hwi.o)
                0x000062f8                ti_sysbios_hal_Hwi_getStackInfo__E
 .text.ti_sysbios_hal_Hwi_switchFromBootStack__E
                0x000062fc        0x4 C:\Users\Sam\workspace_v6_1\Octanis1-Mainboard-Firmware_MSP_EXP432P401RLP\src\sysbios\sysbios.am4fg(hal_Hwi.o)
                0x000062fc                ti_sysbios_hal_Hwi_switchFromBootStack__E
 .text.ti_sysbios_hal_Hwi_initStack
                0x00006300       0x24 C:\Users\Sam\workspace_v6_1\Octanis1-Mainboard-Firmware_MSP_EXP432P401RLP\src\sysbios\sysbios.am4fg(hal_Hwi_stack.o)
                0x00006300                ti_sysbios_hal_Hwi_initStack
 .text.ti_sysbios_hal_Hwi_checkStack
                0x00006324       0x38 C:\Users\Sam\workspace_v6_1\Octanis1-Mainboard-Firmware_MSP_EXP432P401RLP\src\sysbios\sysbios.am4fg(hal_Hwi_stack.o)
                0x00006324                ti_sysbios_hal_Hwi_checkStack
 .text.ti_sysbios_hal_Hwi_startup__E
                0x0000635c        0x4 C:\Users\Sam\workspace_v6_1\Octanis1-Mainboard-Firmware_MSP_EXP432P401RLP\src\sysbios\sysbios.am4fg(hal_Hwi_startup.o)
                0x0000635c                ti_sysbios_hal_Hwi_startup__E
 .text.ti_sysbios_rts_gnu_ReentSupport_taskRegHook__I
                0x00006360        0xc C:\Users\Sam\workspace_v6_1\Octanis1-Mainboard-Firmware_MSP_EXP432P401RLP\src\sysbios\sysbios.am4fg(gnu_ReentSupport.o)
                0x00006360                ti_sysbios_rts_gnu_ReentSupport_taskRegHook(int0_t)
 .text.ti_sysbios_rts_gnu_ReentSupport_taskDeleteHook__I
                0x0000636c       0x30 C:\Users\Sam\workspace_v6_1\Octanis1-Mainboard-Firmware_MSP_EXP432P401RLP\src\sysbios\sysbios.am4fg(gnu_ReentSupport.o)
                0x0000636c                ti_sysbios_rts_gnu_ReentSupport_taskDeleteHook(int0_t)
 .text.ti_sysbios_rts_gnu_SemiHostSupport_startup__I
                0x0000639c        0x4 C:\Users\Sam\workspace_v6_1\Octanis1-Mainboard-Firmware_MSP_EXP432P401RLP\src\sysbios\sysbios.am4fg(gnu_SemiHostSupport.o)
                0x0000639c                ti_sysbios_rts_gnu_SemiHostSupport_startup(int0_t)
 .text.ti_sysbios_family_arm_msp432_init_Boot_configureClocksHigh
                0x000063a0       0x64 C:\Users\Sam\workspace_v6_1\Octanis1-Mainboard-Firmware_MSP_EXP432P401RLP\src\sysbios\sysbios.am4fg(init_Boot.o)
                0x000063a0                ti_sysbios_family_arm_msp432_init_Boot_configureClocksHigh
 .text.ti_sysbios_family_arm_msp432_init_Boot_disableWatchdog
                0x00006404       0x10 C:\Users\Sam\workspace_v6_1\Octanis1-Mainboard-Firmware_MSP_EXP432P401RLP\src\sysbios\sysbios.am4fg(init_Boot.o)
                0x00006404                ti_sysbios_family_arm_msp432_init_Boot_disableWatchdog
 .text.ti_sysbios_family_arm_m3_Hwi_Module_startup__E
                0x00006414      0x114 C:\Users\Sam\workspace_v6_1\Octanis1-Mainboard-Firmware_MSP_EXP432P401RLP\src\sysbios\sysbios.am4fg(m3_Hwi.o)
                0x00006414                ti_sysbios_family_arm_m3_Hwi_Module_startup__E
 .text.ti_sysbios_family_arm_m3_Hwi_Instance_init__E
                0x00006528      0x160 C:\Users\Sam\workspace_v6_1\Octanis1-Mainboard-Firmware_MSP_EXP432P401RLP\src\sysbios\sysbios.am4fg(m3_Hwi.o)
                0x00006528                ti_sysbios_family_arm_m3_Hwi_Instance_init__E
 .text.ti_sysbios_family_arm_m3_Hwi_Instance_finalize__E
                0x00006688       0x68 C:\Users\Sam\workspace_v6_1\Octanis1-Mainboard-Firmware_MSP_EXP432P401RLP\src\sysbios\sysbios.am4fg(m3_Hwi.o)
                0x00006688                ti_sysbios_family_arm_m3_Hwi_Instance_finalize__E
 .text.ti_sysbios_family_arm_m3_Hwi_initNVIC__E
                0x000066f0       0x94 C:\Users\Sam\workspace_v6_1\Octanis1-Mainboard-Firmware_MSP_EXP432P401RLP\src\sysbios\sysbios.am4fg(m3_Hwi.o)
                0x000066f0                ti_sysbios_family_arm_m3_Hwi_initNVIC__E
 .text.ti_sysbios_family_arm_m3_Hwi_startup__E
                0x00006784       0x10 C:\Users\Sam\workspace_v6_1\Octanis1-Mainboard-Firmware_MSP_EXP432P401RLP\src\sysbios\sysbios.am4fg(m3_Hwi.o)
                0x00006784                ti_sysbios_family_arm_m3_Hwi_startup__E